11-07 09:11:27.915 I/gle.android.gms(18965): AssetManager2(0xb400007426a2edb8) locale list changing from [] to [en-US]
11-07 09:11:27.918 W/FA-SVC  (18965): Failed to get uid, app: com.mhamada.telcb1german
11-07 09:11:27.922 I/resolv  (  463): GetAddrInfoHandler::run: {100 786532 100 983140 10144 0}
11-07 09:11:27.922 I/resolv  (  463): res_nmkquery: (QUERY, IN, AAAA)
11-07 09:11:27.922 I/resolv  (  463): resolv_cache_lookup: FOUND IN CACHE entry=0xb400007a63be5970
11-07 09:11:27.922 I/resolv  (  463): doQuery: rcode=0, ancount=2, return value=101
11-07 09:11:27.923 I/resolv  (  463): res_nmkquery: (QUERY, IN, A)
11-07 09:11:27.924 I/Icing   (18965): Usage reports ok 2, Failed Usage reports 0, indexed 0, rejected 0
11-07 09:11:27.926 I/.apps.wellbeing( 1531): AssetManager2(0xb400007426a18c98) locale list changing from [] to [en-US]
11-07 09:11:27.927 I/.apps.wellbeing( 1531): AssetManager2(0xb400007426a29318) locale list changing from [] to [en-US]
11-07 09:11:27.929 I/.apps.wellbeing( 1531): AssetManager2(0xb400007426a354d8) locale list changing from [] to [en-US]
11-07 09:11:27.929 I/.apps.wellbeing( 1531): AssetManager2(0xb400007426a118f8) locale list changing from [] to [en-US]
11-07 09:11:27.931 I/.apps.wellbeing( 1531): AssetManager2(0xb400007426a322d8) locale list changing from [] to [en-US]
11-07 09:11:27.932 I/.apps.wellbeing( 1531): AssetManager2(0xb400007426a14e18) locale list changing from [] to [en-US]
11-07 09:11:27.933 I/.apps.wellbeing( 1531): AssetManager2(0xb400007426a179d8) locale list changing from [] to [en-US]
11-07 09:11:27.934 D/TileServices(  935): Couldn't find tile for ComponentInfo{com.google.android.apps.wellbeing/com.google.android.apps.wellbeing.focusmode.quicksettings.FocusModeTileService}(0)
11-07 09:11:27.934 I/Icing   (18965): Usage reports ok 0, Failed Usage reports 0, indexed 0, rejected 0
11-07 09:11:27.935 I/.apps.wellbeing( 1531): AssetManager2(0xb400007426a2b898) locale list changing from [] to [en-US]
11-07 09:11:27.936 I/.apps.wellbeing( 1531): AssetManager2(0xb400007426a270b8) locale list changing from [] to [en-US]
11-07 09:11:27.937 I/.apps.wellbeing( 1531): AssetManager2(0xb400007426a31018) locale list changing from [] to [en-US]
11-07 09:11:27.939 I/.apps.wellbeing( 1531): AssetManager2(0xb400007426a257b8) locale list changing from [] to [en-US]
11-07 09:11:27.939 I/Icing   (18965): Indexing com.google.android.gms-apps from com.google.android.gms
11-07 09:11:27.940 I/.apps.wellbeing( 1531): AssetManager2(0xb400007426a389f8) locale list changing from [] to [en-US]
11-07 09:11:27.940 I/Icing   (18965): Indexing done com.google.android.gms-apps
11-07 09:11:27.941 I/.apps.wellbeing( 1531): AssetManager2(0xb400007426a37d78) locale list changing from [] to [en-US]
11-07 09:11:27.943 I/.apps.wellbeing( 1531): AssetManager2(0xb400007426a2edb8) locale list changing from [] to [en-US]
11-07 09:11:27.947 I/.apps.wellbeing( 1531): AssetManager2(0xb400007426a2fa38) locale list changing from [] to [en-US]
11-07 09:11:27.950 I/.apps.wellbeing( 1531): AssetManager2(0xb400007426a244f8) locale list changing from [] to [en-US]
11-07 09:11:27.954 I/.apps.wellbeing( 1531): AssetManager2(0xb400007426a2b258) locale list changing from [] to [en-US]
11-07 09:11:27.956 I/.apps.wellbeing( 1531): AssetManager2(0xb400007426a15138) locale list changing from [] to [en-US]
11-07 09:11:27.958 I/.apps.wellbeing( 1531): AssetManager2(0xb400007426a1c7f8) locale list changing from [] to [en-US]
11-07 09:11:27.959 I/.apps.wellbeing( 1531): AssetManager2(0xb400007426a2a5d8) locale list changing from [] to [en-US]
11-07 09:11:27.960 I/.apps.wellbeing( 1531): AssetManager2(0xb400007426a16d58) locale list changing from [] to [en-US]
11-07 09:11:27.961 I/resolv  (  463): res_nsend: used send_dg 77 terrno: 0
11-07 09:11:27.961 I/resolv  (  463): doQuery: rcode=0, ancount=2, return value=77
11-07 09:11:27.961 I/.apps.wellbeing( 1531): AssetManager2(0xb400007426a28698) locale list changing from [] to [en-US]
11-07 09:11:27.966 I/.apps.wellbeing( 1531): AssetManager2(0xb400007426a37418) locale list changing from [] to [en-US]
11-07 09:11:27.966 I/.apps.wellbeing( 1531): AssetManager2(0xb400007426a12ed8) locale list changing from [] to [en-US]
11-07 09:11:27.967 I/.apps.wellbeing( 1531): AssetManager2(0xb400007426a28378) locale list changing from [] to [en-US]
11-07 09:11:27.968 I/.apps.wellbeing( 1531): AssetManager2(0xb400007426a20cb8) locale list changing from [] to [en-US]
11-07 09:11:27.970 I/.apps.wellbeing( 1531): AssetManager2(0xb400007426a2e778) locale list changing from [] to [en-US]
11-07 09:11:27.970 I/.apps.wellbeing( 1531): AssetManager2(0xb400007426a13838) locale list changing from [] to [en-US]
11-07 09:11:27.971 I/.apps.wellbeing( 1531): AssetManager2(0xb400007426a20998) locale list changing from [] to [en-US]
11-07 09:11:27.972 I/.apps.wellbeing( 1531): AssetManager2(0xb400007426a34538) locale list changing from [] to [en-US]
11-07 09:11:27.974 I/.apps.wellbeing( 1531): AssetManager2(0xb400007426a2cb58) locale list changing from [] to [en-US]
11-07 09:11:27.975 I/.apps.wellbeing( 1531): AssetManager2(0xb400007426a19918) locale list changing from [] to [en-US]
11-07 09:11:27.977 I/.apps.wellbeing( 1531): AssetManager2(0xb400007426a23b98) locale list changing from [] to [en-US]
11-07 09:11:27.978 I/.apps.wellbeing( 1531): AssetManager2(0xb400007426a23238) locale list changing from [] to [en-US]
11-07 09:11:27.978 I/.apps.wellbeing( 1531): AssetManager2(0xb400007426a39cb8) locale list changing from [] to [en-US]
11-07 09:11:27.981 I/.apps.wellbeing( 1531): AssetManager2(0xb400007426a2b578) locale list changing from [] to [en-US]
11-07 09:11:27.982 I/.apps.wellbeing( 1531): AssetManager2(0xb400007426a2af38) locale list changing from [] to [en-US]
11-07 09:11:27.984 I/.apps.wellbeing( 1531): AssetManager2(0xb400007426a2d198) locale list changing from [] to [en-US]
11-07 09:11:27.991 I/.apps.wellbeing( 1531): AssetManager2(0xb400007426a19f58) locale list changing from [] to [en-US]
11-07 09:11:27.992 I/.apps.wellbeing( 1531): AssetManager2(0xb400007426a195f8) locale list changing from [] to [en-US]
11-07 09:11:27.994 I/.apps.wellbeing( 1531): AssetManager2(0xb400007426a32c38) locale list changing from [] to [en-US]
11-07 09:11:27.995 I/.apps.wellbeing( 1531): AssetManager2(0xb400007426a24e58) locale list changing from [] to [en-US]
11-07 09:11:27.997 I/.apps.wellbeing( 1531): AssetManager2(0xb400007426a289b8) locale list changing from [] to [en-US]
11-07 09:11:27.997 I/.apps.wellbeing( 1531): AssetManager2(0xb400007426a2c1f8) locale list changing from [] to [en-US]
11-07 09:11:28.000 I/.apps.wellbeing( 1531): AssetManager2(0xb400007426a39038) locale list changing from [] to [en-US]
11-07 09:11:28.002 I/.apps.wellbeing( 1531): AssetManager2(0xb400007426a351b8) locale list changing from [] to [en-US]
11-07 09:11:28.007 I/.apps.wellbeing( 1531): AssetManager2(0xb400007426a144b8) locale list changing from [] to [en-US]
11-07 09:11:28.009 I/.apps.wellbeing( 1531): AssetManager2(0xb400007426a36158) locale list changing from [] to [en-US]
11-07 09:11:28.009 I/.apps.wellbeing( 1531): AssetManager2(0xb400007426a18978) locale list changing from [] to [en-US]
11-07 09:11:28.010 I/.apps.wellbeing( 1531): AssetManager2(0xb400007426a3b8d8) locale list changing from [] to [en-US]
11-07 09:11:28.011 I/.apps.wellbeing( 1531): AssetManager2(0xb400007426a22298) locale list changing from [] to [en-US]
11-07 09:11:28.011 I/.apps.wellbeing( 1531): AssetManager2(0xb400007426a26758) locale list changing from [] to [en-US]
11-07 09:11:28.013 I/.apps.wellbeing( 1531): AssetManager2(0xb400007426a2de18) locale list changing from [] to [en-US]
11-07 09:11:28.014 I/NetworkScheduler( 1252): Error inserting flex_time=9000 job_id=-1 period=20000 source=16 requires_charging=0 preferred_network_type=1 target_class=com.google.android.gms.measurement.PackageMeasurementTaskService user_id=0 target_package=com.google.android.gms tag=Measurement.PackageMeasurementTaskService.UPLOAD_TASK_TAG task_type=0 required_idleness_state=0 service_kind=0 source_version=252635000 persistence_level=1 preferred_charging_state=1 required_network_type=0 runtime=1762503088013 retry_strategy={"maximum_backoff_seconds":{"3600":0},"initial_backoff_seconds":{"30":0},"retry_policy":{"0":0}} last_runtime=0 [CONTEXT service_id=218 ]
11-07 09:11:28.015 I/.apps.wellbeing( 1531): AssetManager2(0xb400007426a3af78) locale list changing from [] to [en-US]
11-07 09:11:28.017 I/.apps.wellbeing( 1531): AssetManager2(0xb400007426a1b538) locale list changing from [] to [en-US]
11-07 09:11:28.019 I/.apps.wellbeing( 1531): AssetManager2(0xb400007426a1c4d8) locale list changing from [] to [en-US]
11-07 09:11:28.020 I/.apps.wellbeing( 1531): AssetManager2(0xb400007426a34e98) locale list changing from [] to [en-US]
11-07 09:11:28.022 W/android.hardware.audio@7.1-impl.ranchu(  469): pcmWrite:259 pcm_writei failed with 'cannot read/write stream data: I/O error' (-1)
11-07 09:11:28.022 E/android.hardware.audio@7.1-impl.ranchu(  469): pcmWrite:260 failure: -1
11-07 09:11:28.023 I/.apps.wellbeing( 1531): AssetManager2(0xb400007426a1ce38) locale list changing from [] to [en-US]
11-07 09:11:28.025 I/.apps.wellbeing( 1531): AssetManager2(0xb400007426a37738) locale list changing from [] to [en-US]
11-07 09:11:28.027 I/.apps.wellbeing( 1531): AssetManager2(0xb400007426a39358) locale list changing from [] to [en-US]
11-07 09:11:28.028 I/.apps.wellbeing( 1531): AssetManager2(0xb400007426a325f8) locale list changing from [] to [en-US]
11-07 09:11:28.029 I/.apps.wellbeing( 1531): AssetManager2(0xb400007426a2a2b8) locale list changing from [] to [en-US]
11-07 09:11:28.031 I/.apps.wellbeing( 1531): AssetManager2(0xb400007426a176b8) locale list changing from [] to [en-US]
11-07 09:11:28.037 I/.apps.wellbeing( 1531): AssetManager2(0xb400007426a28058) locale list changing from [] to [en-US]
11-07 09:11:28.039 I/.apps.wellbeing( 1531): AssetManager2(0xb400007426a0f698) locale list changing from [] to [en-US]
11-07 09:11:28.040 I/.apps.wellbeing( 1531): AssetManager2(0xb400007426a24b38) locale list changing from [] to [en-US]
11-07 09:11:28.041 I/.apps.wellbeing( 1531): AssetManager2(0xb400007426a29958) locale list changing from [] to [en-US]
11-07 09:11:28.042 I/.apps.wellbeing( 1531): AssetManager2(0xb400007426a30398) locale list changing from [] to [en-US]
11-07 09:11:28.043 I/.apps.wellbeing( 1531): AssetManager2(0xb400007426a2d7d8) locale list changing from [] to [en-US]
11-07 09:11:28.044 I/.apps.wellbeing( 1531): AssetManager2(0xb400007426a1f3b8) locale list changing from [] to [en-US]
11-07 09:11:28.045 I/.apps.wellbeing( 1531): AssetManager2(0xb400007426a21618) locale list changing from [] to [en-US]
11-07 09:11:28.047 I/.apps.wellbeing( 1531): AssetManager2(0xb400007426a2fd58) locale list changing from [] to [en-US]
11-07 09:11:28.048 I/.apps.wellbeing( 1531): AssetManager2(0xb400007426a1e0f8) locale list changing from [] to [en-US]
11-07 09:11:28.050 I/.apps.wellbeing( 1531): AssetManager2(0xb400007426a118f8) locale list changing from [] to [en-US]
11-07 09:11:28.050 I/.apps.wellbeing( 1531): AssetManager2(0xb400007426a354d8) locale list changing from [] to [en-US]
11-07 09:11:28.054 I/.apps.wellbeing( 1531): AssetManager2(0xb400007426a29318) locale list changing from [] to [en-US]
11-07 09:11:28.055 I/.apps.wellbeing( 1531): AssetManager2(0xb400007426a241d8) locale list changing from [] to [en-US]
11-07 09:11:28.056 I/.apps.wellbeing( 1531): AssetManager2(0xb400007426a1a598) locale list changing from [] to [en-US]
11-07 09:11:28.057 I/.apps.wellbeing( 1531): AssetManager2(0xb400007426a1abd8) locale list changing from [] to [en-US]
11-07 09:11:28.057 I/.apps.wellbeing( 1531): AssetManager2(0xb400007426a2e138) locale list changing from [] to [en-US]
11-07 09:11:28.057 I/.apps.wellbeing( 1531): AssetManager2(0xb400007426a1f6d8) locale list changing from [] to [en-US]
11-07 09:11:28.059 I/.apps.wellbeing( 1531): AssetManager2(0xb400007426a34b78) locale list changing from [] to [en-US]
11-07 09:11:28.060 I/.apps.wellbeing( 1531): AssetManager2(0xb400007426a36798) locale list changing from [] to [en-US]
11-07 09:11:28.060 I/.apps.wellbeing( 1531): AssetManager2(0xb400007426a276f8) locale list changing from [] to [en-US]
11-07 09:11:28.061 I/.apps.wellbeing( 1531): AssetManager2(0xb400007426a38098) locale list changing from [] to [en-US]
11-07 09:11:28.062 I/.apps.wellbeing( 1531): AssetManager2(0xb400007426a39358) locale list changing from [] to [en-US]
11-07 09:11:28.063 I/.apps.wellbeing( 1531): AssetManager2(0xb400007426a1b218) locale list changing from [] to [en-US]
11-07 09:11:28.064 I/.apps.wellbeing( 1531): AssetManager2(0xb400007426a325f8) locale list changing from [] to [en-US]
11-07 09:11:28.065 I/.apps.wellbeing( 1531): AssetManager2(0xb400007426a34e98) locale list changing from [] to [en-US]
11-07 09:11:28.066 I/.apps.wellbeing( 1531): AssetManager2(0xb400007426a1c4d8) locale list changing from [] to [en-US]
11-07 09:11:28.067 I/.apps.wellbeing( 1531): AssetManager2(0xb400007426a1b538) locale list changing from [] to [en-US]
11-07 09:11:28.068 I/.apps.wellbeing( 1531): AssetManager2(0xb400007426a1ea58) locale list changing from [] to [en-US]
11-07 09:11:28.070 I/.apps.wellbeing( 1531): AssetManager2(0xb400007426a0f378) locale list changing from [] to [en-US]
11-07 09:11:28.071 I/.apps.wellbeing( 1531): AssetManager2(0xb400007426a3b8d8) locale list changing from [] to [en-US]
11-07 09:11:28.072 I/.apps.wellbeing( 1531): AssetManager2(0xb400007426a26a78) locale list changing from [] to [en-US]
11-07 09:11:28.074 I/.apps.wellbeing( 1531): AssetManager2(0xb400007426a12898) locale list changing from [] to [en-US]
11-07 09:11:28.074 I/.apps.wellbeing( 1531): AssetManager2(0xb400007426a18978) locale list changing from [] to [en-US]
11-07 09:11:28.077 I/.apps.wellbeing( 1531): AssetManager2(0xb400007426a351b8) locale list changing from [] to [en-US]
11-07 09:11:28.077 I/.apps.wellbeing( 1531): AssetManager2(0xb400007426a1d478) locale list changing from [] to [en-US]
11-07 09:11:28.079 I/.apps.wellbeing( 1531): AssetManager2(0xb400007426a289b8) locale list changing from [] to [en-US]
11-07 09:11:28.080 I/.apps.wellbeing( 1531): AssetManager2(0xb400007426a32c38) locale list changing from [] to [en-US]
11-07 09:11:28.082 I/.apps.wellbeing( 1531): AssetManager2(0xb400007426a195f8) locale list changing from [] to [en-US]
11-07 09:11:28.084 I/.apps.wellbeing( 1531): AssetManager2(0xb400007426a19f58) locale list changing from [] to [en-US]
11-07 09:11:28.085 V/WindowManagerShell(  935): Transition animation finished (aborted=false), notifying core (#242) android.os.BinderProxy@27a11b7@0
11-07 09:11:28.086 V/WindowManager(  690): Finish Transition (#242): created at 11-07 09:11:27.698 collect-started=0.035ms request-sent=0.093ms started=7.33ms ready=47.613ms sent=79.325ms commit=13.492ms finished=387.915ms
11-07 09:11:28.087 V/WindowManagerShell(  935): Track 0 became idle
11-07 09:11:28.087 V/WindowManagerShell(  935): All active transition animations finished
11-07 09:11:28.087 D/VRI[SpaActivity]( 1138): visibilityChanged oldVisibility=true newVisibility=false
11-07 09:11:28.089 I/.apps.wellbeing( 1531): AssetManager2(0xb400007426a2d198) locale list changing from [] to [en-US]
11-07 09:11:28.090 I/.apps.wellbeing( 1531): AssetManager2(0xb400007426a24e58) locale list changing from [] to [en-US]
11-07 09:11:28.091 I/.apps.wellbeing( 1531): AssetManager2(0xb400007426a2af38) locale list changing from [] to [en-US]
11-07 09:11:28.092 I/.apps.wellbeing( 1531): AssetManager2(0xb400007426a357f8) locale list changing from [] to [en-US]
11-07 09:11:28.093 I/.apps.wellbeing( 1531): AssetManager2(0xb400007426a2b578) locale list changing from [] to [en-US]
11-07 09:11:28.094 I/.apps.wellbeing( 1531): AssetManager2(0xb400007426a2bed8) locale list changing from [] to [en-US]
11-07 09:11:28.095 I/.apps.wellbeing( 1531): AssetManager2(0xb400007426a39cb8) locale list changing from [] to [en-US]
11-07 09:11:28.096 I/.apps.wellbeing( 1531): AssetManager2(0xb400007426a2c518) locale list changing from [] to [en-US]
11-07 09:11:28.096 I/.apps.wellbeing( 1531): AssetManager2(0xb400007426a30078) locale list changing from [] to [en-US]
11-07 09:11:28.097 I/.apps.wellbeing( 1531): AssetManager2(0xb400007426a23238) locale list changing from [] to [en-US]
11-07 09:11:28.097 I/.apps.wellbeing( 1531): AssetManager2(0xb400007426a19918) locale list changing from [] to [en-US]
11-07 09:11:28.099 I/.apps.wellbeing( 1531): AssetManager2(0xb400007426a2ea98) locale list changing from [] to [en-US]
11-07 09:11:28.099 I/.apps.wellbeing( 1531): AssetManager2(0xb400007426a14af8) locale list changing from [] to [en-US]
11-07 09:11:28.105 D/SpaLogMetricsProvider( 1138): PAGE_LEAVE page 0
11-07 09:11:28.105 I/.apps.wellbeing( 1531): AssetManager2(0xb400007426a34538) locale list changing from [] to [en-US]
11-07 09:11:28.109 W/WindowOnBackDispatcher( 1138): sendCancelIfRunning: isInProgress=false callback=android.app.Activity$$ExternalSyntheticLambda0@6d1c7db
11-07 09:11:28.109 D/CoreBackPreview(  690): Window{1049bd0 u0 com.android.settings/com.android.settings.spa.SpaActivity}: Setting back callback null
11-07 09:11:28.109 D/ViewRootImpl( 1138): Skipping stats log for color mode
11-07 09:11:28.111 D/RecentsView( 1073): onTaskRemoved: 125, not handling task stack changes
11-07 09:11:28.111 D/RecentsView( 1073): onTaskRemoved: 125, not handling task stack changes
11-07 09:11:28.111 D/BackgroundInstallControlService(  690): Package event received: 0
11-07 09:11:28.112 I/.apps.wellbeing( 1531): AssetManager2(0xb400007426a13838) locale list changing from [] to [en-US]
11-07 09:11:28.114 I/.apps.wellbeing( 1531): AssetManager2(0xb400007426a21c58) locale list changing from [] to [en-US]
11-07 09:11:28.115 I/.apps.wellbeing( 1531): AssetManager2(0xb400007426a20678) locale list changing from [] to [en-US]
11-07 09:11:28.117 I/.apps.wellbeing( 1531): AssetManager2(0xb400007426a1c1b8) locale list changing from [] to [en-US]
11-07 09:11:28.117 I/.apps.wellbeing( 1531): AssetManager2(0xb400007426a20cb8) locale list changing from [] to [en-US]
11-07 09:11:28.118 I/.apps.wellbeing( 1531): AssetManager2(0xb400007426a28378) locale list changing from [] to [en-US]
11-07 09:11:28.130 W/android.hardware.audio@7.1-impl.ranchu(  469): pcmWrite:259 pcm_writei failed with 'cannot read/write stream data: I/O error' (-1)
11-07 09:11:28.130 E/android.hardware.audio@7.1-impl.ranchu(  469): pcmWrite:260 failure: -1
11-07 09:11:28.178 I/fiis    ( 1670): (REDACTED) O received %s
11-07 09:11:28.183 D/ActivityManager(  690): sync unfroze 29803 com.google.android.googlequicksearchbox:search for 6
11-07 09:11:28.184 D/BackgroundInstallControlService(  690): Package event received: 0
11-07 09:11:28.184 D/BackgroundInstallControlService(  690): Package event received: 0
11-07 09:11:28.210 D/ActivityManager(  690): sync unfroze 11036 com.google.android.webview:sandboxed_process0:org.chromium.content.app.SandboxedProcessService0:0 for 6
11-07 09:11:28.219 I/earchbox:search(29803): AssetManager2(0xb400007426a0f9b8) locale list changing from [] to [en-US]
11-07 09:11:28.225 I/earchbox:search(29803): AssetManager2(0xb400007426a115d8) locale list changing from [] to [en-US]
11-07 09:11:28.228 I/earchbox:search(29803): AssetManager2(0xb400007426a1b858) locale list changing from [] to [en-US]
11-07 09:11:28.230 W/android.hardware.audio@7.1-impl.ranchu(  469): pcmWrite:259 pcm_writei failed with 'cannot read/write stream data: I/O error' (-1)
11-07 09:11:28.230 E/android.hardware.audio@7.1-impl.ranchu(  469): pcmWrite:260 failure: -1
11-07 09:11:28.237 I/dsdh    (29803): (REDACTED) soft deleting data for %s
11-07 09:11:28.238 I/alxi    (29803): refreshDeviceAppInfoForAccount done.
11-07 09:11:28.238 I/dscy    (29803): Scheduling deletion propagation for Geller data.
11-07 09:11:28.238 I/dscy    (29803): Performing deletion propagation for Geller data.
11-07 09:11:28.239 W/alxi    (29803): missing version info.
11-07 09:11:28.334 W/android.hardware.audio@7.1-impl.ranchu(  469): pcmWrite:259 pcm_writei failed with 'cannot read/write stream data: I/O error' (-1)
11-07 09:11:28.334 E/android.hardware.audio@7.1-impl.ranchu(  469): pcmWrite:260 failure: -1
11-07 09:11:28.438 W/android.hardware.audio@7.1-impl.ranchu(  469): pcmWrite:259 pcm_writei failed with 'cannot read/write stream data: I/O error' (-1)
11-07 09:11:28.438 E/android.hardware.audio@7.1-impl.ranchu(  469): pcmWrite:260 failure: -1
11-07 09:11:28.542 W/android.hardware.audio@7.1-impl.ranchu(  469): pcmWrite:259 pcm_writei failed with 'cannot read/write stream data: I/O error' (-1)
11-07 09:11:28.542 E/android.hardware.audio@7.1-impl.ranchu(  469): pcmWrite:260 failure: -1
11-07 09:11:28.648 W/android.hardware.audio@7.1-impl.ranchu(  469): pcmWrite:259 pcm_writei failed with 'cannot read/write stream data: I/O error' (-1)
11-07 09:11:28.648 E/android.hardware.audio@7.1-impl.ranchu(  469): pcmWrite:260 failure: -1
11-07 09:11:28.752 W/android.hardware.audio@7.1-impl.ranchu(  469): pcmWrite:259 pcm_writei failed with 'cannot read/write stream data: I/O error' (-1)
11-07 09:11:28.752 E/android.hardware.audio@7.1-impl.ranchu(  469): pcmWrite:260 failure: -1
11-07 09:11:28.854 W/android.hardware.audio@7.1-impl.ranchu(  469): pcmWrite:259 pcm_writei failed with 'cannot read/write stream data: I/O error' (-1)
11-07 09:11:28.855 E/android.hardware.audio@7.1-impl.ranchu(  469): pcmWrite:260 failure: -1
11-07 09:11:28.958 W/android.hardware.audio@7.1-impl.ranchu(  469): pcmWrite:259 pcm_writei failed with 'cannot read/write stream data: I/O error' (-1)
11-07 09:11:28.958 E/android.hardware.audio@7.1-impl.ranchu(  469): pcmWrite:260 failure: -1
11-07 09:11:29.066 W/android.hardware.audio@7.1-impl.ranchu(  469): pcmWrite:259 pcm_writei failed with 'cannot read/write stream data: I/O error' (-1)
11-07 09:11:29.066 E/android.hardware.audio@7.1-impl.ranchu(  469): pcmWrite:260 failure: -1
11-07 09:11:29.170 W/android.hardware.audio@7.1-impl.ranchu(  469): pcmWrite:259 pcm_writei failed with 'cannot read/write stream data: I/O error' (-1)
11-07 09:11:29.170 E/android.hardware.audio@7.1-impl.ranchu(  469): pcmWrite:260 failure: -1
11-07 09:11:29.274 W/android.hardware.audio@7.1-impl.ranchu(  469): pcmWrite:259 pcm_writei failed with 'cannot read/write stream data: I/O error' (-1)
11-07 09:11:29.274 E/android.hardware.audio@7.1-impl.ranchu(  469): pcmWrite:260 failure: -1
11-07 09:11:29.379 W/android.hardware.audio@7.1-impl.ranchu(  469): pcmWrite:259 pcm_writei failed with 'cannot read/write stream data: I/O error' (-1)
11-07 09:11:29.379 E/android.hardware.audio@7.1-impl.ranchu(  469): pcmWrite:260 failure: -1
11-07 09:11:29.482 W/android.hardware.audio@7.1-impl.ranchu(  469): pcmWrite:259 pcm_writei failed with 'cannot read/write stream data: I/O error' (-1)
11-07 09:11:29.482 E/android.hardware.audio@7.1-impl.ranchu(  469): pcmWrite:260 failure: -1
11-07 09:11:29.586 W/android.hardware.audio@7.1-impl.ranchu(  469): pcmWrite:259 pcm_writei failed with 'cannot read/write stream data: I/O error' (-1)
11-07 09:11:29.586 E/android.hardware.audio@7.1-impl.ranchu(  469): pcmWrite:260 failure: -1
11-07 09:11:29.690 W/android.hardware.audio@7.1-impl.ranchu(  469): pcmWrite:259 pcm_writei failed with 'cannot read/write stream data: I/O error' (-1)
11-07 09:11:29.690 E/android.hardware.audio@7.1-impl.ranchu(  469): pcmWrite:260 failure: -1
11-07 09:11:29.797 W/android.hardware.audio@7.1-impl.ranchu(  469): pcmWrite:259 pcm_writei failed with 'cannot read/write stream data: I/O error' (-1)
11-07 09:11:29.797 E/android.hardware.audio@7.1-impl.ranchu(  469): pcmWrite:260 failure: -1
11-07 09:11:29.898 W/android.hardware.audio@7.1-impl.ranchu(  469): pcmWrite:259 pcm_writei failed with 'cannot read/write stream data: I/O error' (-1)
11-07 09:11:29.898 E/android.hardware.audio@7.1-impl.ranchu(  469): pcmWrite:260 failure: -1
11-07 09:11:30.003 W/android.hardware.audio@7.1-impl.ranchu(  469): pcmWrite:259 pcm_writei failed with 'cannot read/write stream data: I/O error' (-1)
11-07 09:11:30.003 E/android.hardware.audio@7.1-impl.ranchu(  469): pcmWrite:260 failure: -1
11-07 09:11:30.106 W/android.hardware.audio@7.1-impl.ranchu(  469): pcmWrite:259 pcm_writei failed with 'cannot read/write stream data: I/O error' (-1)
11-07 09:11:30.106 E/android.hardware.audio@7.1-impl.ranchu(  469): pcmWrite:260 failure: -1
11-07 09:11:30.212 W/android.hardware.audio@7.1-impl.ranchu(  469): pcmWrite:259 pcm_writei failed with 'cannot read/write stream data: I/O error' (-1)
11-07 09:11:30.212 E/android.hardware.audio@7.1-impl.ranchu(  469): pcmWrite:260 failure: -1
11-07 09:11:30.316 W/android.hardware.audio@7.1-impl.ranchu(  469): pcmWrite:259 pcm_writei failed with 'cannot read/write stream data: I/O error' (-1)
11-07 09:11:30.316 E/android.hardware.audio@7.1-impl.ranchu(  469): pcmWrite:260 failure: -1
11-07 09:11:30.418 W/android.hardware.audio@7.1-impl.ranchu(  469): pcmWrite:259 pcm_writei failed with 'cannot read/write stream data: I/O error' (-1)
11-07 09:11:30.418 E/android.hardware.audio@7.1-impl.ranchu(  469): pcmWrite:260 failure: -1
11-07 09:11:30.522 W/android.hardware.audio@7.1-impl.ranchu(  469): pcmWrite:259 pcm_writei failed with 'cannot read/write stream data: I/O error' (-1)
11-07 09:11:30.522 E/android.hardware.audio@7.1-impl.ranchu(  469): pcmWrite:260 failure: -1
11-07 09:11:30.629 W/android.hardware.audio@7.1-impl.ranchu(  469): pcmWrite:259 pcm_writei failed with 'cannot read/write stream data: I/O error' (-1)
11-07 09:11:30.629 E/android.hardware.audio@7.1-impl.ranchu(  469): pcmWrite:260 failure: -1
11-07 09:11:30.635 D/android.hardware.audio@7.1-impl.ranchu(  469): threadLoop: entering standby, frames: 78642816
11-07 09:11:30.635 D/android.hardware.audio@7.1-impl.ranchu(  469): ~TinyalsaSink: joining consumeThread
11-07 09:11:30.733 W/android.hardware.audio@7.1-impl.ranchu(  469): pcmWrite:259 pcm_writei failed with 'cannot read/write stream data: I/O error' (-1)
11-07 09:11:30.733 E/android.hardware.audio@7.1-impl.ranchu(  469): pcmWrite:260 failure: -1
11-07 09:11:30.733 D/android.hardware.audio@7.1-impl.ranchu(  469): consumeThread: exiting
11-07 09:11:30.733 D/android.hardware.audio@7.1-impl.ranchu(  469): ~TinyalsaSink: stopping PCM stream
11-07 09:11:31.114 E/TaskPersister(  690): File error accessing recents directory (directory doesn't exist?).
11-07 09:11:31.842 W/NotificationService(  690): Toast already killed. pkg=com.google.android.packageinstaller token=android.os.BinderProxy@8b3d9de
11-07 09:11:32.848 D/InetDiagMessage(  690): Destroyed 0 sockets, proto=IPPROTO_TCP, family=AF_INET, states=14
11-07 09:11:32.848 D/InetDiagMessage(  690): Destroyed 0 sockets, proto=IPPROTO_TCP, family=AF_INET6, states=14
11-07 09:11:32.848 D/InetDiagMessage(  690): Destroyed live tcp sockets for uids={10153} in 1ms
11-07 09:11:32.849 D/InetDiagMessage(  690): Destroyed 0 sockets, proto=IPPROTO_TCP, family=AF_INET, states=14
11-07 09:11:32.849 D/InetDiagMessage(  690): Destroyed 0 sockets, proto=IPPROTO_TCP, family=AF_INET6, states=14
11-07 09:11:32.849 D/InetDiagMessage(  690): Destroyed live tcp sockets for uids={20153} in 1ms
11-07 09:11:33.183 I/IPCThreadState(29803): oneway function results for code 2 on binder at 0xb400007416a59a10 will be dropped but finished with status UNKNOWN_TRANSACTION
11-07 09:11:36.536 D/SatelliteController( 1062): iisInCarrierRoamingNbIotNtn: satellite is disabled
11-07 09:11:36.602 I/NearbyMediums( 1252): No BLE Fast/GATT advertisements found in the latest cycle.
11-07 09:11:37.524 I/bdee    ( 1670): (REDACTED) getHotwordActive::active query: %s, watch: %s, devices connected: %s
11-07 09:11:37.671 I/logd    ( 3125): start watching /data/system/packages.list ...
11-07 09:11:37.671 I/logd    ( 3125): ReadPackageList, total packages: 220
11-07 09:11:37.698 I/keystore2(  250): system/security/keystore2/watchdog/src/lib.rs:377 - Watchdog thread idle -> terminating. Have a great day.
11-07 09:11:37.749 D/ActivityManager(  690): freezing 3696 com.google.android.documentsui
11-07 09:11:37.751 D/InetDiagMessage(  690): Destroyed 0 sockets, proto=IPPROTO_TCP, family=AF_INET, states=14
11-07 09:11:37.751 D/InetDiagMessage(  690): Destroyed 0 sockets, proto=IPPROTO_TCP, family=AF_INET6, states=14
11-07 09:11:37.751 D/InetDiagMessage(  690): Destroyed live tcp sockets for uids={10100} in 1ms
11-07 09:11:37.757 D/ActivityManager(  690): freezing 3035 com.google.android.packageinstaller
11-07 09:11:37.759 D/InetDiagMessage(  690): Destroyed 0 sockets, proto=IPPROTO_TCP, family=AF_INET, states=14
11-07 09:11:37.759 D/InetDiagMessage(  690): Destroyed 0 sockets, proto=IPPROTO_TCP, family=AF_INET6, states=14
11-07 09:11:37.759 D/InetDiagMessage(  690): Destroyed live tcp sockets for uids={10103} in 1ms
11-07 09:11:37.814 W/FileUtils(  690): Failed to chmod(AtomicFile[/data/system_de/0/system/game-manager-service.xml]): android.system.ErrnoException: chmod failed: ENOENT (No such file or directory)
11-07 09:11:37.829 D/ActivityManager(  690): freezing 29654 com.android.chrome
11-07 09:11:37.830 D/InetDiagMessage(  690): Destroyed 0 sockets, proto=IPPROTO_TCP, family=AF_INET, states=14
11-07 09:11:37.831 D/InetDiagMessage(  690): Destroyed 0 sockets, proto=IPPROTO_TCP, family=AF_INET6, states=14
11-07 09:11:37.831 D/InetDiagMessage(  690): Destroyed live tcp sockets for uids={10153} in 1ms
11-07 09:11:37.857 D/ActivityManager(  690): freezing 2006 android.process.media
11-07 09:11:37.858 D/InetDiagMessage(  690): Destroyed 0 sockets, proto=IPPROTO_TCP, family=AF_INET, states=14
11-07 09:11:37.858 D/InetDiagMessage(  690): Destroyed 0 sockets, proto=IPPROTO_TCP, family=AF_INET6, states=14
11-07 09:11:37.858 D/InetDiagMessage(  690): Destroyed live tcp sockets for uids={10095} in 1ms
11-07 09:11:37.875 D/ActivityManager(  690): freezing 29772 com.google.android.permissioncontroller
11-07 09:11:37.876 D/InetDiagMessage(  690): Destroyed 0 sockets, proto=IPPROTO_TCP, family=AF_INET, states=14
11-07 09:11:37.876 D/InetDiagMessage(  690): Destroyed 0 sockets, proto=IPPROTO_TCP, family=AF_INET6, states=14
11-07 09:11:37.876 D/InetDiagMessage(  690): Destroyed live tcp sockets for uids={10192} in 0ms
11-07 09:11:38.245 D/ActivityManager(  690): freezing 29803 com.google.android.googlequicksearchbox:search
11-07 09:11:38.249 D/ActivityManager(  690): freezing 11036 com.google.android.webview:sandboxed_process0:org.chromium.content.app.SandboxedProcessService0:0
11-07 09:11:42.960 D/BoundBrokerSvc( 1252): onUnbind: Intent { act=com.google.android.gms.presencemanager.service.START dat=chimera-action:/... xflg=0x4 cmp=com.google.android.gms/.chimera.PersistentApiService }
11-07 09:11:42.963 D/BoundBrokerSvc( 1252): onUnbind: Intent { act=com.google.android.gms.presencemanager.service.INTERNAL_IDENTITY dat=chimera-action:/... xflg=0x4 cmp=com.google.android.gms/.chimera.PersistentApiService }
11-07 09:11:42.980 D/BoundBrokerSvc(18965): onUnbind: Intent { act=com.google.android.gms.feedback.internal.IFeedbackService dat=chimera-action:/... xflg=0x4 cmp=com.google.android.gms/.chimera.GmsBoundBrokerService }
11-07 09:11:43.005 I/netd    (  463): tetherGetStats() -> {[]} <1.70ms>
11-07 09:11:45.246 D/WifiConfigStore(  690): Writing to stores completed in 16 ms.
11-07 09:11:45.800 W/AppOps  (  690): Noting op not finished: uid 10144 pkg com.google.android.gms code 113 startTime of in progress event=1762501087345
11-07 09:11:45.809 W/AppOps  (  690): Noting op not finished: uid 10144 pkg com.google.android.gms code 79 startTime of in progress event=1762501087345
11-07 09:11:45.817 I/ActivityScheduler( 1252): nextTriggerTime: 161301095, in 238100ms, detectorType: 39, FULL_TYPE alarmWindowMillis: 80000
11-07 09:11:46.537 D/SatelliteController( 1062): iisInCarrierRoamingNbIotNtn: satellite is disabled
11-07 09:11:46.603 I/NearbyMediums( 1252): No BLE Fast/GATT advertisements found in the latest cycle.
11-07 09:11:46.803 W/AppOps  (  690): Noting op not finished: uid 10144 pkg com.google.android.gms code 113 startTime of in progress event=1762501087345
11-07 09:11:50.690 I/abb     (30017): StartCommandInProcess(73657474696e67730067657400676c6f settings.get.glo [truncated])
11-07 09:11:50.687 W/binder:690_E(  690): type=1400 audit(0.0:1780): avc:  denied  { getopt } for  scontext=u:r:system_server:s0 tcontext=u:r:shell:s0 tclass=unix_stream_socket permissive=0
11-07 09:11:50.687 W/binder:690_E(  690): type=1400 audit(0.0:1781): avc:  denied  { getopt } for  scontext=u:r:system_server:s0 tcontext=u:r:shell:s0 tclass=unix_stream_socket permissive=0
11-07 09:11:50.687 W/binder:690_E(  690): type=1400 audit(0.0:1782): avc:  denied  { getopt } for  scontext=u:r:system_server:s0 tcontext=u:r:shell:s0 tclass=unix_stream_socket permissive=0
11-07 09:11:50.693 I/abb     (30017): StartCommandInProcess(7061636b61676500696e7374616c6c00 package.install. [truncated])
11-07 09:11:50.791 W/binder:690_E(  690): type=1400 audit(0.0:1783): avc:  denied  { getopt } for  scontext=u:r:system_server:s0 tcontext=u:r:shell:s0 tclass=unix_stream_socket permissive=0
11-07 09:11:50.795 E/SystemServiceRegistry(  690): No service published for: persistent_data_block
11-07 09:11:50.795 E/SystemServiceRegistry(  690): android.os.ServiceManager$ServiceNotFoundException: No service published for: persistent_data_block
11-07 09:11:50.795 E/SystemServiceRegistry(  690): 	at android.os.ServiceManager.getServiceOrThrow(ServiceManager.java:203)
11-07 09:11:50.795 E/SystemServiceRegistry(  690): 	at android.app.SystemServiceRegistry$82.createService(SystemServiceRegistry.java:1110)
11-07 09:11:50.795 E/SystemServiceRegistry(  690): 	at android.app.SystemServiceRegistry$82.createService(SystemServiceRegistry.java:1107)
11-07 09:11:50.795 E/SystemServiceRegistry(  690): 	at android.app.SystemServiceRegistry$StaticServiceFetcher.getService(SystemServiceRegistry.java:2405)
11-07 09:11:50.795 E/SystemServiceRegistry(  690): 	at android.app.SystemServiceRegistry.getSystemService(SystemServiceRegistry.java:1918)
11-07 09:11:50.795 E/SystemServiceRegistry(  690): 	at android.app.ContextImpl.getSystemService(ContextImpl.java:2315)
11-07 09:11:50.795 E/SystemServiceRegistry(  690): 	at android.content.Context.getSystemService(Context.java:4630)
11-07 09:11:50.795 E/SystemServiceRegistry(  690): 	at com.android.server.pm.PackageInstallerSession.markAsSealed(PackageInstallerSession.java:2449)
11-07 09:11:50.795 E/SystemServiceRegistry(  690): 	at com.android.server.pm.PackageInstallerSession.commit(PackageInstallerSession.java:2198)
11-07 09:11:50.795 E/SystemServiceRegistry(  690): 	at android.content.pm.PackageInstaller$Session.commit(PackageInstaller.java:1988)
11-07 09:11:50.795 E/SystemServiceRegistry(  690): 	at com.android.server.pm.PackageManagerShellCommand.doCommitSession(PackageManagerShellCommand.java:4316)
11-07 09:11:50.795 E/SystemServiceRegistry(  690): 	at com.android.server.pm.PackageManagerShellCommand.doRunInstall(PackageManagerShellCommand.java:1641)
11-07 09:11:50.795 E/SystemServiceRegistry(  690): 	at com.android.server.pm.PackageManagerShellCommand.runInstall(PackageManagerShellCommand.java:1562)
11-07 09:11:50.795 E/SystemServiceRegistry(  690): 	at com.android.server.pm.PackageManagerShellCommand.onCommand(PackageManagerShellCommand.java:246)
11-07 09:11:50.795 E/SystemServiceRegistry(  690): 	at com.android.modules.utils.BasicShellCommandHandler.exec(BasicShellCommandHandler.java:97)
11-07 09:11:50.795 E/SystemServiceRegistry(  690): 	at android.os.ShellCommand.exec(ShellCommand.java:38)
11-07 09:11:50.795 E/SystemServiceRegistry(  690): 	at com.android.server.pm.PackageManagerService$IPackageManagerImpl.onShellCommand(PackageManagerService.java:6684)
11-07 09:11:50.795 E/SystemServiceRegistry(  690): 	at android.os.Binder.shellCommand(Binder.java:1151)
11-07 09:11:50.795 E/SystemServiceRegistry(  690): 	at android.os.Binder.onTransact(Binder.java:953)
11-07 09:11:50.795 E/SystemServiceRegistry(  690): 	at android.content.pm.IPackageManager$Stub.onTransact(IPackageManager.java:4729)
11-07 09:11:50.795 E/SystemServiceRegistry(  690): 	at com.android.server.pm.PackageManagerService$IPackageManagerImpl.onTransact(PackageManagerService.java:6668)
11-07 09:11:50.795 E/SystemServiceRegistry(  690): 	at android.os.Binder.execTransactInternal(Binder.java:1426)
11-07 09:11:50.795 E/SystemServiceRegistry(  690): 	at android.os.Binder.execTransact(Binder.java:1365)
11-07 09:11:50.795 E/SystemServiceRegistry(  690): Manager wrapper not available: persistent_data_block
11-07 09:11:50.824 D/FileSystemUtils(  690): Total number of LOAD segments 3
11-07 09:11:50.824 D/FileSystemUtils(  690): Size before punching holes st_blocks: 139240, st_blksize: 4096, st_size: 71283722
11-07 09:11:50.824 D/FileSystemUtils(  690): Size after punching holes st_blocks: 139240, st_blksize: 4096, st_size: 71283722
11-07 09:11:50.824 D/FileSystemUtils(  690): Extra field length: 3160,  Size before punching holes st_blocks: 139240, st_blksize: 4096, st_size: 71283722
11-07 09:11:50.824 D/FileSystemUtils(  690): Skipping punching apk as extra field length is less than block size
11-07 09:11:50.824 W/NativeLibraryHelper(  690): Failed to punch apk : /data/app/vmdl1741944091.tmp/base.apk at extra field
11-07 09:11:50.824 D/FileSystemUtils(  690): Total number of LOAD segments 3
11-07 09:11:50.824 D/FileSystemUtils(  690): Size before punching holes st_blocks: 139240, st_blksize: 4096, st_size: 71283722
11-07 09:11:50.824 D/FileSystemUtils(  690): Size after punching holes st_blocks: 139240, st_blksize: 4096, st_size: 71283722
11-07 09:11:50.824 D/FileSystemUtils(  690): Extra field length: 1358,  Size before punching holes st_blocks: 139240, st_blksize: 4096, st_size: 71283722
11-07 09:11:50.824 D/FileSystemUtils(  690): Skipping punching apk as extra field length is less than block size
11-07 09:11:50.824 W/NativeLibraryHelper(  690): Failed to punch apk : /data/app/vmdl1741944091.tmp/base.apk at extra field
11-07 09:11:50.824 D/FileSystemUtils(  690): Total number of LOAD segments 3
11-07 09:11:50.824 D/FileSystemUtils(  690): Size before punching holes st_blocks: 139240, st_blksize: 4096, st_size: 71283722
11-07 09:11:50.824 D/FileSystemUtils(  690): Size after punching holes st_blocks: 139240, st_blksize: 4096, st_size: 71283722
11-07 09:11:50.824 D/FileSystemUtils(  690): Extra field length: 10848,  Size before punching holes st_blocks: 139240, st_blksize: 4096, st_size: 71283722
11-07 09:11:50.824 D/FileSystemUtils(  690): Extra field length: 10848 content near offset: 0000000000000000000000000000000000000000000000000000000000000000000000000000000000000000000000000000000000000000000000000000000000000000000000000000000000000000000000000000000000000000000000000000000000000000000000000000000000000000000000000000000000000000000000000000000000000000000000000000000000000000000000000000000000000000000000000000000000000000000000000000000000000000000000000000000000000000000000000000000000000000000000000000000000000000000000000000000000000000000000000000000000000000000000000000000000000000000000000000000000000000000000000000000000000000000000000000000000000000000000000000000000000000000000000000000000000000000000000000000000000000000000000000000000000000000000000000000000000000000000000000000000000000000000000000000000000000000000000000000000000000000000000000000000000000000000000000000000000000000000000000000000000000000000000000000000000000000000000000000000000000000000000000000000000000000000000000000000000000000000000000000000000000
11-07 09:11:50.824 D/FileSystemUtils(  690): Punching hole in file - start: 13230080 len:8192
11-07 09:11:50.825 D/FileSystemUtils(  690): punchHolesInApk:: Size after punching holes st_blocks: 139224, st_blksize: 4096, st_size: 71283722
11-07 09:11:50.825 D/FileSystemUtils(  690): Total number of LOAD segments 3
11-07 09:11:50.825 D/FileSystemUtils(  690): Size before punching holes st_blocks: 139224, st_blksize: 4096, st_size: 71283722
11-07 09:11:50.825 D/FileSystemUtils(  690): Size after punching holes st_blocks: 139224, st_blksize: 4096, st_size: 71283722
11-07 09:11:50.825 D/FileSystemUtils(  690): Extra field length: 10449,  Size before punching holes st_blocks: 139224, st_blksize: 4096, st_size: 71283722
11-07 09:11:50.825 D/FileSystemUtils(  690): Extra field length: 10449 content near offset: 0000000000000000000000000000000000000000000000000000000000000000000000000000000000000000000000000000000000000000000000000000000000000000000000000000000000000000000000000000000000000000000000000000000000000000000000000000000000000000000000000000000000000000000000000000000000000000000000000000000000000000000000000000000000000000000000000000000000000000000000000000000000000000000000000000000000000000000000000000000000000000000000000000000000000000000000000000000000000000000000000000000000000000000000000000000000000000000000000000000000000000000000000000000000000000000000000000000000000000000000000000000000000000000000000000000000000000000000000000000000000000000000000000000000000000000000000000000000000000000000000000000000000000000000000000000000000000000000000000000000000000000000000000000000000000000000000000000000000000000000000000000000000000000000000000000000000000000000000000000000000000000000000000000000000000000000000000000000000000000000000000000000000000
11-07 09:11:50.825 D/FileSystemUtils(  690): Punching hole in file - start: 15867904 len:8192
11-07 09:11:50.825 D/FileSystemUtils(  690): punchHolesInApk:: Size after punching holes st_blocks: 139208, st_blksize: 4096, st_size: 71283722
11-07 09:11:50.825 D/FileSystemUtils(  690): Total number of LOAD segments 3
11-07 09:11:50.825 D/FileSystemUtils(  690): Size before punching holes st_blocks: 139208, st_blksize: 4096, st_size: 71283722
11-07 09:11:50.825 D/FileSystemUtils(  690): Size after punching holes st_blocks: 139208, st_blksize: 4096, st_size: 71283722
11-07 09:11:50.825 D/FileSystemUtils(  690): Extra field length: 13680,  Size before punching holes st_blocks: 139208, st_blksize: 4096, st_size: 71283722
11-07 09:11:50.825 D/FileSystemUtils(  690): Extra field length: 13680 content near offset: 0000000000000000000000000000000000000000000000000000000000000000000000000000000000000000000000000000000000000000000000000000000000000000000000000000000000000000000000000000000000000000000000000000000000000000000000000000000000000000000000000000000000000000000000000000000000000000000000000000000000000000000000000000000000000000000000000000000000000000000000000000000000000000000000000000000000000000000000000000000000000000000000000000000000000000000000000000000000000000000000000000000000000000000000000000000000000000000000000000000000000000000000000000000000000000000000000000000000000000000000000000000000000000000000000000000000000000000000000000000000000000000000000000000000000000000000000000000000000000000000000000000000000000000000000000000000000000000000000000000000000000000000000000000000000000000000000000000000000000000000000000000000000000000000000000000000000000000000000000000000000000000000000000000000000000000000000000000000000000000000000000000000000000
11-07 09:11:50.825 D/FileSystemUtils(  690): Punching hole in file - start: 18583552 len:12288
11-07 09:11:50.826 D/FileSystemUtils(  690): punchHolesInApk:: Size after punching holes st_blocks: 139192, st_blksize: 4096, st_size: 71283722
11-07 09:11:50.826 D/FileSystemUtils(  690): Total number of LOAD segments 3
11-07 09:11:50.826 D/FileSystemUtils(  690): Size before punching holes st_blocks: 139192, st_blksize: 4096, st_size: 71283722
11-07 09:11:50.826 D/FileSystemUtils(  690): Size after punching holes st_blocks: 139192, st_blksize: 4096, st_size: 71283722
11-07 09:11:50.826 D/FileSystemUtils(  690): Extra field length: 13861,  Size before punching holes st_blocks: 139192, st_blksize: 4096, st_size: 71283722
11-07 09:11:50.826 D/FileSystemUtils(  690): Extra field length: 13861 content near offset: 0000000000000000000000000000000000000000000000000000000000000000000000000000000000000000000000000000000000000000000000000000000000000000000000000000000000000000000000000000000000000000000000000000000000000000000000000000000000000000000000000000000000000000000000000000000000000000000000000000000000000000000000000000000000000000000000000000000000000000000000000000000000000000000000000000000000000000000000000000000000000000000000000000000000000000000000000000000000000000000000000000000000000000000000000000000000000000000000000000000000000000000000000000000000000000000000000000000000000000000000000000000000000000000000000000000000000000000000000000000000000000000000000000000000000000000000000000000000000000000000000000000000000000000000000000000000000000000000000000000000000000000000000000000000000000000000000000000000000000000000000000000000000000000000000000000000000000000000000000000000000000000000000000000000000000000000000000000000000000000000000000000000000000
11-07 09:11:50.826 D/FileSystemUtils(  690): Punching hole in file - start: 26267648 len:12288
11-07 09:11:50.826 D/FileSystemUtils(  690): punchHolesInApk:: Size after punching holes st_blocks: 139168, st_blksize: 4096, st_size: 71283722
11-07 09:11:50.826 D/FileSystemUtils(  690): Total number of LOAD segments 3
11-07 09:11:50.826 D/FileSystemUtils(  690): Size before punching holes st_blocks: 139168, st_blksize: 4096, st_size: 71283722
11-07 09:11:50.826 D/FileSystemUtils(  690): Size after punching holes st_blocks: 139168, st_blksize: 4096, st_size: 71283722
11-07 09:11:50.826 D/FileSystemUtils(  690): Extra field length: 3547,  Size before punching holes st_blocks: 139168, st_blksize: 4096, st_size: 71283722
11-07 09:11:50.826 D/FileSystemUtils(  690): Skipping punching apk as extra field length is less than block size
11-07 09:11:50.826 W/NativeLibraryHelper(  690): Failed to punch apk : /data/app/vmdl1741944091.tmp/base.apk at extra field
11-07 09:11:50.826 D/FileSystemUtils(  690): Total number of LOAD segments 3
11-07 09:11:50.826 D/FileSystemUtils(  690): Size before punching holes st_blocks: 139168, st_blksize: 4096, st_size: 71283722
11-07 09:11:50.826 D/FileSystemUtils(  690): Size after punching holes st_blocks: 139168, st_blksize: 4096, st_size: 71283722
11-07 09:11:50.826 D/FileSystemUtils(  690): Extra field length: 9217,  Size before punching holes st_blocks: 139168, st_blksize: 4096, st_size: 71283722
11-07 09:11:50.826 D/FileSystemUtils(  690): Extra field length: 9217 content near offset: 00000000000000000000000000000000000000000000000000000000000000000000000000000000000000000000000000000000000000000000000000000000000000000000000000000000000000000000000000000000000000000000000000000000000000000000000000000000000000000000000000000000000000000000000000000000000000000000000000000000000000000000000000000000000000000000000000000000000000000000000000000000000000000000000000000000000000000000000000000000000000000000000000000000000000000000000000000000000000000000000000000000000000000000000000000000000000000000000000000000000000000000000000000000000000000000000000000000000000000000000000000000000000000000000000000000000000000000000000000000000000000000000000000000000000000000000000000000000000000000000000000000000000000000000000000000000000000000000000000000000000000000000000000000000000000000000000000000000000000000000000000000000000000000000000000000000000000000000000000000000000000000000000000000000000000000000000000000000000000000000000000000000000000
11-07 09:11:50.826 D/FileSystemUtils(  690): Punching hole in file - start: 15638528 len:8192
11-07 09:11:50.827 D/FileSystemUtils(  690): punchHolesInApk:: Size after punching holes st_blocks: 139152, st_blksize: 4096, st_size: 71283722
11-07 09:11:50.827 D/FileSystemUtils(  690): Total number of LOAD segments 3
11-07 09:11:50.827 D/FileSystemUtils(  690): Size before punching holes st_blocks: 139152, st_blksize: 4096, st_size: 71283722
11-07 09:11:50.827 D/FileSystemUtils(  690): Size after punching holes st_blocks: 139152, st_blksize: 4096, st_size: 71283722
11-07 09:11:50.827 D/FileSystemUtils(  690): Extra field length: 4375,  Size before punching holes st_blocks: 139152, st_blksize: 4096, st_size: 71283722
11-07 09:11:50.827 D/FileSystemUtils(  690): Extra field length: 4375 content near offset: 00000000000000000000000000000000000000000000000000000000000000000000000000000000000000000000000000000000000000000000000000000000000000000000000000000000000000000000000000000000000000000000000000000000000000000000000000000000000000000000000000000000000000000000000000000000000000000000000000000000000000000000000000000000000000000000000000000000000000000000000000000000000000000000000000000000000000000000000000000000000000000000000000000000000000000000000000000000000000000000000000000000000000000000000000000000000000000000000000000000000000000000000000000000000000000000000000000000000000000000000000000000000000000000000000000000000000000000000000000000000000000000000000000000000000000000000000000000000000000000000000000000000000000000000000000000000000000000000000000000000000000000000000000000000000000000000000000000000000000000000000000000000000000000000000000000000000000000000000000000000000000000000000000000000000000000000000000000000000000000000000000000000000000
11-07 09:11:50.827 D/FileSystemUtils(  690): Punching hole in file - start: 19214336 len:4096
11-07 09:11:50.827 D/FileSystemUtils(  690): punchHolesInApk:: Size after punching holes st_blocks: 139144, st_blksize: 4096, st_size: 71283722
11-07 09:11:50.827 D/FileSystemUtils(  690): Total number of LOAD segments 3
11-07 09:11:50.827 D/FileSystemUtils(  690): Size before punching holes st_blocks: 139144, st_blksize: 4096, st_size: 71283722
11-07 09:11:50.827 D/FileSystemUtils(  690): Size after punching holes st_blocks: 139144, st_blksize: 4096, st_size: 71283722
11-07 09:11:50.827 D/FileSystemUtils(  690): Extra field length: 15097,  Size before punching holes st_blocks: 139144, st_blksize: 4096, st_size: 71283722
