11-07 09:11:54.216 W/Bundle  (30640): 	at com.google.android.gms.measurement.internal.zzal.zzt(com.google.android.gms:play-services-measurement-impl@@23.0.0:2)
11-07 09:11:54.216 W/Bundle  (30640): 	at com.google.android.gms.measurement.internal.zzic.zzC(com.google.android.gms:play-services-measurement-impl@@23.0.0:3)
11-07 09:11:54.216 W/Bundle  (30640): 	at com.google.android.gms.measurement.internal.zzic.zzB(com.google.android.gms:play-services-measurement-impl@@23.0.0:1)
11-07 09:11:54.216 W/Bundle  (30640): 	at com.google.android.gms.measurement.internal.zzoc.zzk(com.google.android.gms:play-services-measurement-impl@@23.0.0:18)
11-07 09:11:54.216 W/Bundle  (30640): 	at com.google.android.gms.measurement.internal.zznu.run(com.google.android.gms:play-services-measurement-impl@@23.0.0:1)
11-07 09:11:54.216 W/Bundle  (30640): 	at java.util.concurrent.Executors$RunnableAdapter.call(Executors.java:524)
11-07 09:11:54.216 W/Bundle  (30640): 	at java.util.concurrent.FutureTask.run(FutureTask.java:317)
11-07 09:11:54.216 W/Bundle  (30640): 	at com.google.android.gms.measurement.internal.zzhy.run(com.google.android.gms:play-services-measurement-impl@@23.0.0:6)
11-07 09:11:54.216 W/Bundle  (30640): Key firebase_analytics_collection_deactivated expected Boolean but value was a java.lang.String.  The default value false was returned.
11-07 09:11:54.216 W/Bundle  (30640): Attempt to cast generated internal exception:
11-07 09:11:54.216 W/Bundle  (30640): java.lang.ClassCastException: java.lang.String cannot be cast to java.lang.Boolean
11-07 09:11:54.216 W/Bundle  (30640): 	at android.os.BaseBundle.getBoolean(BaseBundle.java:1190)
11-07 09:11:54.216 W/Bundle  (30640): 	at android.os.BaseBundle.getBoolean(BaseBundle.java:1143)
11-07 09:11:54.216 W/Bundle  (30640): 	at com.google.android.gms.measurement.internal.zzal.zzr(com.google.android.gms:play-services-measurement-impl@@23.0.0:6)
11-07 09:11:54.216 W/Bundle  (30640): 	at com.google.android.gms.measurement.internal.zzal.zzt(com.google.android.gms:play-services-measurement-impl@@23.0.0:2)
11-07 09:11:54.216 W/Bundle  (30640): 	at com.google.android.gms.measurement.internal.zzic.zzC(com.google.android.gms:play-services-measurement-impl@@23.0.0:3)
11-07 09:11:54.216 W/Bundle  (30640): 	at com.google.android.gms.measurement.internal.zzic.zzB(com.google.android.gms:play-services-measurement-impl@@23.0.0:1)
11-07 09:11:54.216 W/Bundle  (30640): 	at com.google.android.gms.measurement.internal.zzlj.zzH(com.google.android.gms:play-services-measurement-impl@@23.0.0:5)
11-07 09:11:54.216 W/Bundle  (30640): 	at com.google.android.gms.measurement.internal.zzlj.zzG(com.google.android.gms:play-services-measurement-impl@@23.0.0:3)
11-07 09:11:54.216 W/Bundle  (30640): 	at com.google.android.gms.measurement.internal.zzmb.zzz(com.google.android.gms:play-services-measurement-impl@@23.0.0:21)
11-07 09:11:54.216 W/Bundle  (30640): 	at com.google.android.gms.measurement.internal.zzmb.zzu(Unknown Source:6)
11-07 09:11:54.216 W/Bundle  (30640): 	at com.google.android.gms.measurement.internal.zzlw.run(com.google.android.gms:play-services-measurement-impl@@23.0.0:1)
11-07 09:11:54.216 W/Bundle  (30640): 	at java.util.concurrent.Executors$RunnableAdapter.call(Executors.java:524)
11-07 09:11:54.216 W/Bundle  (30640): 	at java.util.concurrent.FutureTask.run(FutureTask.java:317)
11-07 09:11:54.216 W/Bundle  (30640): 	at com.google.android.gms.measurement.internal.zzhy.run(com.google.android.gms:play-services-measurement-impl@@23.0.0:6)
11-07 09:11:54.216 D/InstallReferrerState(30640): FEATURE_NOT_SUPPORTED
11-07 09:11:54.216 W/unknown:BridgelessReact(30640): ReactContext.onHostResume()
11-07 09:11:54.216 W/unknown:BridgelessReact(30640): ReactHost{0}.getOrCreateReactInstanceTask(): Executing ReactInstanceEventListeners
11-07 09:11:54.219 D/CoreBackPreview(  690): Window{fcff2e1 u0 com.mhamada.telcb1german/com.mhamada.telcb1german.MainActivity}: Setting back callback OnBackInvokedCallbackInfo{mCallback=android.window.IOnBackInvokedCallback$Stub$Proxy@907be92, mPriority=-1, mIsAnimationCallback=false, mOverrideBehavior=0}
11-07 09:11:54.219 D/CoreBackPreview(  690): Window{fcff2e1 u0 com.mhamada.telcb1german/com.mhamada.telcb1german.MainActivity}: Setting back callback OnBackInvokedCallbackInfo{mCallback=android.window.IOnBackInvokedCallback$Stub$Proxy@b48d063, mPriority=0, mIsAnimationCallback=true, mOverrideBehavior=0}
11-07 09:11:54.219 W/unknown:ViewManagerPropertyUpdater(30640): Could not find generated setter for class com.facebook.react.uimanager.RootViewManager
11-07 09:11:54.220 W/Bundle  (30640): Key firebase_analytics_collection_deactivated expected Boolean but value was a java.lang.String.  The default value false was returned.
11-07 09:11:54.220 W/Bundle  (30640): Attempt to cast generated internal exception:
11-07 09:11:54.220 W/Bundle  (30640): java.lang.ClassCastException: java.lang.String cannot be cast to java.lang.Boolean
11-07 09:11:54.220 W/Bundle  (30640): 	at android.os.BaseBundle.getBoolean(BaseBundle.java:1190)
11-07 09:11:54.220 W/Bundle  (30640): 	at android.os.BaseBundle.getBoolean(BaseBundle.java:1143)
11-07 09:11:54.220 W/Bundle  (30640): 	at com.google.android.gms.measurement.internal.zzal.zzr(com.google.android.gms:play-services-measurement-impl@@23.0.0:6)
11-07 09:11:54.220 W/Bundle  (30640): 	at com.google.android.gms.measurement.internal.zzal.zzt(com.google.android.gms:play-services-measurement-impl@@23.0.0:2)
11-07 09:11:54.220 W/Bundle  (30640): 	at com.google.android.gms.measurement.internal.zzic.zzC(com.google.android.gms:play-services-measurement-impl@@23.0.0:3)
11-07 09:11:54.220 W/Bundle  (30640): 	at com.google.android.gms.measurement.internal.zzic.zzB(com.google.android.gms:play-services-measurement-impl@@23.0.0:1)
11-07 09:11:54.220 W/Bundle  (30640): 	at com.google.android.gms.measurement.internal.zzgi.zzh(com.google.android.gms:play-services-measurement-impl@@23.0.0:33)
11-07 09:11:54.220 W/Bundle  (30640): 	at com.google.android.gms.measurement.internal.zznl.zzah(com.google.android.gms:play-services-measurement-impl@@23.0.0:9)
11-07 09:11:54.220 W/Bundle  (30640): 	at com.google.android.gms.measurement.internal.zznl.zzn(com.google.android.gms:play-services-measurement-impl@@23.0.0:7)
11-07 09:11:54.220 W/Bundle  (30640): 	at com.google.android.gms.measurement.internal.zzlj.zzH(com.google.android.gms:play-services-measurement-impl@@23.0.0:143)
11-07 09:11:54.220 W/Bundle  (30640): 	at com.google.android.gms.measurement.internal.zzlj.zzG(com.google.android.gms:play-services-measurement-impl@@23.0.0:3)
11-07 09:11:54.220 W/Bundle  (30640): 	at com.google.android.gms.measurement.internal.zzmb.zzz(com.google.android.gms:play-services-measurement-impl@@23.0.0:21)
11-07 09:11:54.220 W/Bundle  (30640): 	at com.google.android.gms.measurement.internal.zzmb.zzu(Unknown Source:6)
11-07 09:11:54.220 W/Bundle  (30640): 	at com.google.android.gms.measurement.internal.zzlw.run(com.google.android.gms:play-services-measurement-impl@@23.0.0:1)
11-07 09:11:54.220 W/Bundle  (30640): 	at java.util.concurrent.Executors$RunnableAdapter.call(Executors.java:524)
11-07 09:11:54.220 W/Bundle  (30640): 	at java.util.concurrent.FutureTask.run(FutureTask.java:317)
11-07 09:11:54.220 W/Bundle  (30640): 	at com.google.android.gms.measurement.internal.zzhy.run(com.google.android.gms:play-services-measurement-impl@@23.0.0:6)
11-07 09:11:54.220 W/Bundle  (30640): Key firebase_analytics_collection_deactivated expected Boolean but value was a java.lang.String.  The default value false was returned.
11-07 09:11:54.220 W/Bundle  (30640): Attempt to cast generated internal exception:
11-07 09:11:54.220 W/Bundle  (30640): java.lang.ClassCastException: java.lang.String cannot be cast to java.lang.Boolean
11-07 09:11:54.220 W/Bundle  (30640): 	at android.os.BaseBundle.getBoolean(BaseBundle.java:1190)
11-07 09:11:54.220 W/Bundle  (30640): 	at android.os.BaseBundle.getBoolean(BaseBundle.java:1143)
11-07 09:11:54.220 W/Bundle  (30640): 	at com.google.android.gms.measurement.internal.zzal.zzr(com.google.android.gms:play-services-measurement-impl@@23.0.0:6)
11-07 09:11:54.220 W/Bundle  (30640): 	at com.google.android.gms.measurement.internal.zzal.zzt(com.google.android.gms:play-services-measurement-impl@@23.0.0:2)
11-07 09:11:54.220 W/Bundle  (30640): 	at com.google.android.gms.measurement.internal.zzic.zzC(com.google.android.gms:play-services-measurement-impl@@23.0.0:3)
11-07 09:11:54.220 W/Bundle  (30640): 	at com.google.android.gms.measurement.internal.zzic.zzB(com.google.android.gms:play-services-measurement-impl@@23.0.0:1)
11-07 09:11:54.220 W/Bundle  (30640): 	at com.google.android.gms.measurement.internal.zzgi.zzh(com.google.android.gms:play-services-measurement-impl@@23.0.0:37)
11-07 09:11:54.220 W/Bundle  (30640): 	at com.google.android.gms.measurement.internal.zznl.zzah(com.google.android.gms:play-services-measurement-impl@@23.0.0:9)
11-07 09:11:54.220 W/Bundle  (30640): 	at com.google.android.gms.measurement.internal.zznl.zzn(com.google.android.gms:play-services-measurement-impl@@23.0.0:7)
11-07 09:11:54.220 W/Bundle  (30640): 	at com.google.android.gms.measurement.internal.zzlj.zzH(com.google.android.gms:play-services-measurement-impl@@23.0.0:143)
11-07 09:11:54.220 W/Bundle  (30640): 	at com.google.android.gms.measurement.internal.zzlj.zzG(com.google.android.gms:play-services-measurement-impl@@23.0.0:3)
11-07 09:11:54.220 W/Bundle  (30640): 	at com.google.android.gms.measurement.internal.zzmb.zzz(com.google.android.gms:play-services-measurement-impl@@23.0.0:21)
11-07 09:11:54.220 W/Bundle  (30640): 	at com.google.android.gms.measurement.internal.zzmb.zzu(Unknown Source:6)
11-07 09:11:54.220 W/Bundle  (30640): 	at com.google.android.gms.measurement.internal.zzlw.run(com.google.android.gms:play-services-measurement-impl@@23.0.0:1)
11-07 09:11:54.220 W/Bundle  (30640): 	at java.util.concurrent.Executors$RunnableAdapter.call(Executors.java:524)
11-07 09:11:54.220 W/Bundle  (30640): 	at java.util.concurrent.FutureTask.run(FutureTask.java:317)
11-07 09:11:54.220 W/Bundle  (30640): 	at com.google.android.gms.measurement.internal.zzhy.run(com.google.android.gms:play-services-measurement-impl@@23.0.0:6)
11-07 09:11:54.221 D/BaseDepthController( 1073): mSurface is null and mCurrentBlur is: 0
11-07 09:11:54.223 W/ServiceManagerCppClient(  531): Permission failure: android.permission.ACCESS_SURFACE_FLINGER from uid=10217 pid=0
11-07 09:11:54.223 D/PermissionCache(  531): checking android.permission.ACCESS_SURFACE_FLINGER for uid=10217 => denied (135 us)
11-07 09:11:54.224 W/unknown:ViewManagerPropertyUpdater(30640): Could not find generated setter for class com.th3rdwave.safeareacontext.SafeAreaProviderManager
11-07 09:11:54.224 W/unknown:ViewManagerPropertyUpdater(30640): Could not find generated setter for class com.facebook.react.uimanager.LayoutShadowNode
11-07 09:11:54.225 W/ServiceManagerCppClient(  531): Permission failure: android.permission.ACCESS_SURFACE_FLINGER from uid=10217 pid=30640
11-07 09:11:54.225 D/PermissionCache(  531): checking android.permission.ACCESS_SURFACE_FLINGER for uid=10217 => denied (2145 us)
11-07 09:11:54.225 W/ServiceManagerCppClient(  531): Permission failure: android.permission.ROTATE_SURFACE_FLINGER from uid=10217 pid=30640
11-07 09:11:54.225 W/ServiceManagerCppClient(  531): Permission failure: android.permission.ROTATE_SURFACE_FLINGER from uid=10217 pid=0
11-07 09:11:54.225 D/PermissionCache(  531): checking android.permission.ROTATE_SURFACE_FLINGER for uid=10217 => denied (60 us)
11-07 09:11:54.225 D/PermissionCache(  531): checking android.permission.ROTATE_SURFACE_FLINGER for uid=10217 => denied (2180 us)
11-07 09:11:54.225 W/ServiceManagerCppClient(  531): Permission failure: android.permission.INTERNAL_SYSTEM_WINDOW from uid=10217 pid=30640
11-07 09:11:54.225 D/PermissionCache(  531): checking android.permission.INTERNAL_SYSTEM_WINDOW for uid=10217 => denied (11 us)
11-07 09:11:54.226 W/unknown:ViewManagerPropertyUpdater(30640): Could not find generated setter for class com.swmansion.rnscreens.SearchBarManager
11-07 09:11:54.226 W/unknown:ViewManagerPropertyUpdater(30640): Could not find generated setter for class com.swmansion.rnscreens.ScreenFooterManager
11-07 09:11:54.226 W/unknown:ViewManagerPropertyUpdater(30640): Could not find generated setter for class com.swmansion.rnscreens.gamma.tabs.TabScreenViewManager
11-07 09:11:54.226 W/unknown:ViewManagerPropertyUpdater(30640): Could not find generated setter for class com.swmansion.rnscreens.ScreenContainerViewManager
11-07 09:11:54.227 W/unknown:ViewManagerPropertyUpdater(30640): Could not find generated setter for class com.swmansion.rnscreens.gamma.tabs.TabsHostViewManager
11-07 09:11:54.227 W/unknown:ViewManagerPropertyUpdater(30640): Could not find generated setter for class io.invertase.googlemobileads.ReactNativeGoogleMobileAdsNativeAdViewManager
11-07 09:11:54.227 W/ServiceManagerCppClient(  531): Permission failure: android.permission.INTERNAL_SYSTEM_WINDOW from uid=10217 pid=0
11-07 09:11:54.227 D/PermissionCache(  531): checking android.permission.INTERNAL_SYSTEM_WINDOW for uid=10217 => denied (2010 us)
11-07 09:11:54.227 W/unknown:ViewManagerPropertyUpdater(30640): Could not find generated setter for class com.swmansion.rnscreens.ModalScreenViewManager
11-07 09:11:54.227 W/unknown:ViewManagerPropertyUpdater(30640): Could not find generated setter for class com.facebook.reactnative.androidsdk.FBShareButtonManager
11-07 09:11:54.227 W/unknown:ViewManagerPropertyUpdater(30640): Could not find generated setter for class com.swmansion.rnscreens.ScreenStackHeaderConfigViewManager
11-07 09:11:54.227 W/unknown:ViewManagerPropertyUpdater(30640): Could not find generated setter for class com.swmansion.rnscreens.ScreenContentWrapperManager
11-07 09:11:54.227 W/unknown:ViewManagerPropertyUpdater(30640): Could not find generated setter for class io.invertase.googlemobileads.ReactNativeGoogleMobileAdsMediaViewManager
11-07 09:11:54.228 W/unknown:ViewManagerPropertyUpdater(30640): Could not find generated setter for class io.invertase.googlemobileads.ReactNativeGoogleMobileAdsBannerAdViewManager
11-07 09:11:54.228 W/unknown:ViewManagerPropertyUpdater(30640): Could not find generated setter for class com.th3rdwave.safeareacontext.SafeAreaViewManager
11-07 09:11:54.228 W/unknown:ViewManagerPropertyUpdater(30640): Could not find generated setter for class com.th3rdwave.safeareacontext.SafeAreaViewShadowNode
11-07 09:11:54.228 W/unknown:ViewManagerPropertyUpdater(30640): Could not find generated setter for class com.swmansion.rnscreens.safearea.SafeAreaViewManager
11-07 09:11:54.228 W/unknown:ViewManagerPropertyUpdater(30640): Could not find generated setter for class com.swmansion.rnscreens.safearea.paper.SafeAreaViewShadowNode
11-07 09:11:54.228 W/unknown:ViewManagerPropertyUpdater(30640): Could not find generated setter for class com.swmansion.rnscreens.ScreenViewManager
11-07 09:11:54.228 W/unknown:ViewManagerPropertyUpdater(30640): Could not find generated setter for class com.reactnativegooglesignin.RNGoogleSigninButtonViewManager
11-07 09:11:54.228 W/unknown:ViewManagerPropertyUpdater(30640): Could not find generated setter for class com.swmansion.rnscreens.ScreenStackHeaderSubviewManager
11-07 09:11:54.229 W/unknown:ViewManagerPropertyUpdater(30640): Could not find generated setter for class com.facebook.reactnative.androidsdk.FBSendButtonManager
11-07 09:11:54.229 W/unknown:ViewManagerPropertyUpdater(30640): Could not find generated setter for class com.swmansion.rnscreens.ScreenStackViewManager
11-07 09:11:54.229 W/unknown:ViewManagerPropertyUpdater(30640): Could not find generated setter for class com.BV.LinearGradient.LinearGradientManager
11-07 09:11:54.229 W/unknown:ViewManagerPropertyUpdater(30640): Could not find generated setter for class com.facebook.reactnative.androidsdk.FBLoginButtonManager
11-07 09:11:54.238 W/unknown:ViewManagerPropertyUpdater(30640): Could not find generated setter for class com.swmansion.gesturehandler.react.RNGestureHandlerButtonViewManager
11-07 09:11:54.239 W/unknown:ViewManagerPropertyUpdater(30640): Could not find generated setter for class com.facebook.react.views.safeareaview.ReactSafeAreaViewManager
11-07 09:11:54.239 W/unknown:ViewManagerPropertyUpdater(30640): Could not find generated setter for class com.facebook.react.views.modal.ReactModalHostManager
11-07 09:11:54.239 W/unknown:ViewManagerPropertyUpdater(30640): Could not find generated setter for class com.facebook.react.views.text.frescosupport.FrescoBasedReactTextInlineImageViewManager
11-07 09:11:54.239 W/unknown:ViewManagerPropertyUpdater(30640): Could not find generated setter for class com.facebook.react.views.text.frescosupport.FrescoBasedReactTextInlineImageShadowNode
11-07 09:11:54.240 W/unknown:ViewManagerPropertyUpdater(30640): Could not find generated setter for class com.facebook.react.views.progressbar.ReactProgressBarViewManager
11-07 09:11:54.240 W/unknown:ViewManagerPropertyUpdater(30640): Could not find generated setter for class com.facebook.react.views.progressbar.ProgressBarShadowNode
11-07 09:11:54.240 W/unknown:ViewManagerPropertyUpdater(30640): Could not find generated setter for class com.facebook.react.views.scroll.ReactHorizontalScrollViewManager
11-07 09:11:54.241 W/unknown:ViewManagerPropertyUpdater(30640): Could not find generated setter for class com.facebook.react.views.image.ReactImageManager
11-07 09:11:54.241 W/unknown:ViewManagerPropertyUpdater(30640): Could not find generated setter for class com.facebook.react.views.text.ReactTextViewManager
11-07 09:11:54.241 W/unknown:ViewManagerPropertyUpdater(30640): Could not find generated setter for class com.facebook.react.views.text.ReactTextShadowNode
11-07 09:11:54.242 W/unknown:ViewManagerPropertyUpdater(30640): Could not find generated setter for class com.facebook.react.views.scroll.ReactHorizontalScrollContainerViewManager
11-07 09:11:54.242 W/unknown:ViewManagerPropertyUpdater(30640): Could not find generated setter for class com.facebook.react.views.unimplementedview.ReactUnimplementedViewManager
11-07 09:11:54.242 W/unknown:ViewManagerPropertyUpdater(30640): Could not find generated setter for class com.facebook.react.views.scroll.ReactScrollViewManager
11-07 09:11:54.242 W/unknown:ViewManagerPropertyUpdater(30640): Could not find generated setter for class com.facebook.react.views.view.ReactViewManager
11-07 09:11:54.243 W/unknown:ViewManagerPropertyUpdater(30640): Could not find generated setter for class com.facebook.react.views.drawer.ReactDrawerLayoutManager
11-07 09:11:54.243 W/unknown:ViewManagerPropertyUpdater(30640): Could not find generated setter for class com.facebook.react.views.switchview.ReactSwitchManager
11-07 09:11:54.243 W/unknown:ViewManagerPropertyUpdater(30640): Could not find generated setter for class com.facebook.react.views.switchview.ReactSwitchShadowNode
11-07 09:11:54.244 W/unknown:ViewManagerPropertyUpdater(30640): Could not find generated setter for class com.facebook.react.views.text.ReactVirtualTextViewManager
11-07 09:11:54.244 W/unknown:ViewManagerPropertyUpdater(30640): Could not find generated setter for class com.facebook.react.views.text.ReactVirtualTextShadowNode
11-07 09:11:54.244 W/unknown:ViewManagerPropertyUpdater(30640): Could not find generated setter for class com.facebook.react.views.swiperefresh.SwipeRefreshLayoutManager
11-07 09:11:54.244 W/unknown:ViewManagerPropertyUpdater(30640): Could not find generated setter for class com.facebook.react.views.text.ReactRawTextManager
11-07 09:11:54.244 W/unknown:ViewManagerPropertyUpdater(30640): Could not find generated setter for class com.facebook.react.views.text.ReactRawTextShadowNode
11-07 09:11:54.244 W/unknown:ViewManagerPropertyUpdater(30640): Could not find generated setter for class com.facebook.react.views.textinput.ReactTextInputManager
11-07 09:11:54.245 W/unknown:ViewManagerPropertyUpdater(30640): Could not find generated setter for class com.facebook.react.views.textinput.ReactTextInputShadowNode
11-07 09:11:54.245 W/unknown:ViewManagerPropertyUpdater(30640): Could not find generated setter for class com.swmansion.gesturehandler.react.RNGestureHandlerRootViewManager
11-07 09:11:54.252 D/BaseDepthController( 1073): mSurface is null and mCurrentBlur is: 0
11-07 09:11:54.258 V/AsyncStorageExpoMigration(30640): No scoped database found
11-07 09:11:54.261 W/ServiceManagerCppClient(  690): Permission failure: android.permission.ACCESS_SURFACE_FLINGER from uid=10217 pid=0
11-07 09:11:54.261 D/PermissionCache(  690): checking android.permission.ACCESS_SURFACE_FLINGER for uid=10217 => denied (73 us)
11-07 09:11:54.261 W/ServiceManagerCppClient(  690): Permission failure: android.permission.ROTATE_SURFACE_FLINGER from uid=10217 pid=0
11-07 09:11:54.261 D/PermissionCache(  690): checking android.permission.ROTATE_SURFACE_FLINGER for uid=10217 => denied (9 us)
11-07 09:11:54.261 W/ServiceManagerCppClient(  690): Permission failure: android.permission.INTERNAL_SYSTEM_WINDOW from uid=10217 pid=0
11-07 09:11:54.261 D/PermissionCache(  690): checking android.permission.INTERNAL_SYSTEM_WINDOW for uid=10217 => denied (4 us)
11-07 09:11:54.262 W/Bundle  (30640): Key firebase_analytics_collection_deactivated expected Boolean but value was a java.lang.String.  The default value false was returned.
11-07 09:11:54.262 W/Bundle  (30640): Attempt to cast generated internal exception:
11-07 09:11:54.262 W/Bundle  (30640): java.lang.ClassCastException: java.lang.String cannot be cast to java.lang.Boolean
11-07 09:11:54.262 W/Bundle  (30640): 	at android.os.BaseBundle.getBoolean(BaseBundle.java:1190)
11-07 09:11:54.262 W/Bundle  (30640): 	at android.os.BaseBundle.getBoolean(BaseBundle.java:1143)
11-07 09:11:54.262 W/Bundle  (30640): 	at com.google.android.gms.measurement.internal.zzal.zzr(com.google.android.gms:play-services-measurement-impl@@23.0.0:6)
11-07 09:11:54.262 W/Bundle  (30640): 	at com.google.android.gms.measurement.internal.zzal.zzt(com.google.android.gms:play-services-measurement-impl@@23.0.0:2)
11-07 09:11:54.262 W/Bundle  (30640): 	at com.google.android.gms.measurement.internal.zzic.zzC(com.google.android.gms:play-services-measurement-impl@@23.0.0:3)
11-07 09:11:54.262 W/Bundle  (30640): 	at com.google.android.gms.measurement.internal.zzic.zzB(com.google.android.gms:play-services-measurement-impl@@23.0.0:1)
11-07 09:11:54.262 W/Bundle  (30640): 	at com.google.android.gms.measurement.internal.zzgi.zzh(com.google.android.gms:play-services-measurement-impl@@23.0.0:33)
11-07 09:11:54.262 W/Bundle  (30640): 	at com.google.android.gms.measurement.internal.zznl.zzah(com.google.android.gms:play-services-measurement-impl@@23.0.0:9)
11-07 09:11:54.262 W/Bundle  (30640): 	at com.google.android.gms.measurement.internal.zznl.zzQ(com.google.android.gms:play-services-measurement-impl@@23.0.0:3)
11-07 09:11:54.262 W/Bundle  (30640): 	at com.google.android.gms.measurement.internal.zznk.run(Unknown Source:2)
11-07 09:11:54.262 W/Bundle  (30640): 	at com.google.android.gms.measurement.internal.zznl.zzag(com.google.android.gms:play-services-measurement-impl@@23.0.0:6)
11-07 09:11:54.262 W/Bundle  (30640): 	at com.google.android.gms.measurement.internal.zznl.zzL(com.google.android.gms:play-services-measurement-impl@@23.0.0:4)
11-07 09:11:54.262 W/Bundle  (30640): 	at com.google.android.gms.measurement.internal.zzna.run(com.google.android.gms:play-services-measurement-impl@@23.0.0:5)
11-07 09:11:54.262 W/Bundle  (30640): 	at java.util.concurrent.Executors$RunnableAdapter.call(Executors.java:524)
11-07 09:11:54.262 W/Bundle  (30640): 	at java.util.concurrent.FutureTask.run(FutureTask.java:317)
11-07 09:11:54.262 W/Bundle  (30640): 	at com.google.android.gms.measurement.internal.zzhy.run(com.google.android.gms:play-services-measurement-impl@@23.0.0:6)
11-07 09:11:54.262 W/Bundle  (30640): Key firebase_analytics_collection_deactivated expected Boolean but value was a java.lang.String.  The default value false was returned.
11-07 09:11:54.263 W/Bundle  (30640): Attempt to cast generated internal exception:
11-07 09:11:54.263 W/Bundle  (30640): java.lang.ClassCastException: java.lang.String cannot be cast to java.lang.Boolean
11-07 09:11:54.263 W/Bundle  (30640): 	at android.os.BaseBundle.getBoolean(BaseBundle.java:1190)
11-07 09:11:54.263 W/Bundle  (30640): 	at android.os.BaseBundle.getBoolean(BaseBundle.java:1143)
11-07 09:11:54.263 W/Bundle  (30640): 	at com.google.android.gms.measurement.internal.zzal.zzr(com.google.android.gms:play-services-measurement-impl@@23.0.0:6)
11-07 09:11:54.263 W/Bundle  (30640): 	at com.google.android.gms.measurement.internal.zzal.zzt(com.google.android.gms:play-services-measurement-impl@@23.0.0:2)
11-07 09:11:54.263 W/Bundle  (30640): 	at com.google.android.gms.measurement.internal.zzic.zzC(com.google.android.gms:play-services-measurement-impl@@23.0.0:3)
11-07 09:11:54.263 W/Bundle  (30640): 	at com.google.android.gms.measurement.internal.zzic.zzB(com.google.android.gms:play-services-measurement-impl@@23.0.0:1)
11-07 09:11:54.263 W/Bundle  (30640): 	at com.google.android.gms.measurement.internal.zzgi.zzh(com.google.android.gms:play-services-measurement-impl@@23.0.0:37)
11-07 09:11:54.263 W/Bundle  (30640): 	at com.google.android.gms.measurement.internal.zznl.zzah(com.google.android.gms:play-services-measurement-impl@@23.0.0:9)
11-07 09:11:54.263 W/Bundle  (30640): 	at com.google.android.gms.measurement.internal.zznl.zzQ(com.google.android.gms:play-services-measurement-impl@@23.0.0:3)
11-07 09:11:54.263 W/Bundle  (30640): 	at com.google.android.gms.measurement.internal.zznk.run(Unknown Source:2)
11-07 09:11:54.263 W/Bundle  (30640): 	at com.google.android.gms.measurement.internal.zznl.zzag(com.google.android.gms:play-services-measurement-impl@@23.0.0:6)
11-07 09:11:54.263 W/Bundle  (30640): 	at com.google.android.gms.measurement.internal.zznl.zzL(com.google.android.gms:play-services-measurement-impl@@23.0.0:4)
11-07 09:11:54.263 W/Bundle  (30640): 	at com.google.android.gms.measurement.internal.zzna.run(com.google.android.gms:play-services-measurement-impl@@23.0.0:5)
11-07 09:11:54.263 W/Bundle  (30640): 	at java.util.concurrent.Executors$RunnableAdapter.call(Executors.java:524)
11-07 09:11:54.263 W/Bundle  (30640): 	at java.util.concurrent.FutureTask.run(FutureTask.java:317)
11-07 09:11:54.263 W/Bundle  (30640): 	at com.google.android.gms.measurement.internal.zzhy.run(com.google.android.gms:play-services-measurement-impl@@23.0.0:6)
11-07 09:11:54.264 W/Bundle  (30640): Key firebase_analytics_collection_deactivated expected Boolean but value was a java.lang.String.  The default value false was returned.
11-07 09:11:54.264 W/Bundle  (30640): Attempt to cast generated internal exception:
11-07 09:11:54.264 W/Bundle  (30640): java.lang.ClassCastException: java.lang.String cannot be cast to java.lang.Boolean
11-07 09:11:54.264 W/Bundle  (30640): 	at android.os.BaseBundle.getBoolean(BaseBundle.java:1190)
11-07 09:11:54.264 W/Bundle  (30640): 	at android.os.BaseBundle.getBoolean(BaseBundle.java:1143)
11-07 09:11:54.264 W/Bundle  (30640): 	at com.google.android.gms.measurement.internal.zzal.zzr(com.google.android.gms:play-services-measurement-impl@@23.0.0:6)
11-07 09:11:54.264 W/Bundle  (30640): 	at com.google.android.gms.measurement.internal.zzal.zzt(com.google.android.gms:play-services-measurement-impl@@23.0.0:2)
11-07 09:11:54.264 W/Bundle  (30640): 	at com.google.android.gms.measurement.internal.zzic.zzC(com.google.android.gms:play-services-measurement-impl@@23.0.0:3)
11-07 09:11:54.264 W/Bundle  (30640): 	at com.google.android.gms.measurement.internal.zzic.zzB(com.google.android.gms:play-services-measurement-impl@@23.0.0:1)
11-07 09:11:54.264 W/Bundle  (30640): 	at com.google.android.gms.measurement.internal.zzgi.zzh(com.google.android.gms:play-services-measurement-impl@@23.0.0:33)
11-07 09:11:54.264 W/Bundle  (30640): 	at com.google.android.gms.measurement.internal.zznl.zzah(com.google.android.gms:play-services-measurement-impl@@23.0.0:9)
11-07 09:11:54.264 W/Bundle  (30640): 	at com.google.android.gms.measurement.internal.zznl.zzR(com.google.android.gms:play-services-measurement-impl@@23.0.0:3)
11-07 09:11:54.264 W/Bundle  (30640): 	at com.google.android.gms.measurement.internal.zzng.run(Unknown Source:2)
11-07 09:11:54.264 W/Bundle  (30640): 	at com.google.android.gms.measurement.internal.zznl.zzag(com.google.android.gms:play-services-measurement-impl@@23.0.0:6)
11-07 09:11:54.264 W/Bundle  (30640): 	at com.google.android.gms.measurement.internal.zznl.zzL(com.google.android.gms:play-services-measurement-impl@@23.0.0:4)
11-07 09:11:54.264 W/Bundle  (30640): 	at com.google.android.gms.measurement.internal.zzna.run(com.google.android.gms:play-services-measurement-impl@@23.0.0:5)
11-07 09:11:54.264 W/Bundle  (30640): 	at java.util.concurrent.Executors$RunnableAdapter.call(Executors.java:524)
11-07 09:11:54.264 W/Bundle  (30640): 	at java.util.concurrent.FutureTask.run(FutureTask.java:317)
11-07 09:11:54.264 W/Bundle  (30640): 	at com.google.android.gms.measurement.internal.zzhy.run(com.google.android.gms:play-services-measurement-impl@@23.0.0:6)
11-07 09:11:54.264 W/Bundle  (30640): Key firebase_analytics_collection_deactivated expected Boolean but value was a java.lang.String.  The default value false was returned.
11-07 09:11:54.264 W/Bundle  (30640): Attempt to cast generated internal exception:
11-07 09:11:54.264 W/Bundle  (30640): java.lang.ClassCastException: java.lang.String cannot be cast to java.lang.Boolean
11-07 09:11:54.264 W/Bundle  (30640): 	at android.os.BaseBundle.getBoolean(BaseBundle.java:1190)
11-07 09:11:54.264 W/Bundle  (30640): 	at android.os.BaseBundle.getBoolean(BaseBundle.java:1143)
11-07 09:11:54.264 W/Bundle  (30640): 	at com.google.android.gms.measurement.internal.zzal.zzr(com.google.android.gms:play-services-measurement-impl@@23.0.0:6)
11-07 09:11:54.264 W/Bundle  (30640): 	at com.google.android.gms.measurement.internal.zzal.zzt(com.google.android.gms:play-services-measurement-impl@@23.0.0:2)
11-07 09:11:54.264 W/Bundle  (30640): 	at com.google.android.gms.measurement.internal.zzic.zzC(com.google.android.gms:play-services-measurement-impl@@23.0.0:3)
11-07 09:11:54.264 W/Bundle  (30640): 	at com.google.android.gms.measurement.internal.zzic.zzB(com.google.android.gms:play-services-measurement-impl@@23.0.0:1)
11-07 09:11:54.264 W/Bundle  (30640): 	at com.google.android.gms.measurement.internal.zzgi.zzh(com.google.android.gms:play-services-measurement-impl@@23.0.0:37)
11-07 09:11:54.264 W/Bundle  (30640): 	at com.google.android.gms.measurement.internal.zznl.zzah(com.google.android.gms:play-services-measurement-impl@@23.0.0:9)
11-07 09:11:54.264 W/Bundle  (30640): 	at com.google.android.gms.measurement.internal.zznl.zzR(com.google.android.gms:play-services-measurement-impl@@23.0.0:3)
11-07 09:11:54.264 W/Bundle  (30640): 	at com.google.android.gms.measurement.internal.zzng.run(Unknown Source:2)
11-07 09:11:54.264 W/Bundle  (30640): 	at com.google.android.gms.measurement.internal.zznl.zzag(com.google.android.gms:play-services-measurement-impl@@23.0.0:6)
11-07 09:11:54.264 W/Bundle  (30640): 	at com.google.android.gms.measurement.internal.zznl.zzL(com.google.android.gms:play-services-measurement-impl@@23.0.0:4)
11-07 09:11:54.264 W/Bundle  (30640): 	at com.google.android.gms.measurement.internal.zzna.run(com.google.android.gms:play-services-measurement-impl@@23.0.0:5)
11-07 09:11:54.264 W/Bundle  (30640): 	at java.util.concurrent.Executors$RunnableAdapter.call(Executors.java:524)
11-07 09:11:54.264 W/Bundle  (30640): 	at java.util.concurrent.FutureTask.run(FutureTask.java:317)
11-07 09:11:54.264 W/Bundle  (30640): 	at com.google.android.gms.measurement.internal.zzhy.run(com.google.android.gms:play-services-measurement-impl@@23.0.0:6)
11-07 09:11:54.265 I/ActivityTaskManager(  690): Displayed com.mhamada.telcb1german/.MainActivity for user 0: +204ms
11-07 09:11:54.268 D/BaseDepthController( 1073): mSurface is null and mCurrentBlur is: 0
11-07 09:11:54.276 I/ReactNativeJS(30640): Running "GermanTelcB1App"
11-07 09:11:54.276 D/AudioSystem(30640): onNewService: media.audio_policy service obtained 0xb4000074b6a6aa90
11-07 09:11:54.277 D/AudioSystem(30640): getService: checking for service media.audio_policy: 0xb4000074b6a6aa90
11-07 09:11:54.278 W/APM::HwModule(  522): getDeviceDescriptor: could not find HW module for device  (AUDIO_DEVICE_OUT_WIRED_HEADSET, 00000004) address 
11-07 09:11:54.278 W/APM::HwModule(  522): getDeviceDescriptor: could not find HW module for device  (AUDIO_DEVICE_OUT_WIRED_HEADPHONE, 00000008) address 
11-07 09:11:54.278 E/ReactNativeJS(30640): { [Invariant Violation: "GermanTelcB1App" has not been registered. This can happen if:
11-07 09:11:54.278 E/ReactNativeJS(30640): * Metro (the local dev server) is run from the wrong folder. Check if Metro is running, stop it and restart it in the current project.
11-07 09:11:54.278 E/ReactNativeJS(30640): * A module failed to load due to an error and `AppRegistry.registerComponent` wasn't called.] name: 'Invariant Violation', framesToPop: 1 }
11-07 09:11:54.278 W/APM::HwModule(  522): getDeviceDescriptor: could not find HW module for device  (AUDIO_DEVICE_OUT_USB_HEADSET, 04000000) address 
11-07 09:11:54.279 D/AdvertisingIdClient(18965): AdvertisingIdClient already created.
11-07 09:11:54.279 D/AdvertisingIdClient(18965): AdvertisingIdClient is not bounded. Starting to bind it...
11-07 09:11:54.279 W/APM::HwModule(  522): getDeviceDescriptor: could not find HW module for device  (AUDIO_DEVICE_OUT_WIRED_HEADSET, 00000004) address 
11-07 09:11:54.279 W/APM::HwModule(  522): getDeviceDescriptor: could not find HW module for device  (AUDIO_DEVICE_OUT_WIRED_HEADPHONE, 00000008) address 
11-07 09:11:54.280 W/unknown:BridgelessReact(30640): ReactHost{0}.handleHostException(message = "Invariant Violation: "GermanTelcB1App" has not been registered. This can happen if:
11-07 09:11:54.280 W/unknown:BridgelessReact(30640): * Metro (the local dev server) is run from the wrong folder. Check if Metro is running, stop it and restart it in the current project.
11-07 09:11:54.280 W/unknown:BridgelessReact(30640): * A module failed to load due to an error and `AppRegistry.registerComponent` wasn't called., stack:
11-07 09:11:54.280 W/unknown:BridgelessReact(30640): invariant@1:66603
11-07 09:11:54.280 W/unknown:BridgelessReact(30640): runApplication@1:353635
11-07 09:11:54.280 W/unknown:BridgelessReact(30640): ")
11-07 09:11:54.280 W/APM::HwModule(  522): getDeviceDescriptor: could not find HW module for device  (AUDIO_DEVICE_OUT_USB_HEADSET, 04000000) address 
--------- beginning of crash
11-07 09:11:54.280 E/AndroidRuntime(30640): FATAL EXCEPTION: mqt_v_native
11-07 09:11:54.280 E/AndroidRuntime(30640): Process: com.mhamada.telcb1german, PID: 30640
11-07 09:11:54.280 E/AndroidRuntime(30640): com.facebook.react.common.JavascriptException: Invariant Violation: "GermanTelcB1App" has not been registered. This can happen if:
11-07 09:11:54.280 E/AndroidRuntime(30640): * Metro (the local dev server) is run from the wrong folder. Check if Metro is running, stop it and restart it in the current project.
11-07 09:11:54.280 E/AndroidRuntime(30640): * A module failed to load due to an error and `AppRegistry.registerComponent` wasn't called., stack:
11-07 09:11:54.280 E/AndroidRuntime(30640): invariant@1:66603
11-07 09:11:54.280 E/AndroidRuntime(30640): runApplication@1:353635
11-07 09:11:54.280 E/AndroidRuntime(30640): 
11-07 09:11:54.280 E/AndroidRuntime(30640): 	at com.facebook.react.modules.core.ExceptionsManagerModule.reportException(ExceptionsManagerModule.kt:52)
11-07 09:11:54.280 E/AndroidRuntime(30640): 	at com.facebook.jni.NativeRunnable.run(Native Method)
11-07 09:11:54.280 E/AndroidRuntime(30640): 	at android.os.Handler.handleCallback(Handler.java:995)
11-07 09:11:54.280 E/AndroidRuntime(30640): 	at android.os.Handler.dispatchMessage(Handler.java:103)
11-07 09:11:54.280 E/AndroidRuntime(30640): 	at com.facebook.react.bridge.queue.MessageQueueThreadHandler.dispatchMessage(MessageQueueThreadHandler.kt:21)
11-07 09:11:54.280 E/AndroidRuntime(30640): 	at android.os.Looper.loopOnce(Looper.java:248)
11-07 09:11:54.280 E/AndroidRuntime(30640): 	at android.os.Looper.loop(Looper.java:338)
11-07 09:11:54.280 E/AndroidRuntime(30640): 	at com.facebook.react.bridge.queue.MessageQueueThreadImpl$Companion.startNewBackgroundThread$lambda$0(MessageQueueThreadImpl.kt:152)
11-07 09:11:54.280 E/AndroidRuntime(30640): 	at com.facebook.react.bridge.queue.MessageQueueThreadImpl$Companion.$r8$lambda$YYXYCFexeoKtAeDpeNYkxZZlpbA(Unknown Source:0)
11-07 09:11:54.280 E/AndroidRuntime(30640): 	at com.facebook.react.bridge.queue.MessageQueueThreadImpl$Companion$$ExternalSyntheticLambda0.run(D8$$SyntheticClass:0)
11-07 09:11:54.280 E/AndroidRuntime(30640): 	at java.lang.Thread.run(Thread.java:1119)
11-07 09:11:54.281 W/ActivityTaskManager(  690):   Force finishing activity com.mhamada.telcb1german/.MainActivity
11-07 09:11:54.281 I/DropBoxManagerService(  690): add tag=data_app_crash isTagEnabled=true flags=0x2
11-07 09:11:54.282 V/WindowManagerShell(  935): Transition requested (#244): android.os.BinderProxy@17fb059 TransitionRequestInfo { type = CLOSE, triggerTask = TaskInfo{userId=0 taskId=126 effectiveUid=10217 displayId=0 isRunning=true baseIntent=Intent { act=android.intent.action.MAIN cat=[android.intent.category.LAUNCHER] flg=0x10200000 cmp=com.mhamada.telcb1german/.MainActivity } baseActivity=ComponentInfo{com.mhamada.telcb1german/com.mhamada.telcb1german.MainActivity} topActivity=ComponentInfo{com.mhamada.telcb1german/com.mhamada.telcb1german.MainActivity} origActivity=null realActivity=ComponentInfo{com.mhamada.telcb1german/com.mhamada.telcb1german.MainActivity} numActivities=1 lastActiveTime=161071342 supportsMultiWindow=true resizeMode=1 isResizeable=true minWidth=-1 minHeight=-1 defaultMinSize=220 token=WCT{android.window.IWindowContainerToken$Stub$Proxy@8ef641e} topActivityType=1 pictureInPictureParams=null shouldDockBigOverlays=false launchIntoPipHostTaskId=-1 lastParentTaskIdBeforePip=-1 displayCutoutSafeInsets=Rect(0, 0 - 0, 0) topActivityInfo=ActivityInfo{ba2f4ff com.mhamada.telcb1german.MainActivity} launchCookies=[android.os.BinderProxy@8540636] positionInParent=Point(0, 0) parentTaskId=-1 isFocused=true isVisible=true isVisibleRequested=true isTopActivityNoDisplay=false isSleeping=false locusId=null displayAreaFeatureId=1 isTopActivityTransparent=false isActivityStackTransparent=false lastNonFullscreenBounds=Rect(359, 800 - 1081, 2240) capturedLink=null capturedLinkTimestamp=0 requestedVisibleTypes=-9 topActivityRequestOpenInBrowserEducationTimestamp=0 appCompatTaskInfo=AppCompatTaskInfo { topActivityInSizeCompat=false eligibleForLetterboxEducation= false isLetterboxEducationEnabled= true isLetterboxDoubleTapEnabled= false eligibleForUserAspectRatioButton= false topActivityBoundsLetterboxed= false isFromLetterboxDoubleTap= false topActivityLetterboxVerticalPosition= -1 topActivityLetterboxHorizontalPosition= -1 topActivityLetterboxWidth=-1 topActivityLetterboxHeight=-1 topActivityAppBounds=Rect(0, 0 - 1440, 3040) isUserFullscreenOverrideEnabled=false isSystemFullscreenOverrideEnabled=false hasMinAspectRatioOverride=false topActivityLetterboxBounds=null cameraCompatTaskInfo=CameraCompatTaskInfo { freeformCameraCompatMode=inactive}} topActivityMainWindowFrame=null}, pipChange = null, remoteTransition = null, displayChange = null, flags = 16, debugId = 244 }
11-07 09:11:54.282 I/BpBinder(  531): onLastStrongRef automatically unlinking death recipients: 
11-07 09:11:54.283 D/AdvertisingIdClient(18965): AdvertisingIdClient is bounded
11-07 09:11:54.283 I/Process (30640): Sending signal. PID: 30640 SIG: 9
11-07 09:11:54.283 I/AdvertisingIdClient(18965): shouldSendLog -1
11-07 09:11:54.283 I/AdvertisingIdClient(18965): GetInfoInternal elapse 4ms
11-07 09:11:54.285 I/FA-SVC  (18965): Install Referrer Reporter is not available
11-07 09:11:54.286 W/android.hardware.audio@7.1-impl.ranchu(  469): pcmWrite:259 pcm_writei failed with 'cannot read/write stream data: I/O error' (-1)
11-07 09:11:54.286 E/android.hardware.audio@7.1-impl.ranchu(  469): pcmWrite:260 failure: -1
11-07 09:11:54.286 I/AdvertisingIdClient(18965): getting error as 17: API: ClientTelemetry.API is not available on this device. Connection failed with: ConnectionResult{statusCode=API_DISABLED, resolution=null, message=null}
11-07 09:11:54.292 I/NetworkScheduler( 1252): Error inserting flex_time=0 job_id=-1 period=2000 source=16 requires_charging=0 preferred_network_type=1 target_class=com.google.android.gms.measurement.PackageMeasurementTaskService user_id=0 target_package=com.google.android.gms tag=Measurement.PackageMeasurementTaskService.UPLOAD_TASK_TAG task_type=0 required_idleness_state=0 service_kind=0 source_version=252635000 persistence_level=1 preferred_charging_state=1 required_network_type=0 runtime=1762503114292 retry_strategy={"maximum_backoff_seconds":{"3600":0},"initial_backoff_seconds":{"30":0},"retry_policy":{"0":0}} last_runtime=0 [CONTEXT service_id=218 ]
11-07 09:11:54.294 W/InputDispatcher(  690): channel 'fcff2e1 com.mhamada.telcb1german/com.mhamada.telcb1german.MainActivity' ~ Consumer closed input channel or an error occurred.  events=0xd
11-07 09:11:54.294 E/InputDispatcher(  690): channel 'fcff2e1 com.mhamada.telcb1german/com.mhamada.telcb1german.MainActivity' ~ Channel is unrecoverably broken and will be disposed!
11-07 09:11:54.294 I/WindowManager(  690): WINDOW DIED Window{fcff2e1 u0 com.mhamada.telcb1german/com.mhamada.telcb1german.MainActivity}
11-07 09:11:54.295 I/ActivityManager(  690): Process com.mhamada.telcb1german (pid 30640) has died: fg  TOP 
11-07 09:11:54.295 I/WindowManager(  690): WIN DEATH: Window{fcff2e1 u0 com.mhamada.telcb1german/com.mhamada.telcb1german.MainActivity EXITING}
11-07 09:11:54.296 D/BoundBrokerSvc(18965): onUnbind: Intent { act=com.google.android.gms.measurement.START xflg=0x4 pkg=com.google.android.gms }
11-07 09:11:54.297 D/InetDiagMessage(  690): Destroyed 0 sockets, proto=IPPROTO_TCP, family=AF_INET, states=14
11-07 09:11:54.297 D/InetDiagMessage(  690): Destroyed 0 sockets, proto=IPPROTO_TCP, family=AF_INET6, states=14
11-07 09:11:54.297 D/InetDiagMessage(  690): Destroyed live tcp sockets for uids={10217} in 1ms
11-07 09:11:54.297 D/InetDiagMessage(  690): Destroyed 0 sockets, proto=IPPROTO_TCP, family=AF_INET, states=14
11-07 09:11:54.297 D/InetDiagMessage(  690): Destroyed 0 sockets, proto=IPPROTO_TCP, family=AF_INET6, states=14
11-07 09:11:54.297 D/InetDiagMessage(  690): Destroyed live tcp sockets for uids={20217} in 0ms
11-07 09:11:54.295 W/binder_debug(25323): 2 callbacks suppressed
11-07 09:11:54.295 I/binder  (25323): release 30640:30664 transaction 33114384 out, still active
11-07 09:11:54.295 I/binder  (25323): undelivered TRANSACTION_COMPLETE
11-07 09:11:54.295 I/binder  (25323): undelivered TRANSACTION_COMPLETE
11-07 09:11:54.295 I/binder  (25323): undelivered transaction 33114470, process died.
11-07 09:11:54.296 I/binder  (25323): undelivered transaction 33114468, process died.
11-07 09:11:54.298 D/StatsLog( 1073): LAUNCHER_ONRESUME
11-07 09:11:54.299 I/libprocessgroup(  690): Removed cgroup /sys/fs/cgroup/apps/uid_10217/pid_30640
11-07 09:11:54.299 I/Zygote  (  466): Process 30640 exited due to signal 9 (Killed)
11-07 09:11:54.300 V/WindowManagerShell(  935): onTransitionReady(transaction=2963527463235)
11-07 09:11:54.300 V/WindowManagerShell(  935): onTransitionReady (#244) android.os.BinderProxy@17fb059: {id=244 t=CLOSE f=0x10 trk=0 r=[0@Point(0, 0)] c=[
11-07 09:11:54.300 V/WindowManagerShell(  935):         {m=TO_FRONT f=SHOW_WALLPAPER|MOVE_TO_TOP leash=Surface(name=Task=1)/@0x74232cc sb=Rect(0, 0 - 1440, 3040) eb=Rect(0, 0 - 1440, 3040) epz=Point(1440, 3040) d=0 taskParent=-1},
11-07 09:11:54.300 V/WindowManagerShell(  935):         {m=CLOSE f=NONE leash=Surface(name=Task=126)/@0x871f915 sb=Rect(0, 0 - 1440, 3040) eb=Rect(0, 0 - 1440, 3040) epz=Point(1440, 3040) d=0 taskParent=-1},
11-07 09:11:54.300 V/WindowManagerShell(  935):         {m=TO_FRONT f=IS_WALLPAPER leash=Surface(name=WallpaperWindowToken{80099b7 showWhenLocked=false})/@0xda9a42a sb=Rect(0, 0 - 1440, 3040) eb=Rect(0, 0 - 1440, 3040) epz=Point(1440, 3040) d=0}
11-07 09:11:54.300 V/WindowManagerShell(  935):     ]}
11-07 09:11:54.300 V/WindowManagerShell(  935): Transition (#244) android.os.BinderProxy@17fb059@0 ready while (#243) android.os.BinderProxy@daee25b@0 is still animating. Notify the animating transition in case they can be merged
11-07 09:11:54.300 V/WindowManagerShell(  935):    Merge into remote: RemoteTransition { remoteTransition = android.window.IRemoteTransition$Stub$Proxy@96f4937, appThread = android.app.IApplicationThread$Stub$Proxy@43b1ea4, debugName = QuickstepLaunch }
11-07 09:11:54.301 V/WindowManagerShell(  935): Transition animation finished (aborted=false), notifying core (#243) android.os.BinderProxy@daee25b@0
11-07 09:11:54.301 D/b/387844520( 1073): getOutlineOffsetX: measured width = 231, mNormalizedIconSize = 213, last updated width = 231
11-07 09:11:54.302 D/BaseDepthController( 1073): mSurface is null and mCurrentBlur is: 0
11-07 09:11:54.303 V/WindowManager(  690): Sent Transition (#244) createdAt=11-07 09:11:54.281 via request=TransitionRequestInfo { type = CLOSE, triggerTask = TaskInfo{userId=0 taskId=126 effectiveUid=10217 displayId=0 isRunning=true baseIntent=Intent { act=android.intent.action.MAIN cat=[android.intent.category.LAUNCHER] flg=0x10200000 cmp=com.mhamada.telcb1german/.MainActivity } baseActivity=ComponentInfo{com.mhamada.telcb1german/com.mhamada.telcb1german.MainActivity} topActivity=ComponentInfo{com.mhamada.telcb1german/com.mhamada.telcb1german.MainActivity} origActivity=null realActivity=ComponentInfo{com.mhamada.telcb1german/com.mhamada.telcb1german.MainActivity} numActivities=1 lastActiveTime=161071342 supportsMultiWindow=true resizeMode=1 isResizeable=true minWidth=-1 minHeight=-1 defaultMinSize=220 token=WCT{RemoteToken{459ef59 Task{84d85f8 #126 type=standard A=10217:com.mhamada.telcb1german}}} topActivityType=1 pictureInPictureParams=null shouldDockBigOverlays=false launchIntoPipHostTaskId=-1 lastParentTaskIdBeforePip=-1 displayCutoutSafeInsets=Rect(0, 0 - 0, 0) topActivityInfo=ActivityInfo{90e371e com.mhamada.telcb1german.MainActivity} launchCookies=[android.os.BinderProxy@f0ccbff] positionInParent=Point(0, 0) parentTaskId=-1 isFocused=true isVisible=true isVisibleRequested=true isTopActivityNoDisplay=false isSleeping=false locusId=null displayAreaFeatureId=1 isTopActivityTransparent=false isActivityStackTransparent=false lastNonFullscreenBounds=Rect(359, 800 - 1081, 2240) capturedLink=null capturedLinkTimestamp=0 requestedVisibleTypes=-9 topActivityRequestOpenInBrowserEducationTimestamp=0 appCompatTaskInfo=AppCompatTaskInfo { topActivityInSizeCompat=false eligibleForLetterboxEducation= false isLetterboxEducationEnabled= true isLetterboxDoubleTapEnabled= false eligibleForUserAspectRatioButton= false topActivityBoundsLetterboxed= false isFromLetterboxDoubleTap= false topActivityLetterboxVerticalPosition= -1 topActivityLetterboxHorizontalPosition= -1 topActivityLetterboxWidth=-1 topActivityLetterboxHeight=-1 topActivityAppBounds=Rect(0, 0 - 1440, 3040) isUserFullscreenOverrideEnabled=false isSystemFullscreenOverrideEnabled=false hasMinAspectRatioOverride=false topActivityLetterboxBounds=null cameraCompatTaskInfo=CameraCompatTaskInfo { freeformCameraCompatMode=inactive}} topActivityMainWindowFrame=null}, pipChange = null, remoteTransition = null, displayChange = null, flags = 16, debugId = 244 }
11-07 09:11:54.303 V/WindowManager(  690):     startWCT=WindowContainerTransaction { changes= {} hops= [] errorCallbackToken=null taskFragmentOrganizer=null }
11-07 09:11:54.303 V/WindowManager(  690):     info={id=244 t=CLOSE f=0x10 trk=0 r=[0@Point(0, 0)] c=[
11-07 09:11:54.303 V/WindowManager(  690):         {WCT{RemoteToken{d63930b Task{8e337f7 #1 type=home}}} m=TO_FRONT f=SHOW_WALLPAPER|MOVE_TO_TOP leash=Surface(name=Task=1)/@0x45b7ff7 sb=Rect(0, 0 - 1440, 3040) eb=Rect(0, 0 - 1440, 3040) epz=Point(1440, 3040) d=0 taskParent=-1},
11-07 09:11:54.303 V/WindowManager(  690):         {WCT{RemoteToken{459ef59 Task{84d85f8 #126 type=standard A=10217:com.mhamada.telcb1german}}} m=CLOSE f=NONE leash=Surface(name=Task=126)/@0xe820a5d sb=Rect(0, 0 - 1440, 3040) eb=Rect(0, 0 - 1440, 3040) epz=Point(1440, 3040) d=0 taskParent=-1},
11-07 09:11:54.303 V/WindowManager(  690):         {m=TO_FRONT f=IS_WALLPAPER leash=Surface(name=WallpaperWindowToken{80099b7 showWhenLocked=false})/@0xe87dff6 sb=Rect(0, 0 - 1440, 3040) eb=Rect(0, 0 - 1440, 3040) epz=Point(1440, 3040) d=0}
11-07 09:11:54.303 V/WindowManager(  690):     ]}
11-07 09:11:54.303 V/WindowManager(  690): Finish Transition (#243): created at 11-07 09:11:54.077 collect-started=0.032ms request-sent=4.652ms started=8.195ms ready=53.671ms sent=54.239ms commit=20.549ms finished=225.619ms
11-07 09:11:54.303 W/ActivityManager(  690): setHasOverlayUi called on unknown pid: 30640
11-07 09:11:54.306 D/BackgroundInstallControlService(  690): Package event received: 0
11-07 09:11:54.307 I/NetworkScheduler( 1252): Error inserting flex_time=9000 job_id=-1 period=20000 source=16 requires_charging=0 preferred_network_type=1 target_class=com.google.android.gms.measurement.PackageMeasurementTaskService user_id=0 target_package=com.google.android.gms tag=Measurement.PackageMeasurementTaskService.UPLOAD_TASK_TAG task_type=0 required_idleness_state=0 service_kind=0 source_version=252635000 persistence_level=1 preferred_charging_state=1 required_network_type=0 runtime=1762503114307 retry_strategy={"maximum_backoff_seconds":{"3600":0},"initial_backoff_seconds":{"30":0},"retry_policy":{"0":0}} last_runtime=0 [CONTEXT service_id=218 ]
