11-07 09:11:50.827 D/FileSystemUtils(  690): Extra field length: 15097 content near offset: 0000000000000000000000000000000000000000000000000000000000000000000000000000000000000000000000000000000000000000000000000000000000000000000000000000000000000000000000000000000000000000000000000000000000000000000000000000000000000000000000000000000000000000000000000000000000000000000000000000000000000000000000000000000000000000000000000000000000000000000000000000000000000000000000000000000000000000000000000000000000000000000000000000000000000000000000000000000000000000000000000000000000000000000000000000000000000000000000000000000000000000000000000000000000000000000000000000000000000000000000000000000000000000000000000000000000000000000000000000000000000000000000000000000000000000000000000000000000000000000000000000000000000000000000000000000000000000000000000000000000000000000000000000000000000000000000000000000000000000000000000000000000000000000000000000000000000000000000000000000000000000000000000000000000000000000000000000000000000000000000000000000000000000
11-07 09:11:50.827 D/FileSystemUtils(  690): Punching hole in file - start: 20008960 len:12288
11-07 09:11:50.828 D/FileSystemUtils(  690): punchHolesInApk:: Size after punching holes st_blocks: 139120, st_blksize: 4096, st_size: 71283722
11-07 09:11:50.828 D/FileSystemUtils(  690): Total number of LOAD segments 4
11-07 09:11:50.828 D/FileSystemUtils(  690): Size before punching holes st_blocks: 139120, st_blksize: 4096, st_size: 71283722
11-07 09:11:50.828 D/FileSystemUtils(  690): Size after punching holes st_blocks: 139120, st_blksize: 4096, st_size: 71283722
11-07 09:11:50.828 D/FileSystemUtils(  690): Extra field length: 7844,  Size before punching holes st_blocks: 139120, st_blksize: 4096, st_size: 71283722
11-07 09:11:50.828 D/FileSystemUtils(  690): Extra field length: 7844 content near offset: 00000000000000000000000000000000000000000000000000000000000000000000000000000000000000000000000000000000000000000000000000000000000000000000000000000000000000000000000000000000000000000000000000000000000000000000000000000000000000000000000000000000000000000000000000000000000000000000000000000000000000000000000000000000000000000000000000000000000000000000000000000000000000000000000000000000000000000000000000000000000000000000000000000000000000000000000000000000000000000000000000000000000000000000000000000000000000000000000000000000000000000000000000000000000000000000000000000000000000000000000000000000000000000000000000000000000000000000000000000000000000000000000000000000000000000000000000000000000000000000000000000000000000000000000000000000000000000000000000000000000000000000000000000000000000000000000000000000000000000000000000000000000000000000000000000000000000000000000000000000000000000000000000000000000000000000000000000000000000000000000000000000000000000
11-07 09:11:50.828 D/FileSystemUtils(  690): Punching hole in file - start: 14331904 len:4096
11-07 09:11:50.828 D/FileSystemUtils(  690): punchHolesInApk:: Size after punching holes st_blocks: 139112, st_blksize: 4096, st_size: 71283722
11-07 09:11:50.828 D/FileSystemUtils(  690): Total number of LOAD segments 3
11-07 09:11:50.828 D/FileSystemUtils(  690): Size before punching holes st_blocks: 139112, st_blksize: 4096, st_size: 71283722
11-07 09:11:50.828 D/FileSystemUtils(  690): Size after punching holes st_blocks: 139112, st_blksize: 4096, st_size: 71283722
11-07 09:11:50.828 D/FileSystemUtils(  690): Extra field length: 9254,  Size before punching holes st_blocks: 139112, st_blksize: 4096, st_size: 71283722
11-07 09:11:50.828 D/FileSystemUtils(  690): Extra field length: 9254 content near offset: 00000000000000000000000000000000000000000000000000000000000000000000000000000000000000000000000000000000000000000000000000000000000000000000000000000000000000000000000000000000000000000000000000000000000000000000000000000000000000000000000000000000000000000000000000000000000000000000000000000000000000000000000000000000000000000000000000000000000000000000000000000000000000000000000000000000000000000000000000000000000000000000000000000000000000000000000000000000000000000000000000000000000000000000000000000000000000000000000000000000000000000000000000000000000000000000000000000000000000000000000000000000000000000000000000000000000000000000000000000000000000000000000000000000000000000000000000000000000000000000000000000000000000000000000000000000000000000000000000000000000000000000000000000000000000000000000000000000000000000000000000000000000000000000000000000000000000000000000000000000000000000000000000000000000000000000000000000000000000000000000000000000000000000
11-07 09:11:50.828 D/FileSystemUtils(  690): Punching hole in file - start: 16015360 len:8192
11-07 09:11:50.829 D/FileSystemUtils(  690): punchHolesInApk:: Size after punching holes st_blocks: 139096, st_blksize: 4096, st_size: 71283722
11-07 09:11:50.829 D/FileSystemUtils(  690): Total number of LOAD segments 3
11-07 09:11:50.829 D/FileSystemUtils(  690): Size before punching holes st_blocks: 139096, st_blksize: 4096, st_size: 71283722
11-07 09:11:50.829 D/FileSystemUtils(  690): Size after punching holes st_blocks: 139096, st_blksize: 4096, st_size: 71283722
11-07 09:11:50.829 D/FileSystemUtils(  690): Extra field length: 8984,  Size before punching holes st_blocks: 139096, st_blksize: 4096, st_size: 71283722
11-07 09:11:50.829 D/FileSystemUtils(  690): Extra field length: 8984 content near offset: 00000000000000000000000000000000000000000000000000000000000000000000000000000000000000000000000000000000000000000000000000000000000000000000000000000000000000000000000000000000000000000000000000000000000000000000000000000000000000000000000000000000000000000000000000000000000000000000000000000000000000000000000000000000000000000000000000000000000000000000000000000000000000000000000000000000000000000000000000000000000000000000000000000000000000000000000000000000000000000000000000000000000000000000000000000000000000000000000000000000000000000000000000000000000000000000000000000000000000000000000000000000000000000000000000000000000000000000000000000000000000000000000000000000000000000000000000000000000000000000000000000000000000000000000000000000000000000000000000000000000000000000000000000000000000000000000000000000000000000000000000000000000000000000000000000000000000000000000000000000000000000000000000000000000000000000000000000000000000000000000000000000000000000
11-07 09:11:50.829 D/FileSystemUtils(  690): Punching hole in file - start: 18620416 len:8192
11-07 09:11:50.829 D/FileSystemUtils(  690): punchHolesInApk:: Size after punching holes st_blocks: 139080, st_blksize: 4096, st_size: 71283722
11-07 09:11:50.829 D/FileSystemUtils(  690): Total number of LOAD segments 3
11-07 09:11:50.829 D/FileSystemUtils(  690): Size before punching holes st_blocks: 139080, st_blksize: 4096, st_size: 71283722
11-07 09:11:50.829 D/FileSystemUtils(  690): Size after punching holes st_blocks: 139080, st_blksize: 4096, st_size: 71283722
11-07 09:11:50.829 D/FileSystemUtils(  690): Extra field length: 6289,  Size before punching holes st_blocks: 139080, st_blksize: 4096, st_size: 71283722
11-07 09:11:50.829 D/FileSystemUtils(  690): Extra field length: 6289 content near offset: 00000000000000000000000000000000000000000000000000000000000000000000000000000000000000000000000000000000000000000000000000000000000000000000000000000000000000000000000000000000000000000000000000000000000000000000000000000000000000000000000000000000000000000000000000000000000000000000000000000000000000000000000000000000000000000000000000000000000000000000000000000000000000000000000000000000000000000000000000000000000000000000000000000000000000000000000000000000000000000000000000000000000000000000000000000000000000000000000000000000000000000000000000000000000000000000000000000000000000000000000000000000000000000000000000000000000000000000000000000000000000000000000000000000000000000000000000000000000000000000000000000000000000000000000000000000000000000000000000000000000000000000000000000000000000000000000000000000000000000000000000000000000000000000000000000000000000000000000000000000000000000000000000000000000000000000000000000000000000000000000000000000000000000
11-07 09:11:50.829 D/FileSystemUtils(  690): Punching hole in file - start: 18165760 len:4096
11-07 09:11:50.830 D/FileSystemUtils(  690): punchHolesInApk:: Size after punching holes st_blocks: 139072, st_blksize: 4096, st_size: 71283722
11-07 09:11:50.830 D/FileSystemUtils(  690): Total number of LOAD segments 3
11-07 09:11:50.830 D/FileSystemUtils(  690): Size before punching holes st_blocks: 139072, st_blksize: 4096, st_size: 71283722
11-07 09:11:50.830 D/FileSystemUtils(  690): Size after punching holes st_blocks: 139072, st_blksize: 4096, st_size: 71283722
11-07 09:11:50.830 D/FileSystemUtils(  690): Extra field length: 7571,  Size before punching holes st_blocks: 139072, st_blksize: 4096, st_size: 71283722
11-07 09:11:50.830 D/FileSystemUtils(  690): Extra field length: 7571 content near offset: 00000000000000000000000000000000000000000000000000000000000000000000000000000000000000000000000000000000000000000000000000000000000000000000000000000000000000000000000000000000000000000000000000000000000000000000000000000000000000000000000000000000000000000000000000000000000000000000000000000000000000000000000000000000000000000000000000000000000000000000000000000000000000000000000000000000000000000000000000000000000000000000000000000000000000000000000000000000000000000000000000000000000000000000000000000000000000000000000000000000000000000000000000000000000000000000000000000000000000000000000000000000000000000000000000000000000000000000000000000000000000000000000000000000000000000000000000000000000000000000000000000000000000000000000000000000000000000000000000000000000000000000000000000000000000000000000000000000000000000000000000000000000000000000000000000000000000000000000000000000000000000000000000000000000000000000000000000000000000000000000000000000000000000
11-07 09:11:50.830 D/FileSystemUtils(  690): Punching hole in file - start: 18182144 len:4096
11-07 09:11:50.830 D/FileSystemUtils(  690): punchHolesInApk:: Size after punching holes st_blocks: 139064, st_blksize: 4096, st_size: 71283722
11-07 09:11:50.831 D/InstallDependencyHelper(  690): No missing dependency for com.mhamada.telcb1german
11-07 09:11:50.832 V/Configuration(  690): Updating configuration, locales updated from [] to [en_US]
11-07 09:11:50.832 I/system_server(  690): AssetManager2(0xb400007426ac69d8) locale list changing from [] to [en-US]
11-07 09:11:50.838 I/artd    (30540): Merge skipped because there are no existing profiles
11-07 09:11:50.838 I/ArtService(  690): Adjusting the compiler filter for 'com.mhamada.telcb1german' from 'speed-profile' to 'verify' because there is no valid profile
11-07 09:11:50.856 I/artd    (30540): GetBestInfo: /data/app/~~EplCgXKYOow_QyYRCIe1ww==/com.mhamada.telcb1german-GkG2RYNquEuW6rO3dPNZsw==/base.apk has no usable artifacts
11-07 09:11:50.859 I/artd    (30540): Running dex2oat: /apex/com.android.art/bin/art_exec --drop-capabilities --set-task-profile=Dex2OatBootComplete --set-priority=background --keep-fds=6:7:8:9 -- /apex/com.android.art/bin/dex2oat64 --zip-fd=6 --zip-location=/data/app/~~EplCgXKYOow_QyYRCIe1ww==/com.mhamada.telcb1german-GkG2RYNquEuW6rO3dPNZsw==/base.apk --oat-fd=7 --oat-location=/data/app/~~EplCgXKYOow_QyYRCIe1ww==/com.mhamada.telcb1german-GkG2RYNquEuW6rO3dPNZsw==/oat/arm64/base.odex --output-vdex-fd=8 --swap-fd=9 --class-loader-context=PCL[] --classpath-dir=/data/app/~~EplCgXKYOow_QyYRCIe1ww==/com.mhamada.telcb1german-GkG2RYNquEuW6rO3dPNZsw== --instruction-set=arm64 --instruction-set-features=default --instruction-set-variant=generic --compiler-filter=verify --compilation-reason=install --max-image-block-size=524288 --resolve-startup-const-strings=true --generate-mini-debug-info --runtime-arg -Xtarget-sdk-version:36 --runtime-arg -Xhidden-api-policy:enabled --runtime-arg -Xms64m --runtime-arg -Xmx512m --comments=app-name:com.mhamada.telcb1german,app-version-name:1.0.22,app-version-code:22,art-version:360527520
11-07 09:11:50.859 I/artd    (30540): Opened FDs: 6:/data/app/~~EplCgXKYOow_QyYRCIe1ww==/com.mhamada.telcb1german-GkG2RYNquEuW6rO3dPNZsw==/base.apk 7:/data/app/~~EplCgXKYOow_QyYRCIe1ww==/com.mhamada.telcb1german-GkG2RYNquEuW6rO3dPNZsw==/oat/arm64/base.odex.5Bhgxq.tmp 8:/data/app/~~EplCgXKYOow_QyYRCIe1ww==/com.mhamada.telcb1german-GkG2RYNquEuW6rO3dPNZsw==/oat/arm64/base.vdex.zA6Opc.tmp 9:/data/app/~~EplCgXKYOow_QyYRCIe1ww==/com.mhamada.telcb1german-GkG2RYNquEuW6rO3dPNZsw==/oat/arm64/base.odex.swap.xi40ns.tmp 
11-07 09:11:50.864 W/libprocessgroup(30602): A JoinCgroup action in the SystemMemoryProcess profile is used for controller memory in the cgroup v2 hierarchy and will be ignored
11-07 09:11:50.892 W/dex2oat64(30602): Mismatch between dex2oat instruction set features to use (ISA: Arm64 Feature string: a53,crc,-lse,-fp16,-dotprod,-sve) and those from CPP defines (ISA: Arm64 Feature string: -a53,-crc,-lse,-fp16,-dotprod,-sve) for the command line:
11-07 09:11:50.892 W/dex2oat64(30602): /apex/com.android.art/bin/dex2oat64 --zip-fd=6 --zip-location=/data/app/~~EplCgXKYOow_QyYRCIe1ww==/com.mhamada.telcb1german-GkG2RYNquEuW6rO3dPNZsw==/base.apk --oat-fd=7 --oat-location=/data/app/~~EplCgXKYOow_QyYRCIe1ww==/com.mhamada.telcb1german-GkG2RYNquEuW6rO3dPNZsw==/oat/arm64/base.odex --output-vdex-fd=8 --swap-fd=9 --class-loader-context=PCL[] --classpath-dir=/data/app/~~EplCgXKYOow_QyYRCIe1ww==/com.mhamada.telcb1german-GkG2RYNquEuW6rO3dPNZsw== --instruction-set=arm64 --instruction-set-features=default --instruction-set-variant=generic --compiler-filter=verify --compilation-reason=install --max-image-block-size=524288 --resolve-startup-const-strings=true --generate-mini-debug-info --runtime-arg -Xtarget-sdk-version:36 --runtime-arg -Xhidden-api-policy:enabled --runtime-arg -Xms64m --runtime-arg -Xmx512m --comments=app-name:com.mhamada.telcb1german,app-version-name:1.0.22,app-version-code:22,art-version:360527520
11-07 09:11:50.892 I/dex2oat64(30602): /apex/com.android.art/bin/dex2oat64 --output-vdex-fd=8 --class-loader-context=PCL[] --classpath-dir=/data/app/~~EplCgXKYOow_QyYRCIe1ww==/com.mhamada.telcb1german-GkG2RYNquEuW6rO3dPNZsw== --compiler-filter=verify --compilation-reason=install --max-image-block-size=524288 --resolve-startup-const-strings=true --generate-mini-debug-info --comments=app-name:com.mhamada.telcb1german,app-version-name:1.0.22,app-version-code:22,art-version:360527520
11-07 09:11:51.034 I/dex2oat64(30602): Using CollectorTypeCMC GC.
11-07 09:11:51.072 I/dex2oat64(30602): Large app, accepted running with swap.
11-07 09:11:51.323 I/dex2oat64(30602): dex2oat took 431.285ms (664.660ms cpu) (threads: 4) arena alloc=0B (0B) java alloc=23MB (24721632B) native alloc=5142KB (5266304B) free=1324KB (1356528B) swap=16MB (16777216B)
11-07 09:11:51.327 I/artd    (30540): dex2oat returned code 0
11-07 09:11:51.330 I/ArtService(  690): Dexopt result: [packageName = com.mhamada.telcb1german] DexContainerFileDexoptResult{dexContainerFile=/data/app/~~EplCgXKYOow_QyYRCIe1ww==/com.mhamada.telcb1german-GkG2RYNquEuW6rO3dPNZsw==/base.apk, primaryAbi=true, abi=arm64-v8a, actualCompilerFilter=verify, status=PERFORMED, dex2oatWallTimeMillis=467, dex2oatCpuTimeMillis=670, sizeBytes=35817224, sizeBeforeBytes=0, extendedStatusFlags=[]}
11-07 09:11:51.333 W/IPCThreadState(  690): Sending oneway calls to frozen process.
11-07 09:11:51.334 W/IPCThreadState(  690): Sending oneway calls to frozen process.
11-07 09:11:51.334 W/IPCThreadState(  690): Sending oneway calls to frozen process.
11-07 09:11:51.334 W/IPCThreadState(  690): Sending oneway calls to frozen process.
11-07 09:11:51.334 W/IPCThreadState(  690): Sending oneway calls to frozen process.
11-07 09:11:51.334 W/IPCThreadState(  690): Sending oneway calls to frozen process.
11-07 09:11:51.334 W/IPCThreadState(  690): Sending oneway calls to frozen process.
11-07 09:11:51.334 W/IPCThreadState(  690): Sending oneway calls to frozen process.
11-07 09:11:51.334 W/IPCThreadState(  690): Sending oneway calls to frozen process.
11-07 09:11:51.334 W/IPCThreadState(  690): Sending oneway calls to frozen process.
11-07 09:11:51.334 W/IPCThreadState(  690): Sending oneway calls to frozen process.
11-07 09:11:51.334 W/IPCThreadState(  690): Sending oneway calls to frozen process.
11-07 09:11:51.334 W/IPCThreadState(  690): Sending oneway calls to frozen process.
11-07 09:11:51.334 W/IPCThreadState(  690): Sending oneway calls to frozen process.
11-07 09:11:51.334 W/IPCThreadState(  690): Sending oneway calls to frozen process.
11-07 09:11:51.334 W/IPCThreadState(  690): Sending oneway calls to frozen process.
11-07 09:11:51.334 W/IPCThreadState(  690): Sending oneway calls to frozen process.
11-07 09:11:51.334 W/IPCThreadState(  690): Sending oneway calls to frozen process.
11-07 09:11:51.334 W/IPCThreadState(  690): Sending oneway calls to frozen process.
11-07 09:11:51.334 W/IPCThreadState(  690): Sending oneway calls to frozen process.
11-07 09:11:51.334 W/IPCThreadState(  690): Sending oneway calls to frozen process.
11-07 09:11:51.334 W/IPCThreadState(  690): Sending oneway calls to frozen process.
11-07 09:11:51.334 W/IPCThreadState(  690): Sending oneway calls to frozen process.
11-07 09:11:51.334 W/IPCThreadState(  690): Sending oneway calls to frozen process.
11-07 09:11:51.334 W/IPCThreadState(  690): Sending oneway calls to frozen process.
11-07 09:11:51.334 W/IPCThreadState(  690): Sending oneway calls to frozen process.
11-07 09:11:51.334 W/IPCThreadState(  690): Sending oneway calls to frozen process.
11-07 09:11:51.334 W/IPCThreadState(  690): Sending oneway calls to frozen process.
11-07 09:11:51.334 W/IPCThreadState(  690): Sending oneway calls to frozen process.
11-07 09:11:51.334 W/IPCThreadState(  690): Sending oneway calls to frozen process.
11-07 09:11:51.334 W/IPCThreadState(  690): Sending oneway calls to frozen process.
11-07 09:11:51.334 W/IPCThreadState(  690): Sending oneway calls to frozen process.
11-07 09:11:51.334 W/IPCThreadState(  690): Sending oneway calls to frozen process.
11-07 09:11:51.334 W/IPCThreadState(  690): Sending oneway calls to frozen process.
11-07 09:11:51.334 W/IPCThreadState(  690): Sending oneway calls to frozen process.
11-07 09:11:51.334 W/IPCThreadState(  690): Sending oneway calls to frozen process.
11-07 09:11:51.334 W/IPCThreadState(  690): Sending oneway calls to frozen process.
11-07 09:11:51.334 W/IPCThreadState(  690): Sending oneway calls to frozen process.
11-07 09:11:51.334 W/IPCThreadState(  690): Sending oneway calls to frozen process.
11-07 09:11:51.334 W/IPCThreadState(  690): Sending oneway calls to frozen process.
11-07 09:11:51.334 W/IPCThreadState(  690): Sending oneway calls to frozen process.
11-07 09:11:51.334 W/IPCThreadState(  690): Sending oneway calls to frozen process.
11-07 09:11:51.334 W/IPCThreadState(  690): Sending oneway calls to frozen process.
11-07 09:11:51.334 W/IPCThreadState(  690): Sending oneway calls to frozen process.
11-07 09:11:51.334 W/IPCThreadState(  690): Sending oneway calls to frozen process.
11-07 09:11:51.340 D/PackageManager(  690): Instant App installer not found with android.intent.action.INSTALL_INSTANT_APP_PACKAGE
11-07 09:11:51.340 D/PackageManager(  690): Clear ephemeral installer activity
11-07 09:11:51.341 I/logd    ( 3125): start watching /data/system/packages.list ...
11-07 09:11:51.341 I/logd    ( 3125): ReadPackageList, total packages: 221
11-07 09:11:51.341 D/BackupManagerService(  690): [UserID:0] restoreAtInstall pkg=com.mhamada.telcb1german token=15 restoreSet=0
11-07 09:11:51.341 D/BackupManagerService(  690): [UserID:0] Finishing install immediately
11-07 09:11:51.341 V/StorageManagerService(  690): Package null does not have legacy storage
11-07 09:11:51.341 W/IPCThreadState(  690): Sending oneway calls to frozen process.
11-07 09:11:51.341 W/IPCThreadState(  690): Sending oneway calls to frozen process.
11-07 09:11:51.342 D/MediaGrants( 1643): Removed 0 media_grants for 0 user for [com.mhamada.telcb1german]. Reason: Mode changed: android:read_external_storage
11-07 09:11:51.342 I/PackageManager(  690): installation completed for package:com.mhamada.telcb1german. Final code path: /data/app/~~EplCgXKYOow_QyYRCIe1ww==/com.mhamada.telcb1german-GkG2RYNquEuW6rO3dPNZsw==
11-07 09:11:51.343 D/BackgroundInstallControlService(  690): Package event received: 1
11-07 09:11:51.343 D/BackgroundInstallControlService(  690): handlePackageAdd: checking com.mhamada.telcb1german
11-07 09:11:51.343 D/BackgroundInstallControlService(  690): handlePackageAdd com.mhamada.telcb1german: installer (null) doesn't have INSTALL_PACKAGES permission, skipping
11-07 09:11:51.343 D/PackageInstallerSession(  690): Marking session 1741944091 as applied
11-07 09:11:51.339 W/binder:690_E(  690): type=1400 audit(0.0:1784): avc:  denied  { getopt } for  scontext=u:r:system_server:s0 tcontext=u:r:shell:s0 tclass=unix_stream_socket permissive=0
11-07 09:11:51.339 W/binder:690_E(  690): type=1400 audit(0.0:1785): avc:  denied  { getopt } for  scontext=u:r:system_server:s0 tcontext=u:r:shell:s0 tclass=unix_stream_socket permissive=0
11-07 09:11:51.346 D/InstallDependencyHelper(  690): Session complete for 1741944091
11-07 09:11:51.344 W/audit   ( 1283): audit_lost=1473 audit_rate_limit=5 audit_backlog_limit=64
11-07 09:11:51.344 E/audit   ( 1283): rate limit exceeded
11-07 09:11:51.346 I/AppWidgetServiceImpl(  690): Received broadcast: android.intent.action.PACKAGE_ADDED on user 0
11-07 09:11:51.347 I/SdkSandboxManager(  690): No SDKs used. Skipping SDK data reconcilation for CallingInfo{mUid=10217, mPackageName='com.mhamada.telcb1german, mAppProcessToken='null'}
11-07 09:11:51.347 D/SessionCommitReceiver( 1073): Removing unneeded PromiseIcon for package: com.mhamada.telcb1german, install reason: 0, alreadyAddedPromiseIcon: false
11-07 09:11:51.347 D/CarrierSvcBindHelper( 1062): onPackageAdded: com.mhamada.telcb1german
11-07 09:11:51.347 D/NativePermissionController(  522): updatePackagesForUid, UidPackageState{uid: 10217, packageNames: [com.mhamada.telcb1german]}
11-07 09:11:51.347 I/RoleService(  690): Granting default roles...
11-07 09:11:51.347 D/AppSearchAppsIndexerManagerS(  690): userid in package receiver: 10217
11-07 09:11:51.348 D/CarrierSvcBindHelper( 1062): No carrier app for: 0
11-07 09:11:51.348 D/TransparencyService(  690): Not an update. Skipping...
11-07 09:11:51.348 E/AppOps  (  690): attributionTag VCN not declared in manifest of android
11-07 09:11:51.348 E/AppOps  (  690): attributionTag VCN not declared in manifest of android
11-07 09:11:51.348 W/SignedPackage(  690): Package doesn't have required signing certificate: com.google.android.retaildemo
11-07 09:11:51.348 E/RoleControllerServiceImpl(  690): Default/fallback role holder package doesn't qualify for the role, package: com.google.android.gms.supervision, role: android.app.role.SYSTEM_SUPERVISION
11-07 09:11:51.348 D/BackgroundInstallControlService(  690): Package event received: 0
11-07 09:11:51.349 E/SmsApplication( 1062): com.google.android.apps.messaging lost android:read_cell_broadcasts:  (fixing)
11-07 09:11:51.350 I/SatelliteAppTracker( 1062): onPackageAdded : com.mhamada.telcb1german
11-07 09:11:51.350 D/ControlsListingControllerImpl(  935): ServiceConfig reloaded, count: 0
11-07 09:11:51.350 W/SignedPackage(  690): Package doesn't have required signing certificate: com.google.android.apps.work.clouddpc
11-07 09:11:51.350 W/AppOpService(  690): Ignored setUidMode call for runtime permission app op: uid = 10146, code = READ_CELL_BROADCASTS, mode = allow, callingUid = 1001, oldMode = allow
11-07 09:11:51.350 D/ShortcutService(  690): received package broadcast intent: Intent { act=android.intent.action.PACKAGE_ADDED dat=package: flg=0x4000010 (has extras) }
11-07 09:11:51.350 D/ShortcutService(  690): adding package: com.mhamada.telcb1german userId=0
11-07 09:11:51.352 W/AppOpService(  690): Ignored setUidMode call for runtime permission app op: uid = 1001, code = READ_SMS, mode = allow, callingUid = 1001, oldMode = allow
11-07 09:11:51.353 W/AppOpService(  690): Ignored setUidMode call for runtime permission app op: uid = 1001, code = RECEIVE_SMS, mode = allow, callingUid = 1001, oldMode = allow
11-07 09:11:51.353 W/AppOpService(  690): Ignored setUidMode call for runtime permission app op: uid = 1001, code = RECEIVE_WAP_PUSH, mode = allow, callingUid = 1001, oldMode = allow
11-07 09:11:51.353 W/AppOpService(  690): Ignored setUidMode call for runtime permission app op: uid = 1001, code = SEND_SMS, mode = allow, callingUid = 1001, oldMode = allow
11-07 09:11:51.353 W/AppOpService(  690): Ignored setUidMode call for runtime permission app op: uid = 1001, code = READ_CELL_BROADCASTS, mode = allow, callingUid = 1001, oldMode = allow
11-07 09:11:51.354 D/ActivityManager(  690): sync unfroze 29772 com.google.android.permissioncontroller for 6
11-07 09:11:51.355 I/netd    (  463): tetherGetStats() -> {[]} <0.65ms>
11-07 09:11:51.355 W/ProcessStats(  690): Tracking association SourceState{222bf48 system/1000 ImpFg #78451} whose proc state 5 is better than process ProcessState{f2b5c0 com.google.android.permissioncontroller/10192 pkg=com.google.android.permissioncontroller} proc state 14 (21 skipped)
11-07 09:11:51.355 D/ImsResolver( 1062): maybeAddedImsService, packageName: com.mhamada.telcb1german
11-07 09:11:51.355 D/BackgroundInstallControlService(  690): Package event received: 0
11-07 09:11:51.355 V/ImsResolver( 1062): searchForImsServices: package=com.mhamada.telcb1german, users=[UserHandle{0}]
11-07 09:11:51.355 V/ImsResolver( 1062): searchForImsServices: package=com.mhamada.telcb1german, users=[UserHandle{0}]
11-07 09:11:51.356 W/VvmPkgInstalledRcvr( 1062): carrierVvmPkgAdded: carrier vvm packages doesn't contain com.mhamada.telcb1german
11-07 09:11:51.358 V/AccessibilityManagerService(  690): onUserStateChangedLocked for userId: 0, forceUpdate: false
11-07 09:11:51.358 D/ActivityManager(  690): sync unfroze 3035 com.google.android.packageinstaller for 3
11-07 09:11:51.360 W/IPCThreadState(  598): Sending oneway calls to frozen process.
11-07 09:11:51.360 W/IPCThreadState(  598): Sending oneway calls to frozen process.
11-07 09:11:51.360 W/IPCThreadState(  598): Sending oneway calls to frozen process.
11-07 09:11:51.360 W/IPCThreadState(  598): Sending oneway calls to frozen process.
11-07 09:11:51.361 I/SatelliteAppTracker( 1062): onPackageModified : com.mhamada.telcb1german
11-07 09:11:51.361 D/ControlsListingControllerImpl(  935): ServiceConfig reloaded, count: 0
11-07 09:11:51.362 D/ShortcutService(  690): received package broadcast intent: Intent { act=android.intent.action.PACKAGE_CHANGED dat=package: flg=0x5000010 (has extras) }
11-07 09:11:51.362 D/ShortcutService(  690): changing package: com.mhamada.telcb1german userId=0
11-07 09:11:51.363 D/CarrierSvcBindHelper( 1062): onPackageModified: com.mhamada.telcb1german
11-07 09:11:51.363 E/RoleControllerServiceImpl(  690): Default/fallback role holder package doesn't qualify for the role, package: com.google.android.gms, role: android.app.role.WALLET
11-07 09:11:51.363 I/AppWidgetServiceImpl(  690): Received broadcast: android.intent.action.PACKAGE_CHANGED on user 0
11-07 09:11:51.364 D/CarrierSvcBindHelper( 1062): No carrier app for: 0
11-07 09:11:51.364 W/SignedPackage(  690): Cannot get ApplicationInfo for package: com.google.android.devicelockcontroller
11-07 09:11:51.364 D/AppSearchAppsIndexerManagerS(  690): userid in package receiver: 10217
11-07 09:11:51.365 E/SmsApplication( 1062): com.google.android.apps.messaging lost android:read_cell_broadcasts:  (fixing)
11-07 09:11:51.365 W/AppOpService(  690): Ignored setUidMode call for runtime permission app op: uid = 10146, code = READ_CELL_BROADCASTS, mode = allow, callingUid = 1001, oldMode = allow
11-07 09:11:51.365 W/AppOpService(  690): Ignored setUidMode call for runtime permission app op: uid = 1001, code = READ_SMS, mode = allow, callingUid = 1001, oldMode = allow
11-07 09:11:51.365 W/AppOpService(  690): Ignored setUidMode call for runtime permission app op: uid = 1001, code = RECEIVE_SMS, mode = allow, callingUid = 1001, oldMode = allow
11-07 09:11:51.365 W/AppOpService(  690): Ignored setUidMode call for runtime permission app op: uid = 1001, code = RECEIVE_WAP_PUSH, mode = allow, callingUid = 1001, oldMode = allow
11-07 09:11:51.365 W/AppOpService(  690): Ignored setUidMode call for runtime permission app op: uid = 1001, code = SEND_SMS, mode = allow, callingUid = 1001, oldMode = allow
11-07 09:11:51.365 W/AppOpService(  690): Ignored setUidMode call for runtime permission app op: uid = 1001, code = READ_CELL_BROADCASTS, mode = allow, callingUid = 1001, oldMode = allow
11-07 09:11:51.368 D/ImsResolver( 1062): maybeAddedImsService, packageName: com.mhamada.telcb1german
11-07 09:11:51.368 V/ImsResolver( 1062): searchForImsServices: package=com.mhamada.telcb1german, users=[UserHandle{0}]
11-07 09:11:51.368 V/ImsResolver( 1062): searchForImsServices: package=com.mhamada.telcb1german, users=[UserHandle{0}]
11-07 09:11:51.369 D/SatelliteController( 1062): packageStateChanged: package:com.mhamada.telcb1german DefaultSmsPackageName:com.google.android.apps.messaging
11-07 09:11:51.370 V/SatelliteController( 1062): Neither SMS or SatelliteGateway package
11-07 09:11:51.370 E/SmsApplication( 1062): com.google.android.apps.messaging lost android:read_cell_broadcasts:  (fixing)
11-07 09:11:51.370 W/AppOpService(  690): Ignored setUidMode call for runtime permission app op: uid = 10146, code = READ_CELL_BROADCASTS, mode = allow, callingUid = 1001, oldMode = allow
11-07 09:11:51.370 W/AppOpService(  690): Ignored setUidMode call for runtime permission app op: uid = 1001, code = READ_SMS, mode = allow, callingUid = 1001, oldMode = allow
11-07 09:11:51.370 W/AppOpService(  690): Ignored setUidMode call for runtime permission app op: uid = 1001, code = RECEIVE_SMS, mode = allow, callingUid = 1001, oldMode = allow
11-07 09:11:51.371 W/AppOpService(  690): Ignored setUidMode call for runtime permission app op: uid = 1001, code = RECEIVE_WAP_PUSH, mode = allow, callingUid = 1001, oldMode = allow
11-07 09:11:51.371 I/PermissionControllerServiceImpl(29772): Updating user sensitive for uid 10217
11-07 09:11:51.371 W/AppOpService(  690): Ignored setUidMode call for runtime permission app op: uid = 1001, code = SEND_SMS, mode = allow, callingUid = 1001, oldMode = allow
11-07 09:11:51.371 W/AppOpService(  690): Ignored setUidMode call for runtime permission app op: uid = 1001, code = READ_CELL_BROADCASTS, mode = allow, callingUid = 1001, oldMode = allow
11-07 09:11:51.371 D/SatelliteAccessController( 1062): Current default SMS app:ComponentInfo{com.google.android.apps.messaging/com.google.android.apps.messaging.shared.receiver.SmsDeliverReceiver}
11-07 09:11:51.371 D/SatelliteController( 1062): getSelectedSatelliteSubId: subId=-1
11-07 09:11:51.372 D/SatelliteAccessController( 1062): supportedMsgApps:com.google.android.apps.messaging
11-07 09:11:51.373 I/PermissionControllerServiceImpl(29772): Updating user sensitive for uid 10217
11-07 09:11:51.373 I/Fitness ( 1252): OnPackageChangedOperation got intent: Intent { act=android.intent.action.PACKAGE_CHANGED dat=package: flg=0x5000010 xflg=0x4 pkg=com.google.android.gms cmp=com.google.android.gms/.chimera.PersistentIntentOperationService (has extras) } [CONTEXT service_id=17 ]
11-07 09:11:51.373 I/SafetyLabelChangedBroadcastReceiver(29772): received broadcast packageName: com.mhamada.telcb1german, current user: UserHandle{0}, packageChangeEvent: NEW_INSTALL, intent user: UserHandle{0}
11-07 09:11:51.371 D/LauncherAppsService(  690): onPackageAdded: triggering onPackageAdded for user=UserHandle{0}, packageName=com.mhamada.telcb1german
11-07 09:11:51.378 I/system_server(  690): AssetManager2(0xb400007426ac69d8) locale list changing from [] to [en-US]
11-07 09:11:51.378 D/LauncherAppsCallbackImpl( 1073): onPackageAdded triggered for packageName=com.mhamada.telcb1german, user=UserHandle{0}
11-07 09:11:51.378 D/PackageUpdatedTask( 1073): Package updated: mOp=ADD packages=[com.mhamada.telcb1german], user=UserHandle{0}
11-07 09:11:51.378 D/LauncherAppsService(  690): onPackageAdded: triggering onPackageAdded for user=UserHandle{0}, packageName=com.mhamada.telcb1german
11-07 09:11:51.378 D/LauncherAppsService(  690): onPackageAdded: triggering onPackageAdded for user=UserHandle{0}, packageName=com.mhamada.telcb1german
11-07 09:11:51.378 D/LauncherAppsService(  690): onPackageAdded: Skipping - package filtered for user=UserHandle{0}, packageName=com.mhamada.telcb1german
11-07 09:11:51.378 W/PackageManager(  690): Failed registering loading progress callback. Package is fully loaded.
11-07 09:11:51.379 I/gle.android.gms(18965): AssetManager2(0xb400007426a2ac18) locale list changing from [] to [en-US]
11-07 09:11:51.379 I/s.nexuslauncher( 1073): AssetManager2(0xb400007426ad79b8) locale list changing from [] to [en-US]
11-07 09:11:51.379 I/AiAiEcho( 1655): AppFetcherImplV2 updateApps package:[com.mhamada.telcb1german], userId:[0], reason:[package is added.].
11-07 09:11:51.380 W/MagnificationConnectionManager(  690): requestConnection duplicated request: connect=false, mConnectionState=DISCONNECTED
11-07 09:11:51.380 I/ogle.android.as( 1655): AssetManager2(0xb400007426acb7f8) locale list changing from [] to [en-US]
11-07 09:11:51.380 V/AccessibilityManagerService(  690): onUserStateChangedLocked for userId: 0, forceUpdate: false
11-07 09:11:51.380 W/MagnificationConnectionManager(  690): requestConnection duplicated request: connect=false, mConnectionState=DISCONNECTED
11-07 09:11:51.381 W/IPCThreadState(  690): Sending oneway calls to frozen process.
11-07 09:11:51.381 W/IPCThreadState(  690): Sending oneway calls to frozen process.
11-07 09:11:51.381 W/IPCThreadState(  690): Sending oneway calls to frozen process.
11-07 09:11:51.381 I/AiAiEcho( 1655): AppIndexer Package:[com.mhamada.telcb1german] UserProfile:[0] Enabled:[true].
11-07 09:11:51.381 I/AiAiEcho( 1655): AppFetcherImplV2 updateApps package:[com.mhamada.telcb1german], userId:[0], reason:[package is updated.].
11-07 09:11:51.382 I/Fitness ( 1252): FitCleanupIntentOperation received Intent android.intent.action.PACKAGE_CHANGED [CONTEXT service_id=17 ]
11-07 09:11:51.387 W/IPCThreadState(  690): Sending oneway calls to frozen process.
11-07 09:11:51.389 W/HWUI    ( 1073): Image decoding logging dropped!
11-07 09:11:51.391 W/IPCThreadState(  690): Sending oneway calls to frozen process.
11-07 09:11:51.391 W/IPCThreadState(  690): Sending oneway calls to frozen process.
11-07 09:11:51.391 W/IPCThreadState(  690): Sending oneway calls to frozen process.
11-07 09:11:51.391 W/IPCThreadState(  690): Sending oneway calls to frozen process.
11-07 09:11:51.394 W/IPCThreadState(  690): Sending oneway calls to frozen process.
11-07 09:11:51.394 W/IPCThreadState(  690): Sending oneway calls to frozen process.
11-07 09:11:51.394 W/IPCThreadState(  690): Sending oneway calls to frozen process.
11-07 09:11:51.394 W/IPCThreadState(  690): Sending oneway calls to frozen process.
11-07 09:11:51.394 W/IPCThreadState(  690): Sending oneway calls to frozen process.
11-07 09:11:51.394 W/IPCThreadState(  690): Sending oneway calls to frozen process.
11-07 09:11:51.394 W/IPCThreadState(  690): Sending oneway calls to frozen process.
11-07 09:11:51.394 W/IPCThreadState(  690): Sending oneway calls to frozen process.
11-07 09:11:51.394 W/IPCThreadState(  690): Sending oneway calls to frozen process.
11-07 09:11:51.394 W/IPCThreadState(  690): Sending oneway calls to frozen process.
11-07 09:11:51.394 W/IPCThreadState(  690): Sending oneway calls to frozen process.
11-07 09:11:51.394 W/IPCThreadState(  690): Sending oneway calls to frozen process.
11-07 09:11:51.395 I/Auth    (18965): [SupervisedAccountIntentOperationV2] onHandleIntent: android.intent.action.PACKAGE_ADDED [CONTEXT service_id=42 ]
11-07 09:11:51.395 I/Blockstore(18965): [DataStoreImpl] Clearing Blockstore Data for package com.mhamada.telcb1german [CONTEXT service_id=258 ]
11-07 09:11:51.396 I/Blockstore(18965): [DataStoreImpl] Keyless data not found or its IsLastInstallationData = false. [CONTEXT service_id=258 ]
11-07 09:11:51.399 W/HWUI    ( 1073): Image decoding logging dropped!
11-07 09:11:51.399 W/Dck     (18965): Disable DCK module - Android debug build without fullaccess [CONTEXT service_id=289 ]
11-07 09:11:51.399 W/Dck     (18965): Dck module not eligible for asynchronous downloading [CONTEXT service_id=289 ]
11-07 09:11:51.401 I/ogle.android.as( 1655): AssetManager2(0xb400007426a8f578) locale list changing from [] to [en-US]
11-07 09:11:51.402 I/ogle.android.as( 1655): AssetManager2(0xb400007426a8f258) locale list changing from [] to [en-US]
11-07 09:11:51.406 I/ogle.android.as( 1655): AssetManager2(0xb400007426a9a158) locale list changing from [] to [en-US]
11-07 09:11:51.407 I/AppWidgetServiceImpl(  690): getInstalledProvidersForProfiles() 0
11-07 09:11:51.412 W/ParceledListSlice(  690): Element #26 is 20792 bytes.
11-07 09:11:51.412 W/ParceledListSlice(  690): Element #27 is 20828 bytes.
11-07 09:11:51.413 W/ParceledListSlice(  690): Element #28 is 20968 bytes.
11-07 09:11:51.413 W/ParceledListSlice(  690): Element #29 is 21056 bytes.
11-07 09:11:51.413 W/ParceledListSlice(  690): Element #30 is 20692 bytes.
11-07 09:11:51.413 I/ProximityAuth( 1252): [RecentAppsMediator] Package added: (user=UserHandle{0}) com.mhamada.telcb1german
11-07 09:11:51.416 W/GCM     ( 1252): Unexpected forwarded intent: Intent { act=android.intent.action.PACKAGE_ADDED dat=package: flg=0x4000010 pkg=com.google.android.gms cmp=com.google.android.gms/.chimera.PersistentIntentOperationService (has extras) }
11-07 09:11:51.416 W/NetworkScheduler( 1252): Unexpected forwarded intent: Intent { act=android.intent.action.PACKAGE_ADDED dat=package: flg=0x4000010 pkg=com.google.android.gms cmp=com.google.android.gms/.chimera.PersistentIntentOperationService (has extras) }
11-07 09:11:51.417 I/.gms.persistent( 1252): AssetManager2(0xb400007426a25178) locale list changing from [] to [en-US]
11-07 09:11:51.427 I/ogle.android.as( 1655): AssetManager2(0xb400007426acb7f8) locale list changing from [] to [en-US]
11-07 09:11:51.427 I/ogle.android.as( 1655): AssetManager2(0xb400007426a98858) locale list changing from [] to [en-US]
11-07 09:11:51.428 I/ogle.android.as( 1655): AssetManager2(0xb400007426abf638) locale list changing from [] to [en-US]
11-07 09:11:51.428 I/ogle.android.as( 1655): AssetManager2(0xb400007426af2c18) locale list changing from [] to [en-US]
11-07 09:11:51.429 I/ogle.android.as( 1655): AssetManager2(0xb400007426af6138) locale list changing from [] to [en-US]
11-07 09:11:51.429 I/ogle.android.as( 1655): AssetManager2(0xb400007426ab7618) locale list changing from [] to [en-US]
11-07 09:11:51.429 I/ogle.android.as( 1655): AssetManager2(0xb400007426ac1578) locale list changing from [] to [en-US]
11-07 09:11:51.431 I/Fitness ( 1252): OnPackageChangedOperation got intent: Intent { act=android.intent.action.PACKAGE_CHANGED dat=package: flg=0x5000010 xflg=0x4 pkg=com.google.android.gms cmp=com.google.android.gms/.chimera.PersistentIntentOperationService (has extras) } [CONTEXT service_id=17 ]
11-07 09:11:51.431 D/BoundBrokerSvc(18965): onBind: Intent { act=com.google.android.gms.feedback.internal.IFeedbackService dat=chimera-action:/... xflg=0x4 cmp=com.google.android.gms/.chimera.GmsBoundBrokerService }
11-07 09:11:51.431 D/BoundBrokerSvc(18965): Loading bound service for intent: Intent { act=com.google.android.gms.feedback.internal.IFeedbackService dat=chimera-action:/... xflg=0x4 cmp=com.google.android.gms/.chimera.GmsBoundBrokerService }
11-07 09:11:51.433 I/ogle.android.as( 1655): AssetManager2(0xb400007426a914b8) locale list changing from [] to [en-US]
11-07 09:11:51.433 I/ogle.android.as( 1655): AssetManager2(0xb400007426a92138) locale list changing from [] to [en-US]
11-07 09:11:51.433 W/HWUI    ( 1073): Failed to choose config with EGL_SWAP_BEHAVIOR_PRESERVED, retrying without...
11-07 09:11:51.433 W/HWUI    ( 1073): Failed to initialize 101010-2 format, error = EGL_SUCCESS
11-07 09:11:51.434 I/ogle.android.as( 1655): AssetManager2(0xb400007426af3898) locale list changing from [] to [en-US]
11-07 09:11:51.435 W/HWUI    ( 1073): Image decoding logging dropped!
11-07 09:11:51.435 D/AlphabeticIndexCompat( 1073): computeSectionName: cs: German TELC B1 sectionName: G
11-07 09:11:51.436 I/AppWidgetServiceImpl(  690): getInstalledProvidersForProfiles() 0
11-07 09:11:51.436 D/AllAppsStore( 1073): setApps: apps.length=19
11-07 09:11:51.436 D/AllAppsStore( 1073): notifyUpdate: notifying listeners
11-07 09:11:51.436 D/ActivityAllAppsContainerView( 1073): onAppsUpdated; number of apps: 19
11-07 09:11:51.436 D/ActivityAllAppsContainerView( 1073): rebindAdapters: force: false
11-07 09:11:51.436 D/ActivityAllAppsContainerView( 1073): rebindAdapters: Not needed.
11-07 09:11:51.436 D/StatsLog( 1073): LAUNCHER_ALLAPPS_COUNT
11-07 09:11:51.436 D/AlphabeticalAppsList( 1073): Clearing FastScrollerSections.
11-07 09:11:51.436 D/AlphabeticalAppsList( 1073): Adding apps with sections. HasPrivateApps: false
11-07 09:11:51.436 D/AlphabeticalAppsList( 1073): addAppsWithSections: adding sectionName: C with appInfoTitle: Calendar
11-07 09:11:51.436 D/AlphabeticalAppsList( 1073): addAppsWithSections: adding sectionName: D with appInfoTitle: Drive
11-07 09:11:51.436 D/AlphabeticalAppsList( 1073): addAppsWithSections: adding sectionName: F with appInfoTitle: Files
11-07 09:11:51.436 D/AlphabeticalAppsList( 1073): addAppsWithSections: adding sectionName: G with appInfoTitle: German TELC B1
11-07 09:11:51.436 D/AlphabeticalAppsList( 1073): addAppsWithSections: adding sectionName: M with appInfoTitle: Maps
11-07 09:11:51.436 D/AlphabeticalAppsList( 1073): addAppsWithSections: adding sectionName: P with appInfoTitle: Phone
11-07 09:11:51.436 D/AlphabeticalAppsList( 1073): addAppsWithSections: adding sectionName: S with appInfoTitle: Safety
11-07 09:11:51.436 D/AlphabeticalAppsList( 1073): addAppsWithSections: adding sectionName: T with appInfoTitle: TMoble
11-07 09:11:51.436 D/AlphabeticalAppsList( 1073): addAppsWithSections: adding sectionName: Y with appInfoTitle: YouTube
11-07 09:11:51.436 D/AlphabeticalAppsList( 1073): Adding FastScrollSection duplicate to scroll to the bottom.
11-07 09:11:51.436 D/AlphabeticalAppsList( 1073): Clearing FastScrollerSections.
11-07 09:11:51.436 D/AlphabeticalAppsList( 1073): Adding apps with sections. HasPrivateApps: false
11-07 09:11:51.436 D/AlphabeticalAppsList( 1073): addAppsWithSections: adding sectionName: C with appInfoTitle: Calendar
11-07 09:11:51.436 D/AlphabeticalAppsList( 1073): addAppsWithSections: adding sectionName: D with appInfoTitle: Drive
11-07 09:11:51.436 D/AlphabeticalAppsList( 1073): addAppsWithSections: adding sectionName: F with appInfoTitle: Files
11-07 09:11:51.436 D/AlphabeticalAppsList( 1073): addAppsWithSections: adding sectionName: G with appInfoTitle: German TELC B1
11-07 09:11:51.436 D/AlphabeticalAppsList( 1073): addAppsWithSections: adding sectionName: M with appInfoTitle: Maps
11-07 09:11:51.436 D/AlphabeticalAppsList( 1073): addAppsWithSections: adding sectionName: P with appInfoTitle: Phone
11-07 09:11:51.436 D/AlphabeticalAppsList( 1073): addAppsWithSections: adding sectionName: S with appInfoTitle: Safety
11-07 09:11:51.436 D/AlphabeticalAppsList( 1073): addAppsWithSections: adding sectionName: T with appInfoTitle: TMoble
11-07 09:11:51.436 D/AlphabeticalAppsList( 1073): addAppsWithSections: adding sectionName: Y with appInfoTitle: YouTube
11-07 09:11:51.436 D/AlphabeticalAppsList( 1073): Adding FastScrollSection duplicate to scroll to the bottom.
11-07 09:11:51.436 I/ogle.android.as( 1655): AssetManager2(0xb400007426abdd38) locale list changing from [] to [en-US]
11-07 09:11:51.436 I/AiAiEcho( 1655): EchoSearch: WidgetFetcherImpl is initialized with [34] widgets [reason=package added for userId: 0]
11-07 09:11:51.443 I/gle.android.gms(18965): AssetManager2(0xb400007426a3a618) locale list changing from [] to [en-US]
11-07 09:11:51.447 I/Fitness ( 1252): FitCleanupIntentOperation received Intent android.intent.action.PACKAGE_CHANGED [CONTEXT service_id=17 ]
11-07 09:11:51.450 W/HWUI    ( 1073): Image decoding logging dropped!
11-07 09:11:51.451 I/Icing   (18965): IndexChimeraService.getServiceInterface callingPackage=com.google.android.gms componentName=AppsCorpus serviceId=36
11-07 09:11:51.453 D/BaseAllAppsAdapter( 1073): onBindViewHolder: isPrivateSpaceItem: false isStateTransitioning: false isScrolling: false readyToAnimate: false currentState: 0 currentAlpha: 1.0
11-07 09:11:51.453 D/BaseAllAppsAdapter( 1073): onBindViewHolder: isPrivateSpaceItem: false isStateTransitioning: false isScrolling: false readyToAnimate: false currentState: 0 currentAlpha: 1.0
11-07 09:11:51.453 D/BaseAllAppsAdapter( 1073): onBindViewHolder: isPrivateSpaceItem: false isStateTransitioning: false isScrolling: false readyToAnimate: false currentState: 0 currentAlpha: 1.0
11-07 09:11:51.453 D/BaseAllAppsAdapter( 1073): onBindViewHolder: isPrivateSpaceItem: false isStateTransitioning: false isScrolling: false readyToAnimate: false currentState: 0 currentAlpha: 1.0
11-07 09:11:51.453 D/BaseAllAppsAdapter( 1073): onBindViewHolder: isPrivateSpaceItem: false isStateTransitioning: false isScrolling: false readyToAnimate: false currentState: 0 currentAlpha: 1.0
11-07 09:11:51.453 D/BaseAllAppsAdapter( 1073): onBindViewHolder: isPrivateSpaceItem: false isStateTransitioning: false isScrolling: false readyToAnimate: false currentState: 0 currentAlpha: 1.0
11-07 09:11:51.453 D/BaseAllAppsAdapter( 1073): onBindViewHolder: isPrivateSpaceItem: false isStateTransitioning: false isScrolling: false readyToAnimate: false currentState: 0 currentAlpha: 1.0
11-07 09:11:51.456 D/BaseAllAppsAdapter( 1073): onBindViewHolder: isPrivateSpaceItem: false isStateTransitioning: false isScrolling: false readyToAnimate: false currentState: 0 currentAlpha: 1.0
11-07 09:11:51.456 D/BaseAllAppsAdapter( 1073): onBindViewHolder: isPrivateSpaceItem: false isStateTransitioning: false isScrolling: false readyToAnimate: false currentState: 0 currentAlpha: 1.0
11-07 09:11:51.456 D/BaseAllAppsAdapter( 1073): onBindViewHolder: isPrivateSpaceItem: false isStateTransitioning: false isScrolling: false readyToAnimate: false currentState: 0 currentAlpha: 1.0
11-07 09:11:51.456 D/BaseAllAppsAdapter( 1073): onBindViewHolder: isPrivateSpaceItem: false isStateTransitioning: false isScrolling: false readyToAnimate: false currentState: 0 currentAlpha: 1.0
11-07 09:11:51.456 D/BaseAllAppsAdapter( 1073): onBindViewHolder: isPrivateSpaceItem: false isStateTransitioning: false isScrolling: false readyToAnimate: false currentState: 0 currentAlpha: 1.0
11-07 09:11:51.456 D/BaseAllAppsAdapter( 1073): onBindViewHolder: isPrivateSpaceItem: false isStateTransitioning: false isScrolling: false readyToAnimate: false currentState: 0 currentAlpha: 1.0
11-07 09:11:51.456 D/BaseAllAppsAdapter( 1073): onBindViewHolder: isPrivateSpaceItem: false isStateTransitioning: false isScrolling: false readyToAnimate: false currentState: 0 currentAlpha: 1.0
11-07 09:11:51.456 D/BaseAllAppsAdapter( 1073): onBindViewHolder: isPrivateSpaceItem: false isStateTransitioning: false isScrolling: false readyToAnimate: false currentState: 0 currentAlpha: 1.0
11-07 09:11:51.456 D/BaseAllAppsAdapter( 1073): onBindViewHolder: isPrivateSpaceItem: false isStateTransitioning: false isScrolling: false readyToAnimate: false currentState: 0 currentAlpha: 1.0
11-07 09:11:51.456 D/BaseAllAppsAdapter( 1073): onBindViewHolder: isPrivateSpaceItem: false isStateTransitioning: false isScrolling: false readyToAnimate: false currentState: 0 currentAlpha: 1.0
11-07 09:11:51.456 D/BaseAllAppsAdapter( 1073): onBindViewHolder: isPrivateSpaceItem: false isStateTransitioning: false isScrolling: false readyToAnimate: false currentState: 0 currentAlpha: 1.0
11-07 09:11:51.456 D/BaseAllAppsAdapter( 1073): onBindViewHolder: isPrivateSpaceItem: false isStateTransitioning: false isScrolling: false readyToAnimate: false currentState: 0 currentAlpha: 1.0
11-07 09:11:51.475 D/BackgroundInstallControlService(  690): Package event received: 0
11-07 09:11:51.475 D/BackgroundInstallControlService(  690): Package event received: 0
11-07 09:11:51.477 W/HWUI    ( 1073): Image decoding logging dropped!
11-07 09:11:51.477 I/Icing   (18965): IndexChimeraService.getServiceInterface callingPackage=com.google.android.gms componentName=null serviceId=30
11-07 09:11:51.479 I/Icing   (18965): Usage reports ok 0, Failed Usage reports 0, indexed 0, rejected 0
11-07 09:11:51.485 I/Icing   (18965): Usage reports ok 0, Failed Usage reports 0, indexed 0, rejected 0
11-07 09:11:51.490 W/System  ( 1073): A resource failed to call release. 
11-07 09:11:51.490 W/System  ( 1073): A resource failed to call release. 
11-07 09:11:51.490 W/System  ( 1073): A resource failed to call release. 
11-07 09:11:51.493 I/.apps.wellbeing( 1531): AssetManager2(0xb400007426a38d18) locale list changing from [] to [en-US]
11-07 09:11:51.494 I/Icing   (18965): Indexing com.google.android.gms-apps from com.google.android.gms
11-07 09:11:51.495 I/.apps.wellbeing( 1531): AssetManager2(0xb400007426a12ed8) locale list changing from [] to [en-US]
11-07 09:11:51.496 D/AlphabeticIndexCompat( 1073): computeSectionName: cs: Settings sectionName: S
11-07 09:11:51.496 D/AlphabeticIndexCompat( 1073): computeSectionName: cs: Photos sectionName: P
11-07 09:11:51.496 I/Icing   (18965): Indexing done com.google.android.gms-apps
11-07 09:11:51.496 I/Icing   (18965): Indexing com.google.android.gms-apps from com.google.android.gms
11-07 09:11:51.496 D/AlphabeticIndexCompat( 1073): computeSectionName: cs: Battery sectionName: B
