11-07 09:11:55.687 W/unknown:ViewManagerPropertyUpdater(30718): Could not find generated setter for class com.facebook.react.views.switchview.ReactSwitchManager
11-07 09:11:55.687 W/unknown:ViewManagerPropertyUpdater(30718): Could not find generated setter for class com.facebook.react.views.switchview.ReactSwitchShadowNode
11-07 09:11:55.688 W/unknown:ViewManagerPropertyUpdater(30718): Could not find generated setter for class com.facebook.react.views.text.ReactVirtualTextViewManager
11-07 09:11:55.688 W/unknown:ViewManagerPropertyUpdater(30718): Could not find generated setter for class com.facebook.react.views.text.ReactVirtualTextShadowNode
11-07 09:11:55.688 W/unknown:ViewManagerPropertyUpdater(30718): Could not find generated setter for class com.facebook.react.views.swiperefresh.SwipeRefreshLayoutManager
11-07 09:11:55.688 W/unknown:ViewManagerPropertyUpdater(30718): Could not find generated setter for class com.facebook.react.views.text.ReactRawTextManager
11-07 09:11:55.688 W/unknown:ViewManagerPropertyUpdater(30718): Could not find generated setter for class com.facebook.react.views.text.ReactRawTextShadowNode
11-07 09:11:55.688 W/unknown:ViewManagerPropertyUpdater(30718): Could not find generated setter for class com.facebook.react.views.textinput.ReactTextInputManager
11-07 09:11:55.689 W/unknown:ViewManagerPropertyUpdater(30718): Could not find generated setter for class com.facebook.react.views.textinput.ReactTextInputShadowNode
11-07 09:11:55.689 W/unknown:ViewManagerPropertyUpdater(30718): Could not find generated setter for class com.swmansion.gesturehandler.react.RNGestureHandlerRootViewManager
11-07 09:11:55.696 W/unknown:BridgelessReact(30718): ReactContext.onHostResume()
11-07 09:11:55.696 W/unknown:BridgelessReact(30718): ReactHost{0}.getOrCreateReactInstanceTask(): Executing ReactInstanceEventListeners
11-07 09:11:55.696 W/unknown:ViewManagerPropertyUpdater(30718): Could not find generated setter for class com.facebook.react.uimanager.RootViewManager
11-07 09:11:55.696 W/Bundle  (30718): Key firebase_analytics_collection_deactivated expected Boolean but value was a java.lang.String.  The default value false was returned.
11-07 09:11:55.696 W/Bundle  (30718): Attempt to cast generated internal exception:
11-07 09:11:55.696 W/Bundle  (30718): java.lang.ClassCastException: java.lang.String cannot be cast to java.lang.Boolean
11-07 09:11:55.696 W/Bundle  (30718): 	at android.os.BaseBundle.getBoolean(BaseBundle.java:1190)
11-07 09:11:55.696 W/Bundle  (30718): 	at android.os.BaseBundle.getBoolean(BaseBundle.java:1143)
11-07 09:11:55.696 W/Bundle  (30718): 	at com.google.android.gms.measurement.internal.zzal.zzr(com.google.android.gms:play-services-measurement-impl@@23.0.0:6)
11-07 09:11:55.696 W/Bundle  (30718): 	at com.google.android.gms.measurement.internal.zzal.zzt(com.google.android.gms:play-services-measurement-impl@@23.0.0:2)
11-07 09:11:55.696 W/Bundle  (30718): 	at com.google.android.gms.measurement.internal.zzic.zzC(com.google.android.gms:play-services-measurement-impl@@23.0.0:3)
11-07 09:11:55.696 W/Bundle  (30718): 	at com.google.android.gms.measurement.internal.zzic.zzB(com.google.android.gms:play-services-measurement-impl@@23.0.0:1)
11-07 09:11:55.696 W/Bundle  (30718): 	at com.google.android.gms.measurement.internal.zzgi.zzh(com.google.android.gms:play-services-measurement-impl@@23.0.0:33)
11-07 09:11:55.696 W/Bundle  (30718): 	at com.google.android.gms.measurement.internal.zznl.zzah(com.google.android.gms:play-services-measurement-impl@@23.0.0:9)
11-07 09:11:55.696 W/Bundle  (30718): 	at com.google.android.gms.measurement.internal.zznl.zzQ(com.google.android.gms:play-services-measurement-impl@@23.0.0:3)
11-07 09:11:55.696 W/Bundle  (30718): 	at com.google.android.gms.measurement.internal.zznk.run(Unknown Source:2)
11-07 09:11:55.696 W/Bundle  (30718): 	at com.google.android.gms.measurement.internal.zznl.zzag(com.google.android.gms:play-services-measurement-impl@@23.0.0:6)
11-07 09:11:55.696 W/Bundle  (30718): 	at com.google.android.gms.measurement.internal.zznl.zzL(com.google.android.gms:play-services-measurement-impl@@23.0.0:4)
11-07 09:11:55.696 W/Bundle  (30718): 	at com.google.android.gms.measurement.internal.zzna.run(com.google.android.gms:play-services-measurement-impl@@23.0.0:5)
11-07 09:11:55.696 W/Bundle  (30718): 	at java.util.concurrent.Executors$RunnableAdapter.call(Executors.java:524)
11-07 09:11:55.696 W/Bundle  (30718): 	at java.util.concurrent.FutureTask.run(FutureTask.java:317)
11-07 09:11:55.696 W/Bundle  (30718): 	at com.google.android.gms.measurement.internal.zzhy.run(com.google.android.gms:play-services-measurement-impl@@23.0.0:6)
11-07 09:11:55.697 W/Bundle  (30718): Key firebase_analytics_collection_deactivated expected Boolean but value was a java.lang.String.  The default value false was returned.
11-07 09:11:55.697 I/ActivityTaskManager(  690): Displayed com.mhamada.telcb1german/.MainActivity for user 0: +172ms
11-07 09:11:55.697 W/Bundle  (30718): Attempt to cast generated internal exception:
11-07 09:11:55.697 W/Bundle  (30718): java.lang.ClassCastException: java.lang.String cannot be cast to java.lang.Boolean
11-07 09:11:55.697 W/Bundle  (30718): 	at android.os.BaseBundle.getBoolean(BaseBundle.java:1190)
11-07 09:11:55.697 W/Bundle  (30718): 	at android.os.BaseBundle.getBoolean(BaseBundle.java:1143)
11-07 09:11:55.697 W/Bundle  (30718): 	at com.google.android.gms.measurement.internal.zzal.zzr(com.google.android.gms:play-services-measurement-impl@@23.0.0:6)
11-07 09:11:55.697 W/Bundle  (30718): 	at com.google.android.gms.measurement.internal.zzal.zzt(com.google.android.gms:play-services-measurement-impl@@23.0.0:2)
11-07 09:11:55.697 W/Bundle  (30718): 	at com.google.android.gms.measurement.internal.zzic.zzC(com.google.android.gms:play-services-measurement-impl@@23.0.0:3)
11-07 09:11:55.697 W/Bundle  (30718): 	at com.google.android.gms.measurement.internal.zzic.zzB(com.google.android.gms:play-services-measurement-impl@@23.0.0:1)
11-07 09:11:55.697 W/Bundle  (30718): 	at com.google.android.gms.measurement.internal.zzgi.zzh(com.google.android.gms:play-services-measurement-impl@@23.0.0:37)
11-07 09:11:55.697 W/Bundle  (30718): 	at com.google.android.gms.measurement.internal.zznl.zzah(com.google.android.gms:play-services-measurement-impl@@23.0.0:9)
11-07 09:11:55.697 W/Bundle  (30718): 	at com.google.android.gms.measurement.internal.zznl.zzQ(com.google.android.gms:play-services-measurement-impl@@23.0.0:3)
11-07 09:11:55.697 W/Bundle  (30718): 	at com.google.android.gms.measurement.internal.zznk.run(Unknown Source:2)
11-07 09:11:55.697 W/Bundle  (30718): 	at com.google.android.gms.measurement.internal.zznl.zzag(com.google.android.gms:play-services-measurement-impl@@23.0.0:6)
11-07 09:11:55.697 W/Bundle  (30718): 	at com.google.android.gms.measurement.internal.zznl.zzL(com.google.android.gms:play-services-measurement-impl@@23.0.0:4)
11-07 09:11:55.697 W/Bundle  (30718): 	at com.google.android.gms.measurement.internal.zzna.run(com.google.android.gms:play-services-measurement-impl@@23.0.0:5)
11-07 09:11:55.697 W/Bundle  (30718): 	at java.util.concurrent.Executors$RunnableAdapter.call(Executors.java:524)
11-07 09:11:55.697 W/Bundle  (30718): 	at java.util.concurrent.FutureTask.run(FutureTask.java:317)
11-07 09:11:55.697 W/Bundle  (30718): 	at com.google.android.gms.measurement.internal.zzhy.run(com.google.android.gms:play-services-measurement-impl@@23.0.0:6)
11-07 09:11:55.703 D/BaseDepthController( 1073): mSurface is null and mCurrentBlur is: 0
11-07 09:11:55.705 W/Bundle  (30718): Key firebase_analytics_collection_deactivated expected Boolean but value was a java.lang.String.  The default value false was returned.
11-07 09:11:55.705 W/Bundle  (30718): Attempt to cast generated internal exception:
11-07 09:11:55.705 W/Bundle  (30718): java.lang.ClassCastException: java.lang.String cannot be cast to java.lang.Boolean
11-07 09:11:55.705 W/Bundle  (30718): 	at android.os.BaseBundle.getBoolean(BaseBundle.java:1190)
11-07 09:11:55.705 W/Bundle  (30718): 	at android.os.BaseBundle.getBoolean(BaseBundle.java:1143)
11-07 09:11:55.705 W/Bundle  (30718): 	at com.google.android.gms.measurement.internal.zzal.zzr(com.google.android.gms:play-services-measurement-impl@@23.0.0:6)
11-07 09:11:55.705 W/Bundle  (30718): 	at com.google.android.gms.measurement.internal.zzal.zzt(com.google.android.gms:play-services-measurement-impl@@23.0.0:2)
11-07 09:11:55.705 W/Bundle  (30718): 	at com.google.android.gms.measurement.internal.zzic.zzC(com.google.android.gms:play-services-measurement-impl@@23.0.0:3)
11-07 09:11:55.705 W/Bundle  (30718): 	at com.google.android.gms.measurement.internal.zzic.zzB(com.google.android.gms:play-services-measurement-impl@@23.0.0:1)
11-07 09:11:55.705 W/Bundle  (30718): 	at com.google.android.gms.measurement.internal.zzgi.zzh(com.google.android.gms:play-services-measurement-impl@@23.0.0:33)
11-07 09:11:55.705 W/Bundle  (30718): 	at com.google.android.gms.measurement.internal.zznl.zzah(com.google.android.gms:play-services-measurement-impl@@23.0.0:9)
11-07 09:11:55.705 W/Bundle  (30718): 	at com.google.android.gms.measurement.internal.zznl.zzR(com.google.android.gms:play-services-measurement-impl@@23.0.0:3)
11-07 09:11:55.705 W/Bundle  (30718): 	at com.google.android.gms.measurement.internal.zzng.run(Unknown Source:2)
11-07 09:11:55.705 W/Bundle  (30718): 	at com.google.android.gms.measurement.internal.zznl.zzag(com.google.android.gms:play-services-measurement-impl@@23.0.0:6)
11-07 09:11:55.705 W/Bundle  (30718): 	at com.google.android.gms.measurement.internal.zznl.zzL(com.google.android.gms:play-services-measurement-impl@@23.0.0:4)
11-07 09:11:55.705 W/Bundle  (30718): 	at com.google.android.gms.measurement.internal.zzna.run(com.google.android.gms:play-services-measurement-impl@@23.0.0:5)
11-07 09:11:55.705 W/Bundle  (30718): 	at java.util.concurrent.Executors$RunnableAdapter.call(Executors.java:524)
11-07 09:11:55.705 W/Bundle  (30718): 	at java.util.concurrent.FutureTask.run(FutureTask.java:317)
11-07 09:11:55.705 W/Bundle  (30718): 	at com.google.android.gms.measurement.internal.zzhy.run(com.google.android.gms:play-services-measurement-impl@@23.0.0:6)
11-07 09:11:55.705 W/Bundle  (30718): Key firebase_analytics_collection_deactivated expected Boolean but value was a java.lang.String.  The default value false was returned.
11-07 09:11:55.705 W/Bundle  (30718): Attempt to cast generated internal exception:
11-07 09:11:55.705 W/Bundle  (30718): java.lang.ClassCastException: java.lang.String cannot be cast to java.lang.Boolean
11-07 09:11:55.705 W/Bundle  (30718): 	at android.os.BaseBundle.getBoolean(BaseBundle.java:1190)
11-07 09:11:55.705 W/Bundle  (30718): 	at android.os.BaseBundle.getBoolean(BaseBundle.java:1143)
11-07 09:11:55.705 W/Bundle  (30718): 	at com.google.android.gms.measurement.internal.zzal.zzr(com.google.android.gms:play-services-measurement-impl@@23.0.0:6)
11-07 09:11:55.705 W/Bundle  (30718): 	at com.google.android.gms.measurement.internal.zzal.zzt(com.google.android.gms:play-services-measurement-impl@@23.0.0:2)
11-07 09:11:55.705 W/Bundle  (30718): 	at com.google.android.gms.measurement.internal.zzic.zzC(com.google.android.gms:play-services-measurement-impl@@23.0.0:3)
11-07 09:11:55.705 W/Bundle  (30718): 	at com.google.android.gms.measurement.internal.zzic.zzB(com.google.android.gms:play-services-measurement-impl@@23.0.0:1)
11-07 09:11:55.705 W/Bundle  (30718): 	at com.google.android.gms.measurement.internal.zzgi.zzh(com.google.android.gms:play-services-measurement-impl@@23.0.0:37)
11-07 09:11:55.705 W/Bundle  (30718): 	at com.google.android.gms.measurement.internal.zznl.zzah(com.google.android.gms:play-services-measurement-impl@@23.0.0:9)
11-07 09:11:55.705 W/Bundle  (30718): 	at com.google.android.gms.measurement.internal.zznl.zzR(com.google.android.gms:play-services-measurement-impl@@23.0.0:3)
11-07 09:11:55.705 W/Bundle  (30718): 	at com.google.android.gms.measurement.internal.zzng.run(Unknown Source:2)
11-07 09:11:55.705 W/Bundle  (30718): 	at com.google.android.gms.measurement.internal.zznl.zzag(com.google.android.gms:play-services-measurement-impl@@23.0.0:6)
11-07 09:11:55.705 W/Bundle  (30718): 	at com.google.android.gms.measurement.internal.zznl.zzL(com.google.android.gms:play-services-measurement-impl@@23.0.0:4)
11-07 09:11:55.705 W/Bundle  (30718): 	at com.google.android.gms.measurement.internal.zzna.run(com.google.android.gms:play-services-measurement-impl@@23.0.0:5)
11-07 09:11:55.705 W/Bundle  (30718): 	at java.util.concurrent.Executors$RunnableAdapter.call(Executors.java:524)
11-07 09:11:55.705 W/Bundle  (30718): 	at java.util.concurrent.FutureTask.run(FutureTask.java:317)
11-07 09:11:55.705 W/Bundle  (30718): 	at com.google.android.gms.measurement.internal.zzhy.run(com.google.android.gms:play-services-measurement-impl@@23.0.0:6)
11-07 09:11:55.708 I/ReactNativeJS(30718): Running "GermanTelcB1App"
11-07 09:11:55.708 D/AudioSystem(30718): onNewService: media.audio_policy service obtained 0xb4000074b6a6ce80
11-07 09:11:55.709 D/AudioSystem(30718): getService: checking for service media.audio_policy: 0xb4000074b6a6ce80
11-07 09:11:55.709 W/APM::HwModule(  522): getDeviceDescriptor: could not find HW module for device  (AUDIO_DEVICE_OUT_WIRED_HEADSET, 00000004) address 
11-07 09:11:55.709 W/APM::HwModule(  522): getDeviceDescriptor: could not find HW module for device  (AUDIO_DEVICE_OUT_WIRED_HEADPHONE, 00000008) address 
11-07 09:11:55.709 W/APM::HwModule(  522): getDeviceDescriptor: could not find HW module for device  (AUDIO_DEVICE_OUT_USB_HEADSET, 04000000) address 
11-07 09:11:55.710 E/ReactNativeJS(30718): { [Invariant Violation: "GermanTelcB1App" has not been registered. This can happen if:
11-07 09:11:55.710 E/ReactNativeJS(30718): * Metro (the local dev server) is run from the wrong folder. Check if Metro is running, stop it and restart it in the current project.
11-07 09:11:55.710 E/ReactNativeJS(30718): * A module failed to load due to an error and `AppRegistry.registerComponent` wasn't called.] name: 'Invariant Violation', framesToPop: 1 }
11-07 09:11:55.710 W/APM::HwModule(  522): getDeviceDescriptor: could not find HW module for device  (AUDIO_DEVICE_OUT_WIRED_HEADSET, 00000004) address 
11-07 09:11:55.710 W/APM::HwModule(  522): getDeviceDescriptor: could not find HW module for device  (AUDIO_DEVICE_OUT_WIRED_HEADPHONE, 00000008) address 
11-07 09:11:55.710 W/APM::HwModule(  522): getDeviceDescriptor: could not find HW module for device  (AUDIO_DEVICE_OUT_USB_HEADSET, 04000000) address 
11-07 09:11:55.711 W/unknown:BridgelessReact(30718): ReactHost{0}.handleHostException(message = "Invariant Violation: "GermanTelcB1App" has not been registered. This can happen if:
11-07 09:11:55.711 W/unknown:BridgelessReact(30718): * Metro (the local dev server) is run from the wrong folder. Check if Metro is running, stop it and restart it in the current project.
11-07 09:11:55.711 W/unknown:BridgelessReact(30718): * A module failed to load due to an error and `AppRegistry.registerComponent` wasn't called., stack:
11-07 09:11:55.711 W/unknown:BridgelessReact(30718): invariant@1:66603
11-07 09:11:55.711 W/unknown:BridgelessReact(30718): runApplication@1:353635
11-07 09:11:55.711 W/unknown:BridgelessReact(30718): ")
11-07 09:11:55.711 E/AndroidRuntime(30718): FATAL EXCEPTION: mqt_v_native
11-07 09:11:55.711 E/AndroidRuntime(30718): Process: com.mhamada.telcb1german, PID: 30718
11-07 09:11:55.711 E/AndroidRuntime(30718): com.facebook.react.common.JavascriptException: Invariant Violation: "GermanTelcB1App" has not been registered. This can happen if:
11-07 09:11:55.711 E/AndroidRuntime(30718): * Metro (the local dev server) is run from the wrong folder. Check if Metro is running, stop it and restart it in the current project.
11-07 09:11:55.711 E/AndroidRuntime(30718): * A module failed to load due to an error and `AppRegistry.registerComponent` wasn't called., stack:
11-07 09:11:55.711 E/AndroidRuntime(30718): invariant@1:66603
11-07 09:11:55.711 E/AndroidRuntime(30718): runApplication@1:353635
11-07 09:11:55.711 E/AndroidRuntime(30718): 
11-07 09:11:55.711 E/AndroidRuntime(30718): 	at com.facebook.react.modules.core.ExceptionsManagerModule.reportException(ExceptionsManagerModule.kt:52)
11-07 09:11:55.711 E/AndroidRuntime(30718): 	at com.facebook.jni.NativeRunnable.run(Native Method)
11-07 09:11:55.711 E/AndroidRuntime(30718): 	at android.os.Handler.handleCallback(Handler.java:995)
11-07 09:11:55.711 E/AndroidRuntime(30718): 	at android.os.Handler.dispatchMessage(Handler.java:103)
11-07 09:11:55.711 E/AndroidRuntime(30718): 	at com.facebook.react.bridge.queue.MessageQueueThreadHandler.dispatchMessage(MessageQueueThreadHandler.kt:21)
11-07 09:11:55.711 E/AndroidRuntime(30718): 	at android.os.Looper.loopOnce(Looper.java:248)
11-07 09:11:55.711 E/AndroidRuntime(30718): 	at android.os.Looper.loop(Looper.java:338)
11-07 09:11:55.711 E/AndroidRuntime(30718): 	at com.facebook.react.bridge.queue.MessageQueueThreadImpl$Companion.startNewBackgroundThread$lambda$0(MessageQueueThreadImpl.kt:152)
11-07 09:11:55.711 E/AndroidRuntime(30718): 	at com.facebook.react.bridge.queue.MessageQueueThreadImpl$Companion.$r8$lambda$YYXYCFexeoKtAeDpeNYkxZZlpbA(Unknown Source:0)
11-07 09:11:55.711 E/AndroidRuntime(30718): 	at com.facebook.react.bridge.queue.MessageQueueThreadImpl$Companion$$ExternalSyntheticLambda0.run(D8$$SyntheticClass:0)
11-07 09:11:55.711 E/AndroidRuntime(30718): 	at java.lang.Thread.run(Thread.java:1119)
11-07 09:11:55.713 W/ActivityTaskManager(  690):   Force finishing activity com.mhamada.telcb1german/.MainActivity
11-07 09:11:55.714 V/WindowManagerShell(  935): Transition requested (#246): android.os.BinderProxy@76b93e1 TransitionRequestInfo { type = CLOSE, triggerTask = TaskInfo{userId=0 taskId=127 effectiveUid=10217 displayId=0 isRunning=true baseIntent=Intent { act=android.intent.action.MAIN cat=[android.intent.category.LAUNCHER] flg=0x10200000 cmp=com.mhamada.telcb1german/.MainActivity } baseActivity=ComponentInfo{com.mhamada.telcb1german/com.mhamada.telcb1german.MainActivity} topActivity=ComponentInfo{com.mhamada.telcb1german/com.mhamada.telcb1german.MainActivity} origActivity=null realActivity=ComponentInfo{com.mhamada.telcb1german/com.mhamada.telcb1german.MainActivity} numActivities=1 lastActiveTime=161072802 supportsMultiWindow=true resizeMode=1 isResizeable=true minWidth=-1 minHeight=-1 defaultMinSize=220 token=WCT{android.window.IWindowContainerToken$Stub$Proxy@e2b506} topActivityType=1 pictureInPictureParams=null shouldDockBigOverlays=false launchIntoPipHostTaskId=-1 lastParentTaskIdBeforePip=-1 displayCutoutSafeInsets=Rect(0, 0 - 0, 0) topActivityInfo=ActivityInfo{c5317c7 com.mhamada.telcb1german.MainActivity} launchCookies=[android.os.BinderProxy@9d5880b] positionInParent=Point(0, 0) parentTaskId=-1 isFocused=true isVisible=true isVisibleRequested=true isTopActivityNoDisplay=false isSleeping=false locusId=null displayAreaFeatureId=1 isTopActivityTransparent=false isActivityStackTransparent=false lastNonFullscreenBounds=Rect(359, 800 - 1081, 2240) capturedLink=null capturedLinkTimestamp=0 requestedVisibleTypes=-9 topActivityRequestOpenInBrowserEducationTimestamp=0 appCompatTaskInfo=AppCompatTaskInfo { topActivityInSizeCompat=false eligibleForLetterboxEducation= false isLetterboxEducationEnabled= true isLetterboxDoubleTapEnabled= false eligibleForUserAspectRatioButton= false topActivityBoundsLetterboxed= false isFromLetterboxDoubleTap= false topActivityLetterboxVerticalPosition= -1 topActivityLetterboxHorizontalPosition= -1 topActivityLetterboxWidth=-1 topActivityLetterboxHeight=-1 topActivityAppBounds=Rect(0, 0 - 1440, 3040) isUserFullscreenOverrideEnabled=false isSystemFullscreenOverrideEnabled=false hasMinAspectRatioOverride=false topActivityLetterboxBounds=null cameraCompatTaskInfo=CameraCompatTaskInfo { freeformCameraCompatMode=inactive}} topActivityMainWindowFrame=null}, pipChange = null, remoteTransition = null, displayChange = null, flags = 16, debugId = 246 }
11-07 09:11:55.714 I/BpBinder(  531): onLastStrongRef automatically unlinking death recipients: 
11-07 09:11:55.716 I/ActivityManager(  690): Showing crash dialog for package com.mhamada.telcb1german u0
11-07 09:11:55.717 W/unknown:BridgelessReact(30718): ReactHost{0}.onHostPause(activity)
11-07 09:11:55.717 W/unknown:BridgelessReact(30718): ReactContext.onHostPause()
11-07 09:11:55.717 I/resolv  (  463): GetAddrInfoHandler::run: {100 100 100 983140 10217 0}
11-07 09:11:55.718 I/resolv  (  463): res_nmkquery: (QUERY, IN, A)
11-07 09:11:55.718 I/resolv  (  463): resolv_cache_lookup: FOUND IN CACHE entry=0xb400007903be68d0
11-07 09:11:55.718 I/resolv  (  463): doQuery: rcode=0, ancount=2, return value=76
11-07 09:11:55.718 I/resolv  (  463): res_nmkquery: (QUERY, IN, AAAA)
11-07 09:11:55.718 I/resolv  (  463): resolv_cache_lookup: FOUND IN CACHE entry=0xb400007903be7a50
11-07 09:11:55.718 I/resolv  (  463): doQuery: rcode=0, ancount=2, return value=88
11-07 09:11:55.718 D/BaseDepthController( 1073): mSurface is null and mCurrentBlur is: 0
11-07 09:11:55.719 D/BackgroundInstallControlService(  690): Package event received: 0
11-07 09:11:55.719 W/AutofillManagerServiceImpl(  690): getFillEventHistory() called by UID 10139, but service UID is 10144
11-07 09:11:55.723 D/StatsLog( 1073): LAUNCHER_ONRESUME
11-07 09:11:55.726 V/WindowManagerShell(  935): onTransitionReady(transaction=2963527463272)
11-07 09:11:55.726 V/WindowManagerShell(  935): onTransitionReady (#246) android.os.BinderProxy@76b93e1: {id=246 t=CLOSE f=0x10 trk=0 r=[0@Point(0, 0)] c=[
11-07 09:11:55.726 V/WindowManagerShell(  935):         {m=TO_FRONT f=SHOW_WALLPAPER|MOVE_TO_TOP leash=Surface(name=Task=1)/@0xb89f1f4 sb=Rect(0, 0 - 1440, 3040) eb=Rect(0, 0 - 1440, 3040) epz=Point(1440, 3040) d=0 taskParent=-1},
11-07 09:11:55.726 V/WindowManagerShell(  935):         {m=CLOSE f=NONE leash=Surface(name=Task=127)/@0x82c8d1d sb=Rect(0, 0 - 1440, 3040) eb=Rect(0, 0 - 1440, 3040) epz=Point(1440, 3040) d=0 taskParent=-1},
11-07 09:11:55.726 V/WindowManagerShell(  935):         {m=TO_FRONT f=IS_WALLPAPER leash=Surface(name=WallpaperWindowToken{80099b7 showWhenLocked=false})/@0xf651b92 sb=Rect(0, 0 - 1440, 3040) eb=Rect(0, 0 - 1440, 3040) epz=Point(1440, 3040) d=0}
11-07 09:11:55.726 V/WindowManagerShell(  935):     ]}
11-07 09:11:55.726 V/WindowManagerShell(  935): Transition (#246) android.os.BinderProxy@76b93e1@0 ready while (#245) android.os.BinderProxy@31de6fc@0 is still animating. Notify the animating transition in case they can be merged
11-07 09:11:55.727 V/WindowManagerShell(  935):    Merge into remote: RemoteTransition { remoteTransition = android.window.IRemoteTransition$Stub$Proxy@2e076e8, appThread = android.app.IApplicationThread$Stub$Proxy@d3d8101, debugName = QuickstepLaunch }
11-07 09:11:55.727 I/NotificationListener( 1073): Handling notification state refresh for android#0
11-07 09:11:55.727 V/WindowManager(  690): Sent Transition (#246) createdAt=11-07 09:11:55.713 via request=TransitionRequestInfo { type = CLOSE, triggerTask = TaskInfo{userId=0 taskId=127 effectiveUid=10217 displayId=0 isRunning=true baseIntent=Intent { act=android.intent.action.MAIN cat=[android.intent.category.LAUNCHER] flg=0x10200000 cmp=com.mhamada.telcb1german/.MainActivity } baseActivity=ComponentInfo{com.mhamada.telcb1german/com.mhamada.telcb1german.MainActivity} topActivity=ComponentInfo{com.mhamada.telcb1german/com.mhamada.telcb1german.MainActivity} origActivity=null realActivity=ComponentInfo{com.mhamada.telcb1german/com.mhamada.telcb1german.MainActivity} numActivities=1 lastActiveTime=161072802 supportsMultiWindow=true resizeMode=1 isResizeable=true minWidth=-1 minHeight=-1 defaultMinSize=220 token=WCT{RemoteToken{933c373 Task{bf1877e #127 type=standard A=10217:com.mhamada.telcb1german}}} topActivityType=1 pictureInPictureParams=null shouldDockBigOverlays=false launchIntoPipHostTaskId=-1 lastParentTaskIdBeforePip=-1 displayCutoutSafeInsets=Rect(0, 0 - 0, 0) topActivityInfo=ActivityInfo{e897230 com.mhamada.telcb1german.MainActivity} launchCookies=[android.os.BinderProxy@2706ea9] positionInParent=Point(0, 0) parentTaskId=-1 isFocused=true isVisible=true isVisibleRequested=true isTopActivityNoDisplay=false isSleeping=false locusId=null displayAreaFeatureId=1 isTopActivityTransparent=false isActivityStackTransparent=false lastNonFullscreenBounds=Rect(359, 800 - 1081, 2240) capturedLink=null capturedLinkTimestamp=0 requestedVisibleTypes=-9 topActivityRequestOpenInBrowserEducationTimestamp=0 appCompatTaskInfo=AppCompatTaskInfo { topActivityInSizeCompat=false eligibleForLetterboxEducation= false isLetterboxEducationEnabled= true isLetterboxDoubleTapEnabled= false eligibleForUserAspectRatioButton= false topActivityBoundsLetterboxed= false isFromLetterboxDoubleTap= false topActivityLetterboxVerticalPosition= -1 topActivityLetterboxHorizontalPosition= -1 topActivityLetterboxWidth=-1 topActivityLetterboxHeight=-1 topActivityAppBounds=Rect(0, 0 - 1440, 3040) isUserFullscreenOverrideEnabled=false isSystemFullscreenOverrideEnabled=false hasMinAspectRatioOverride=false topActivityLetterboxBounds=null cameraCompatTaskInfo=CameraCompatTaskInfo { freeformCameraCompatMode=inactive}} topActivityMainWindowFrame=null}, pipChange = null, remoteTransition = null, displayChange = null, flags = 16, debugId = 246 }
11-07 09:11:55.727 V/WindowManager(  690):     startWCT=WindowContainerTransaction { changes= {} hops= [] errorCallbackToken=null taskFragmentOrganizer=null }
11-07 09:11:55.727 V/WindowManager(  690):     info={id=246 t=CLOSE f=0x10 trk=0 r=[0@Point(0, 0)] c=[
11-07 09:11:55.727 V/WindowManager(  690):         {WCT{RemoteToken{d63930b Task{8e337f7 #1 type=home}}} m=TO_FRONT f=SHOW_WALLPAPER|MOVE_TO_TOP leash=Surface(name=Task=1)/@0x45b7ff7 sb=Rect(0, 0 - 1440, 3040) eb=Rect(0, 0 - 1440, 3040) epz=Point(1440, 3040) d=0 taskParent=-1},
11-07 09:11:55.727 V/WindowManager(  690):         {WCT{RemoteToken{933c373 Task{bf1877e #127 type=standard A=10217:com.mhamada.telcb1german}}} m=CLOSE f=NONE leash=Surface(name=Task=127)/@0x49af0d7 sb=Rect(0, 0 - 1440, 3040) eb=Rect(0, 0 - 1440, 3040) epz=Point(1440, 3040) d=0 taskParent=-1},
11-07 09:11:55.727 V/WindowManager(  690):         {m=TO_FRONT f=IS_WALLPAPER leash=Surface(name=WallpaperWindowToken{80099b7 showWhenLocked=false})/@0xe87dff6 sb=Rect(0, 0 - 1440, 3040) eb=Rect(0, 0 - 1440, 3040) epz=Point(1440, 3040) d=0}
11-07 09:11:55.727 V/WindowManager(  690):     ]}
11-07 09:11:55.728 D/BackgroundInstallControlService(  690): Package event received: 0
11-07 09:11:55.729 D/BackgroundInstallControlService(  690): Package event received: 0
11-07 09:11:55.730 D/QuickstepModelDelegate( 1073): notifyAppTargetEvent action=1 launchLocation=
11-07 09:11:55.731 I/AiAiEcho( 1655): Predicting[0]:  [CONTEXT sampling_count=5 ]
11-07 09:11:55.731 I/AiAiEcho( 1655): EchoTargets: 
11-07 09:11:55.731 I/AiAiEcho( 1655): Filtered by AiAi flag check: 
11-07 09:11:55.731 I/AiAiEcho( 1655): [CONTEXT ratelimit_period="10 SECONDS" ]
11-07 09:11:55.731 I/AiAiEcho( 1655): #remoteViewsTwiddler: feature disabled.
11-07 09:11:55.731 I/AiAiEcho( 1655): #postPredictionTargets: Sending updates to UISurface home with targets# 0 (types=[])
11-07 09:11:55.732 W/Bundle  (30718): Key firebase_analytics_collection_deactivated expected Boolean but value was a java.lang.String.  The default value false was returned.
11-07 09:11:55.732 W/Bundle  (30718): Attempt to cast generated internal exception:
11-07 09:11:55.732 W/Bundle  (30718): java.lang.ClassCastException: java.lang.String cannot be cast to java.lang.Boolean
11-07 09:11:55.732 W/Bundle  (30718): 	at android.os.BaseBundle.getBoolean(BaseBundle.java:1190)
11-07 09:11:55.732 W/Bundle  (30718): 	at android.os.BaseBundle.getBoolean(BaseBundle.java:1143)
11-07 09:11:55.732 W/Bundle  (30718): 	at com.google.android.gms.measurement.internal.zzal.zzr(com.google.android.gms:play-services-measurement-impl@@23.0.0:6)
11-07 09:11:55.732 W/Bundle  (30718): 	at com.google.android.gms.measurement.internal.zzal.zzt(com.google.android.gms:play-services-measurement-impl@@23.0.0:2)
11-07 09:11:55.732 W/Bundle  (30718): 	at com.google.android.gms.measurement.internal.zzic.zzC(com.google.android.gms:play-services-measurement-impl@@23.0.0:3)
11-07 09:11:55.732 W/Bundle  (30718): 	at com.google.android.gms.measurement.internal.zzic.zzB(com.google.android.gms:play-services-measurement-impl@@23.0.0:1)
11-07 09:11:55.732 W/Bundle  (30718): 	at com.google.android.gms.measurement.internal.zzoa.zzd(com.google.android.gms:play-services-measurement-impl@@23.0.0:3)
11-07 09:11:55.732 W/Bundle  (30718): 	at com.google.android.gms.measurement.internal.zzmb.zzA(com.google.android.gms:play-services-measurement-impl@@23.0.0:5)
11-07 09:11:55.732 W/Bundle  (30718): 	at com.google.android.gms.measurement.internal.zzmb.zzv(Unknown Source:1)
11-07 09:11:55.732 W/Bundle  (30718): 	at com.google.android.gms.measurement.internal.zzlz.run(com.google.android.gms:play-services-measurement-impl@@23.0.0:1)
11-07 09:11:55.732 W/Bundle  (30718): 	at java.util.concurrent.Executors$RunnableAdapter.call(Executors.java:524)
11-07 09:11:55.732 W/Bundle  (30718): 	at java.util.concurrent.FutureTask.run(FutureTask.java:317)
11-07 09:11:55.732 W/Bundle  (30718): 	at com.google.android.gms.measurement.internal.zzhy.run(com.google.android.gms:play-services-measurement-impl@@23.0.0:6)
11-07 09:11:55.733 I/NetworkScheduler( 1252): Error inserting flex_time=8000 job_id=-1 period=18000 source=16 requires_charging=0 preferred_network_type=1 target_class=com.google.android.gms.measurement.PackageMeasurementTaskService user_id=0 target_package=com.google.android.gms tag=Measurement.PackageMeasurementTaskService.UPLOAD_TASK_TAG task_type=0 required_idleness_state=0 service_kind=0 source_version=252635000 persistence_level=1 preferred_charging_state=1 required_network_type=0 runtime=1762503115732 retry_strategy={"maximum_backoff_seconds":{"3600":0},"initial_backoff_seconds":{"30":0},"retry_policy":{"0":0}} last_runtime=0 [CONTEXT service_id=218 ]
11-07 09:11:55.734 V/WindowManagerShell(  935): Transition animation finished (aborted=false), notifying core (#245) android.os.BinderProxy@31de6fc@0
11-07 09:11:55.734 D/b/387844520( 1073): getOutlineOffsetX: measured width = 231, mNormalizedIconSize = 213, last updated width = 231
11-07 09:11:55.734 V/WindowManagerShell(  935): Playing animation for (#246) android.os.BinderProxy@76b93e1@0
11-07 09:11:55.735 V/ShellRecents(  935): RecentsTransitionHandler.startAnimation: no controller found
11-07 09:11:55.735 V/WindowManagerShell(  935): Transition doesn't have explicit remote, search filters for match for {id=246 t=CLOSE f=0x10 trk=0 r=[0@Point(0, 0)] c=[{m=TO_FRONT f=SHOW_WALLPAPER|MOVE_TO_TOP leash=Surface(name=Task=1)/@0xb89f1f4 sb=Rect(0, 0 - 1440, 3040) eb=Rect(0, 0 - 1440, 3040) epz=Point(1440, 3040) d=0 taskParent=-1},{m=CLOSE f=NONE leash=Surface(name=Task=127)/@0x82c8d1d sb=Rect(0, 0 - 1440, 3040) eb=Rect(0, 0 - 1440, 3040) epz=Point(1440, 3040) d=0 taskParent=-1},{m=TO_FRONT f=IS_WALLPAPER leash=Surface(name=WallpaperWindowToken{80099b7 showWhenLocked=false})/@0xf651b92 sb=Rect(0, 0 - 1440, 3040) eb=Rect(0, 0 - 1440, 3040) epz=Point(1440, 3040) d=0}]}
11-07 09:11:55.735 V/WindowManagerShell(  935):  Checking filter Pair{{types=[] flags=0x0] notFlags=0x0 checks=[{atype=undefined independent=true modes=[CLOSE,TO_BACK] flags=IN_TASK_WITH_EMBEDDED_ACTIVITY mustBeTask=false order=ANY topActivity=null launchCookie=null taskFragmentToken=android.os.BinderProxy@57b8258 windowingMode=undefined}]} RemoteTransition { remoteTransition = android.window.IRemoteTransition$Stub$Proxy@f5d7fb1, appThread = android.app.IApplicationThread$Stub$Proxy@b9d7c96, debugName = overlayBackTransition }}
11-07 09:11:55.735 V/WindowManagerShell(  935):  Checking filter Pair{{types=[] flags=0x0] notFlags=0x0 checks=[{atype=dream independent=true modes=[OPEN,TO_FRONT] flags=NONE mustBeTask=false order=ANY topActivity=null launchCookie=null windowingMode=undefined},{atype=home independent=true modes=[CLOSE,TO_BACK] flags=NONE mustBeTask=false order=ANY topActivity=null launchCookie=null windowingMode=undefined}]} RemoteTransition { remoteTransition = android.window.IRemoteTransition$Stub$Proxy@7526c04, appThread = android.app.IApplicationThread$Stub$Proxy@a1965ed, debugName = LauncherToDream }}
11-07 09:11:55.734 V/WindowManager(  690): Finish Transition (#245): created at 11-07 09:11:55.532 collect-started=0.066ms request-sent=11.249ms started=26.32ms ready=50.059ms sent=50.702ms commit=19.4ms finished=202.303ms
11-07 09:11:55.735 V/WindowManagerShell(  935):  Checking filter Pair{{types=[] flags=0x0] notFlags=0x100 checks=[{atype=home independent=true modes=[OPEN,TO_FRONT] flags=NONE mustBeTask=false order=TOP topActivity=ComponentInfo{com.google.android.apps.nexuslauncher/com.google.android.apps.nexuslauncher.NexusLauncherActivity} launchCookie=null windowingMode=undefined},{atype=standard independent=true modes=[CLOSE,TO_BACK] flags=NONE mustBeTask=false order=ANY topActivity=null launchCookie=null windowingMode=undefined},{NOT atype=undefined independent=true modes=[] flags=NONE mustBeTask=true order=ANY topActivity=null launchCookie=null customAnim=true windowingMode=undefined}]} RemoteTransition { remoteTransition = android.window.IRemoteTransition$Stub$Proxy@c2ccc22, appThread = android.app.IApplicationThread$Stub$Proxy@99176b3, debugName = QuickstepLaunchHome }}
11-07 09:11:55.735 D/RemoteTransitionHandler(  935): Found filterPair{{types=[] flags=0x0] notFlags=0x100 checks=[{atype=home independent=true modes=[OPEN,TO_FRONT] flags=NONE mustBeTask=false order=TOP topActivity=ComponentInfo{com.google.android.apps.nexuslauncher/com.google.android.apps.nexuslauncher.NexusLauncherActivity} launchCookie=null windowingMode=undefined},{atype=standard independent=true modes=[CLOSE,TO_BACK] flags=NONE mustBeTask=false order=ANY topActivity=null launchCookie=null windowingMode=undefined},{NOT atype=undefined independent=true modes=[] flags=NONE mustBeTask=true order=ANY topActivity=null launchCookie=null customAnim=true windowingMode=undefined}]} RemoteTransition { remoteTransition = android.window.IRemoteTransition$Stub$Proxy@c2ccc22, appThread = android.app.IApplicationThread$Stub$Proxy@99176b3, debugName = QuickstepLaunchHome }}
11-07 09:11:55.735 V/WindowManagerShell(  935):  Delegate animation for (#246) to RemoteTransition { remoteTransition = android.window.IRemoteTransition$Stub$Proxy@c2ccc22, appThread = android.app.IApplicationThread$Stub$Proxy@99176b3, debugName = QuickstepLaunchHome }
11-07 09:11:55.735 V/WindowManagerShell(  935):  animated by com.android.wm.shell.transition.RemoteTransitionHandler@c7cd4c0
11-07 09:11:55.738 D/CoreBackPreview(  690): Window{a90f75a u0 Application Error: com.mhamada.telcb1german}: Setting back callback OnBackInvokedCallbackInfo{mCallback=android.window.WindowOnBackInvokedDispatcher$OnBackInvokedCallbackWrapper@719e280, mPriority=-1, mIsAnimationCallback=false, mOverrideBehavior=0}
11-07 09:11:55.741 D/StateManager( 1073): cancelAnimation - with ongoing animation, partial trace:
11-07 09:11:55.741 D/StateManager( 1073): 	at com.android.launcher3.statemanager.StateManager.setCurrentAnimation(go/retraceme 43e00d9cd0eb17b3d9dd30fc1741b1c71445c4c0f7c8c9b81300265c86c5b873:15)
11-07 09:11:55.741 D/StateManager( 1073): 	at com.android.launcher3.QuickstepTransitionManager.createWallpaperOpenAnimations(go/retraceme 43e00d9cd0eb17b3d9dd30fc1741b1c71445c4c0f7c8c9b81300265c86c5b873:298)
11-07 09:11:55.741 D/StateManager( 1073): 	at com.android.launcher3.QuickstepTransitionManager$WallpaperOpenLauncherAnimationRunner.onAnimationStart(go/retraceme 43e00d9cd0eb17b3d9dd30fc1741b1c71445c4c0f7c8c9b81300265c86c5b873:17)
11-07 09:11:55.742 I/s.nexuslauncher( 1073): AssetManager2(0xb400007426ae0c98) locale list changing from [] to [en-US]
11-07 09:11:55.743 D/BaseDepthController( 1073): mSurface is null and mCurrentBlur is: 0
11-07 09:11:55.743 D/SsBaseTemplateCard( 1073): No text view can be set up
11-07 09:11:55.743 D/SsBaseTemplateCard( 1073): Passed-in item info is null
11-07 09:11:55.743 D/SsBaseTemplateCard( 1073): Passed-in item info is null
11-07 09:11:55.743 D/SsBaseTemplateCard( 1073): Passed-in item info is null
11-07 09:11:55.743 I/SsBaseTemplateCard( 1073): Secondary card pane is null
11-07 09:11:55.744 D/KeyboardInsetsHandler( 1073): setState, toState:AllApps StateManager(mLastStableState:Normal, mCurrentStableState:AllApps, mState:AllApps, mRestState:null, isInTransition:false)
11-07 09:11:55.744 D/StateManager( 1073): onStateTransitionEnd - state: AllApps
11-07 09:11:55.744 D/RecentsView( 1073): reset - mEnableDrawingLiveTile: false, mRecentsAnimationController: null
11-07 09:11:55.744 D/b/311077782( 1073): LauncherAnimationRunner.setAnimation
11-07 09:11:55.744 D/StatsLog( 1073): LAUNCHER_GOOGLE_SEARCH_GMS_PLAY_INIT_CHANNEL
11-07 09:11:55.745 D/StatsLog( 1073): LAUNCHER_GOOGLE_SEARCH_GMS_PLAY_EMPTY_COMPONENT_NAME
11-07 09:11:55.745 E/GmsPlayProvider( 1073): Failed to create component
11-07 09:11:55.746 W/System  ( 1073): A resource failed to call release. 
11-07 09:11:55.746 W/System  ( 1073): A resource failed to call release. 
11-07 09:11:55.746 W/System  ( 1073): A resource failed to call release. 
11-07 09:11:55.754 W/android.hardware.audio@7.1-impl.ranchu(  469): pcmWrite:259 pcm_writei failed with 'cannot read/write stream data: I/O error' (-1)
11-07 09:11:55.754 E/android.hardware.audio@7.1-impl.ranchu(  469): pcmWrite:260 failure: -1
11-07 09:11:55.754 W/HWUI    ( 1073): Image decoding logging dropped!
11-07 09:11:55.757 D/SearchTargetUtil( 1073): queryLength=0 size=4
11-07 09:11:55.757 D/SearchTargetUtil( 1073): layoutType=educard resultType=524288 packageName=
11-07 09:11:55.757 D/SearchTargetUtil( 1073): layoutType=empty_divider resultType=262144 packageName=
11-07 09:11:55.757 D/SearchTargetUtil( 1073): layoutType=placeholder resultType=131072 packageName=com.google.android.googlequicksearchbox
11-07 09:11:55.757 D/SearchTargetUtil( 1073): layoutType=empty_divider resultType=262144 packageName=
11-07 09:11:55.760 W/HWUI    ( 1073): Image decoding logging dropped!
11-07 09:11:55.780 E/com.facebook.GraphResponse(30718): {HttpStatus: 400, errorCode: 190, subErrorCode: -1, errorType: OAuthException, errorMessage: Error validating application. Invalid application ID.}
11-07 09:11:55.782 E/com.facebook.GraphResponse(30718): {HttpStatus: 400, errorCode: 190, subErrorCode: -1, errorType: OAuthException, errorMessage: Error validating application. Invalid application ID.}
11-07 09:11:55.801 I/RanchuHwc(  487): logCompositionFallbackIfChanged: layer 2064 CompositionType fallback from 2 to 1
11-07 09:11:55.801 I/RanchuHwc(  487): logCompositionFallbackIfChanged: layer 2063 CompositionType fallback from 2 to 1
11-07 09:11:55.803 E/com.facebook.GraphResponse(30718): {HttpStatus: 400, errorCode: 190, subErrorCode: -1, errorType: OAuthException, errorMessage: Error validating application. Invalid application ID.}
11-07 09:11:55.818 I/RanchuHwc(  487): logCompositionFallbackIfChanged: layer 2065 CompositionType fallback from 3 to 1
11-07 09:11:55.862 W/android.hardware.audio@7.1-impl.ranchu(  469): pcmWrite:259 pcm_writei failed with 'cannot read/write stream data: I/O error' (-1)
11-07 09:11:55.862 E/android.hardware.audio@7.1-impl.ranchu(  469): pcmWrite:260 failure: -1
11-07 09:11:55.871 E/com.facebook.GraphResponse(30718): {HttpStatus: 400, errorCode: 190, subErrorCode: -1, errorType: OAuthException, errorMessage: Error validating application. Invalid application ID.}
11-07 09:11:55.902 E/com.facebook.GraphResponse(30718): {HttpStatus: 400, errorCode: 190, subErrorCode: -1, errorType: OAuthException, errorMessage: Error validating application. Invalid application ID.}
11-07 09:11:55.908 E/com.facebook.GraphResponse(30718): {HttpStatus: 400, errorCode: 190, subErrorCode: -1, errorType: OAuthException, errorMessage: Error validating application. Invalid application ID.}
11-07 09:11:55.955 E/com.facebook.GraphResponse(30718): {HttpStatus: 400, errorCode: 190, subErrorCode: -1, errorType: OAuthException, errorMessage: Error validating application. Invalid application ID.}
11-07 09:11:55.962 W/android.hardware.audio@7.1-impl.ranchu(  469): pcmWrite:259 pcm_writei failed with 'cannot read/write stream data: I/O error' (-1)
11-07 09:11:55.962 E/android.hardware.audio@7.1-impl.ranchu(  469): pcmWrite:260 failure: -1
11-07 09:11:56.031 E/com.facebook.GraphResponse(30718): {HttpStatus: 400, errorCode: 190, subErrorCode: -1, errorType: OAuthException, errorMessage: Error validating application. Invalid application ID.}
11-07 09:11:56.054 W/IPCThreadState(  598): Sending oneway calls to frozen process.
11-07 09:11:56.054 W/IPCThreadState(  598): Sending oneway calls to frozen process.
11-07 09:11:56.054 W/IPCThreadState(  598): Sending oneway calls to frozen process.
11-07 09:11:56.054 V/WindowManagerShell(  935): Transition animation finished (aborted=false), notifying core (#246) android.os.BinderProxy@76b93e1@0
11-07 09:11:56.055 V/WindowManager(  690): Finish Transition (#246): created at 11-07 09:11:55.713 collect-started=0.011ms request-sent=0.279ms started=3.009ms ready=9.51ms sent=10.843ms commit=28.832ms finished=341.837ms
11-07 09:11:56.055 V/WindowManagerShell(  935): Track 0 became idle
11-07 09:11:56.055 V/WindowManagerShell(  935): All active transition animations finished
11-07 09:11:56.056 D/VRI[MainActivity](30718): visibilityChanged oldVisibility=true newVisibility=false
11-07 09:11:56.066 W/android.hardware.audio@7.1-impl.ranchu(  469): pcmWrite:259 pcm_writei failed with 'cannot read/write stream data: I/O error' (-1)
11-07 09:11:56.066 E/android.hardware.audio@7.1-impl.ranchu(  469): pcmWrite:260 failure: -1
11-07 09:11:56.073 W/WindowOnBackDispatcher(30718): sendCancelIfRunning: isInProgress=false callback=androidx.activity.OnBackPressedDispatcher$Api34Impl$createOnBackAnimationCallback$1@55a1fd1
11-07 09:11:56.073 D/CoreBackPreview(  690): Window{bfc209a u0 com.mhamada.telcb1german/com.mhamada.telcb1german.MainActivity}: Setting back callback OnBackInvokedCallbackInfo{mCallback=android.window.IOnBackInvokedCallback$Stub$Proxy@ab7f561, mPriority=-1, mIsAnimationCallback=false, mOverrideBehavior=0}
11-07 09:11:56.075 W/WindowOnBackDispatcher(30718): sendCancelIfRunning: isInProgress=false callback=android.app.Activity$$ExternalSyntheticLambda0@440ef8
11-07 09:11:56.075 D/CoreBackPreview(  690): Window{bfc209a u0 com.mhamada.telcb1german/com.mhamada.telcb1german.MainActivity}: Setting back callback null
11-07 09:11:56.075 W/unknown:BridgelessReact(30718): ReactHost{0}.stopSurface(surfaceId = 1): Schedule
11-07 09:11:56.075 W/unknown:BridgelessReact(30718): ReactHost{0}.detachSurface(surfaceId = 1)
11-07 09:11:56.075 W/unknown:BridgelessReact(30718): ReactHost{0}.onHostDestroy(activity)
11-07 09:11:56.075 W/unknown:BridgelessReact(30718): ReactContext.onHostDestroy()
11-07 09:11:56.075 W/unknown:BridgelessReact(30718): ReactHost{0}.stopSurface(surfaceId = 1): Execute
11-07 09:11:56.075 E/unknown:SurfaceMountingManager(30718): Stopping surface [1]
11-07 09:11:56.075 E/unknown:ReactNative(30718): Tried to remove non-existent frame callback
11-07 09:11:56.075 E/ReactNativeJS(30718): [Error: Non-js exception: AppRegistryBinding::stopSurface failed. Global was not installed.]
11-07 09:11:56.076 D/ViewRootImpl(30718): Skipping stats log for color mode
11-07 09:11:56.076 E/unknown:SurfaceMountingManager(30718): Surface [1] was stopped on SurfaceMountingManager.
11-07 09:11:56.077 D/BackgroundInstallControlService(  690): Package event received: 0
11-07 09:11:56.087 D/RecentsView( 1073): onTaskRemoved: 127, not handling task stack changes
11-07 09:11:56.087 D/RecentsView( 1073): onTaskRemoved: 127, not handling task stack changes
11-07 09:11:56.152 I/FontLog ( 1252): Received query Noto Color Emoji Compat, URI content://com.google.android.gms.fonts [CONTEXT service_id=132 ]
11-07 09:11:56.152 I/FontLog ( 1252): Query [emojicompat-emoji-font] resolved to {Noto Color Emoji Compat, wdth 100.0, wght 400, ital 0.0, bestEffort false}, isVf false} [CONTEXT service_id=132 ]
11-07 09:11:56.153 I/FontLog ( 1252): Fetch {Noto Color Emoji Compat, wdth 100.0, wght 400, ital 0.0, bestEffort false}, isVf false} end status Status{statusCode=SUCCESS, resolution=null} [CONTEXT service_id=132 ]
11-07 09:11:56.154 I/FontLog ( 1252): Pulling font file for id = 184, cache size = 6 [CONTEXT service_id=132 ]
11-07 09:11:56.154 E/com.facebook.GraphResponse(30718): {HttpStatus: 400, errorCode: 190, subErrorCode: -1, errorType: OAuthException, errorMessage: Error validating application. Invalid application ID.}
11-07 09:11:56.156 I/FontLog ( 1252): Pulling font file for id = 184, cache size = 6 [CONTEXT service_id=132 ]
11-07 09:11:56.174 W/android.hardware.audio@7.1-impl.ranchu(  469): pcmWrite:259 pcm_writei failed with 'cannot read/write stream data: I/O error' (-1)
11-07 09:11:56.174 E/android.hardware.audio@7.1-impl.ranchu(  469): pcmWrite:260 failure: -1
11-07 09:11:56.278 W/android.hardware.audio@7.1-impl.ranchu(  469): pcmWrite:259 pcm_writei failed with 'cannot read/write stream data: I/O error' (-1)
11-07 09:11:56.278 E/android.hardware.audio@7.1-impl.ranchu(  469): pcmWrite:260 failure: -1
11-07 09:11:56.281 E/com.facebook.GraphResponse(30718): {HttpStatus: 400, errorCode: 190, subErrorCode: -1, errorType: OAuthException, errorMessage: Error validating application. Invalid application ID.}
11-07 09:11:56.384 W/android.hardware.audio@7.1-impl.ranchu(  469): pcmWrite:259 pcm_writei failed with 'cannot read/write stream data: I/O error' (-1)
11-07 09:11:56.384 E/android.hardware.audio@7.1-impl.ranchu(  469): pcmWrite:260 failure: -1
11-07 09:11:56.406 E/com.facebook.GraphResponse(30718): {HttpStatus: 400, errorCode: 190, subErrorCode: -1, errorType: OAuthException, errorMessage: Error validating application. Invalid application ID.}
11-07 09:11:56.424 I/bluetooth(24054): system/gd/hal/snoop_logger.cc:368 delete_btsnoop_files: Deleting logs if they exist
11-07 09:11:56.427 I/bluetooth(24054): system/gd/hal/snoop_logger.cc:382 delete_btsnoop_files: Last log file does not exist at "/data/misc/bluetooth/logs/btsnooz_hci.log"
11-07 09:11:56.486 W/android.hardware.audio@7.1-impl.ranchu(  469): pcmWrite:259 pcm_writei failed with 'cannot read/write stream data: I/O error' (-1)
11-07 09:11:56.486 E/android.hardware.audio@7.1-impl.ranchu(  469): pcmWrite:260 failure: -1
11-07 09:11:56.539 D/SatelliteController( 1062): iisInCarrierRoamingNbIotNtn: satellite is disabled
11-07 09:11:56.590 W/android.hardware.audio@7.1-impl.ranchu(  469): pcmWrite:259 pcm_writei failed with 'cannot read/write stream data: I/O error' (-1)
11-07 09:11:56.590 E/android.hardware.audio@7.1-impl.ranchu(  469): pcmWrite:260 failure: -1
11-07 09:11:56.604 I/NearbyMediums( 1252): No BLE Fast/GATT advertisements found in the latest cycle.
11-07 09:11:56.697 W/android.hardware.audio@7.1-impl.ranchu(  469): pcmWrite:259 pcm_writei failed with 'cannot read/write stream data: I/O error' (-1)
11-07 09:11:56.697 E/android.hardware.audio@7.1-impl.ranchu(  469): pcmWrite:260 failure: -1
11-07 09:11:56.801 W/android.hardware.audio@7.1-impl.ranchu(  469): pcmWrite:259 pcm_writei failed with 'cannot read/write stream data: I/O error' (-1)
11-07 09:11:56.801 E/android.hardware.audio@7.1-impl.ranchu(  469): pcmWrite:260 failure: -1
11-07 09:11:56.902 W/android.hardware.audio@7.1-impl.ranchu(  469): pcmWrite:259 pcm_writei failed with 'cannot read/write stream data: I/O error' (-1)
11-07 09:11:56.902 E/android.hardware.audio@7.1-impl.ranchu(  469): pcmWrite:260 failure: -1
11-07 09:11:57.007 W/android.hardware.audio@7.1-impl.ranchu(  469): pcmWrite:259 pcm_writei failed with 'cannot read/write stream data: I/O error' (-1)
11-07 09:11:57.007 E/android.hardware.audio@7.1-impl.ranchu(  469): pcmWrite:260 failure: -1
11-07 09:11:57.110 W/android.hardware.audio@7.1-impl.ranchu(  469): pcmWrite:259 pcm_writei failed with 'cannot read/write stream data: I/O error' (-1)
11-07 09:11:57.110 E/android.hardware.audio@7.1-impl.ranchu(  469): pcmWrite:260 failure: -1
11-07 09:11:57.214 W/android.hardware.audio@7.1-impl.ranchu(  469): pcmWrite:259 pcm_writei failed with 'cannot read/write stream data: I/O error' (-1)
11-07 09:11:57.214 E/android.hardware.audio@7.1-impl.ranchu(  469): pcmWrite:260 failure: -1
11-07 09:11:57.318 W/android.hardware.audio@7.1-impl.ranchu(  469): pcmWrite:259 pcm_writei failed with 'cannot read/write stream data: I/O error' (-1)
11-07 09:11:57.318 E/android.hardware.audio@7.1-impl.ranchu(  469): pcmWrite:260 failure: -1
11-07 09:11:57.422 W/android.hardware.audio@7.1-impl.ranchu(  469): pcmWrite:259 pcm_writei failed with 'cannot read/write stream data: I/O error' (-1)
11-07 09:11:57.422 E/android.hardware.audio@7.1-impl.ranchu(  469): pcmWrite:260 failure: -1
11-07 09:11:57.509 W/IPCThreadState(  598): Sending oneway calls to frozen process.
11-07 09:11:57.509 W/IPCThreadState(  598): Sending oneway calls to frozen process.
11-07 09:11:57.509 W/IPCThreadState(  598): Sending oneway calls to frozen process.
11-07 09:11:57.527 W/android.hardware.audio@7.1-impl.ranchu(  469): pcmWrite:259 pcm_writei failed with 'cannot read/write stream data: I/O error' (-1)
11-07 09:11:57.527 E/android.hardware.audio@7.1-impl.ranchu(  469): pcmWrite:260 failure: -1
11-07 09:11:57.528 I/netd    (  463): tetherGetStats() -> {[]} <1.12ms>
11-07 09:11:57.632 W/android.hardware.audio@7.1-impl.ranchu(  469): pcmWrite:259 pcm_writei failed with 'cannot read/write stream data: I/O error' (-1)
11-07 09:11:57.633 E/android.hardware.audio@7.1-impl.ranchu(  469): pcmWrite:260 failure: -1
11-07 09:11:57.735 I/FA      (30718): Application backgrounded at: timestamp_millis: 1762503115733
